20:30:07 **** Incremental Build of configuration Debug for project Temp ****
make -j16 all 
arm-none-eabi-gcc "../Core/Src/main.c" -mcpu=cortex-m4 -std=gnu11 -g3 -DDEBUG -DUSE_HAL_DRIVER -DSTM32F411xE -c -I../Core/Inc -I../Drivers/STM32F4xx_HAL_Driver/Inc -I../Drivers/STM32F4xx_HAL_Driver/Inc/Legacy -I../Drivers/CMSIS/Device/ST/STM32F4xx/Include -I../Drivers/CMSIS/Include -I../Middlewares/Third_Party/FreeRTOS/Source/include -I../Middlewares/Third_Party/FreeRTOS/Source/CMSIS_RTOS -I../Middlewares/Third_Party/FreeRTOS/Source/portable/GCC/ARM_CM4F -O0 -ffunction-sections -fdata-sections -Wall -fstack-usage -fcyclomatic-complexity -MMD -MP -MF"Core/Src/main.d" -MT"Core/Src/main.o" --specs=nano.specs -mfpu=fpv4-sp-d16 -mfloat-abi=hard -mthumb -o "Core/Src/main.o"
arm-none-eabi-gcc "../Core/Src/menuHandler.c" -mcpu=cortex-m4 -std=gnu11 -g3 -DDEBUG -DUSE_HAL_DRIVER -DSTM32F411xE -c -I../Core/Inc -I../Drivers/STM32F4xx_HAL_Driver/Inc -I../Drivers/STM32F4xx_HAL_Driver/Inc/Legacy -I../Drivers/CMSIS/Device/ST/STM32F4xx/Include -I../Drivers/CMSIS/Include -I../Middlewares/Third_Party/FreeRTOS/Source/include -I../Middlewares/Third_Party/FreeRTOS/Source/CMSIS_RTOS -I../Middlewares/Third_Party/FreeRTOS/Source/portable/GCC/ARM_CM4F -O0 -ffunction-sections -fdata-sections -Wall -fstack-usage -fcyclomatic-complexity -MMD -MP -MF"Core/Src/menuHandler.d" -MT"Core/Src/menuHandler.o" --specs=nano.specs -mfpu=fpv4-sp-d16 -mfloat-abi=hard -mthumb -o "Core/Src/menuHandler.o"
arm-none-eabi-gcc -o "Temp.elf" @"objects.list"   -mcpu=cortex-m4 -T"C:\Users\48791\Desktop\PMIK\pmik_2024l_jd\MJworkspace_due_to_different_Board\Temp\STM32F411VETX_FLASH.ld" --specs=nosys.specs -Wl,-Map="Temp.map" -Wl,--gc-sections -static --specs=nano.specs -mfpu=fpv4-sp-d16 -mfloat-abi=hard -mthumb -Wl,--start-group -lc -lm -Wl,--end-group
Finished building target: Temp.elf
 
arm-none-eabi-size  Temp.elf 
arm-none-eabi-objdump -h -S Temp.elf  > "Temp.list"
   text	   data	    bss	    dec	    hex	filename
  18712	    236	  18444	  37392	   9210	Temp.elf
Finished building: default.size.stdout
 
Finished building: Temp.list
 
20:30:23 **** Incremental Build of configuration Debug for project Temp ****
make -j16 all 
arm-none-eabi-gcc "../Core/Src/main.c" -mcpu=cortex-m4 -std=gnu11 -g3 -DDEBUG -DUSE_HAL_DRIVER -DSTM32F411xE -c -I../Core/Inc -I../Drivers/STM32F4xx_HAL_Driver/Inc -I../Drivers/STM32F4xx_HAL_Driver/Inc/Legacy -I../Drivers/CMSIS/Device/ST/STM32F4xx/Include -I../Drivers/CMSIS/Include -I../Middlewares/Third_Party/FreeRTOS/Source/include -I../Middlewares/Third_Party/FreeRTOS/Source/CMSIS_RTOS -I../Middlewares/Third_Party/FreeRTOS/Source/portable/GCC/ARM_CM4F -O0 -ffunction-sections -fdata-sections -Wall -fstack-usage -fcyclomatic-complexity -MMD -MP -MF"Core/Src/main.d" -MT"Core/Src/main.o" --specs=nano.specs -mfpu=fpv4-sp-d16 -mfloat-abi=hard -mthumb -o "Core/Src/main.o"
arm-none-eabi-gcc -o "Temp.elf" @"objects.list"   -mcpu=cortex-m4 -T"C:\Users\48791\Desktop\PMIK\pmik_2024l_jd\MJworkspace_due_to_different_Board\Temp\STM32F411VETX_FLASH.ld" --specs=nosys.specs -Wl,-Map="Temp.map" -Wl,--gc-sections -static --specs=nano.specs -mfpu=fpv4-sp-d16 -mfloat-abi=hard -mthumb -Wl,--start-group -lc -lm -Wl,--end-group
Finished building target: Temp.elf
 
arm-none-eabi-size  Temp.elf 
arm-none-eabi-objdump -h -S Temp.elf  > "Temp.list"
   text	   data	    bss	    dec	    hex	filename
  18712	    236	  18444	  37392	   9210	Temp.elf
Finished building: default.size.stdout
 
Finished building: Temp.list
 
20:31:12 **** Incremental Build of configuration Debug for project Temp ****
make -j16 all 
arm-none-eabi-gcc "../Core/Src/main.c" -mcpu=cortex-m4 -std=gnu11 -g3 -DDEBUG -DUSE_HAL_DRIVER -DSTM32F411xE -c -I../Core/Inc -I../Drivers/STM32F4xx_HAL_Driver/Inc -I../Drivers/STM32F4xx_HAL_Driver/Inc/Legacy -I../Drivers/CMSIS/Device/ST/STM32F4xx/Include -I../Drivers/CMSIS/Include -I../Middlewares/Third_Party/FreeRTOS/Source/include -I../Middlewares/Third_Party/FreeRTOS/Source/CMSIS_RTOS -I../Middlewares/Third_Party/FreeRTOS/Source/portable/GCC/ARM_CM4F -O0 -ffunction-sections -fdata-sections -Wall -fstack-usage -fcyclomatic-complexity -MMD -MP -MF"Core/Src/main.d" -MT"Core/Src/main.o" --specs=nano.specs -mfpu=fpv4-sp-d16 -mfloat-abi=hard -mthumb -o "Core/Src/main.o"
arm-none-eabi-gcc -o "Temp.elf" @"objects.list"   -mcpu=cortex-m4 -T"C:\Users\48791\Desktop\PMIK\pmik_2024l_jd\MJworkspace_due_to_different_Board\Temp\STM32F411VETX_FLASH.ld" --specs=nosys.specs -Wl,-Map="Temp.map" -Wl,--gc-sections -static --specs=nano.specs -mfpu=fpv4-sp-d16 -mfloat-abi=hard -mthumb -Wl,--start-group -lc -lm -Wl,--end-group
Finished building target: Temp.elf
 
arm-none-eabi-size  Temp.elf 
arm-none-eabi-objdump -h -S Temp.elf  > "Temp.list"
   text	   data	    bss	    dec	    hex	filename
  18536	    220	  18444	  37200	   9150	Temp.elf
Finished building: default.size.stdout
 
Finished building: Temp.list
 
20:32:12 **** Incremental Build of configuration Debug for project Temp ****
make -j16 all 
arm-none-eabi-gcc "../Core/Src/main.c" -mcpu=cortex-m4 -std=gnu11 -g3 -DDEBUG -DUSE_HAL_DRIVER -DSTM32F411xE -c -I../Core/Inc -I../Drivers/STM32F4xx_HAL_Driver/Inc -I../Drivers/STM32F4xx_HAL_Driver/Inc/Legacy -I../Drivers/CMSIS/Device/ST/STM32F4xx/Include -I../Drivers/CMSIS/Include -I../Middlewares/Third_Party/FreeRTOS/Source/include -I../Middlewares/Third_Party/FreeRTOS/Source/CMSIS_RTOS -I../Middlewares/Third_Party/FreeRTOS/Source/portable/GCC/ARM_CM4F -O0 -ffunction-sections -fdata-sections -Wall -fstack-usage -fcyclomatic-complexity -MMD -MP -MF"Core/Src/main.d" -MT"Core/Src/main.o" --specs=nano.specs -mfpu=fpv4-sp-d16 -mfloat-abi=hard -mthumb -o "Core/Src/main.o"
arm-none-eabi-gcc -o "Temp.elf" @"objects.list"   -mcpu=cortex-m4 -T"C:\Users\48791\Desktop\PMIK\pmik_2024l_jd\MJworkspace_due_to_different_Board\Temp\STM32F411VETX_FLASH.ld" --specs=nosys.specs -Wl,-Map="Temp.map" -Wl,--gc-sections -static --specs=nano.specs -mfpu=fpv4-sp-d16 -mfloat-abi=hard -mthumb -Wl,--start-group -lc -lm -Wl,--end-group
Finished building target: Temp.elf
 
arm-none-eabi-size  Temp.elf 
arm-none-eabi-objdump -h -S Temp.elf  > "Temp.list"
   text	   data	    bss	    dec	    hex	filename
  18520	    220	  18444	  37184	   9140	Temp.elf
Finished building: default.size.stdout
 
Finished building: Temp.list
 
20:34:36 **** Incremental Build of configuration Debug for project Temp ****
make -j16 all 
arm-none-eabi-gcc "../Core/Src/main.c" -mcpu=cortex-m4 -std=gnu11 -g3 -DDEBUG -DUSE_HAL_DRIVER -DSTM32F411xE -c -I../Core/Inc -I../Drivers/STM32F4xx_HAL_Driver/Inc -I../Drivers/STM32F4xx_HAL_Driver/Inc/Legacy -I../Drivers/CMSIS/Device/ST/STM32F4xx/Include -I../Drivers/CMSIS/Include -I../Middlewares/Third_Party/FreeRTOS/Source/include -I../Middlewares/Third_Party/FreeRTOS/Source/CMSIS_RTOS -I../Middlewares/Third_Party/FreeRTOS/Source/portable/GCC/ARM_CM4F -O0 -ffunction-sections -fdata-sections -Wall -fstack-usage -fcyclomatic-complexity -MMD -MP -MF"Core/Src/main.d" -MT"Core/Src/main.o" --specs=nano.specs -mfpu=fpv4-sp-d16 -mfloat-abi=hard -mthumb -o "Core/Src/main.o"
arm-none-eabi-gcc -o "Temp.elf" @"objects.list"   -mcpu=cortex-m4 -T"C:\Users\48791\Desktop\PMIK\pmik_2024l_jd\MJworkspace_due_to_different_Board\Temp\STM32F411VETX_FLASH.ld" --specs=nosys.specs -Wl,-Map="Temp.map" -Wl,--gc-sections -static --specs=nano.specs -mfpu=fpv4-sp-d16 -mfloat-abi=hard -mthumb -Wl,--start-group -lc -lm -Wl,--end-group
Finished building target: Temp.elf
 
arm-none-eabi-size  Temp.elf 
arm-none-eabi-objdump -h -S Temp.elf  > "Temp.list"
   text	   data	    bss	    dec	    hex	filename
  18584	    208	  18448	  37240	   9178	Temp.elf
Finished building: default.size.stdout
 
Finished building: Temp.list
 
20:36:16 **** Incremental Build of configuration Debug for project Temp ****
make -j16 all 
arm-none-eabi-gcc "../Core/Src/main.c" -mcpu=cortex-m4 -std=gnu11 -g3 -DDEBUG -DUSE_HAL_DRIVER -DSTM32F411xE -c -I../Core/Inc -I../Drivers/STM32F4xx_HAL_Driver/Inc -I../Drivers/STM32F4xx_HAL_Driver/Inc/Legacy -I../Drivers/CMSIS/Device/ST/STM32F4xx/Include -I../Drivers/CMSIS/Include -I../Middlewares/Third_Party/FreeRTOS/Source/include -I../Middlewares/Third_Party/FreeRTOS/Source/CMSIS_RTOS -I../Middlewares/Third_Party/FreeRTOS/Source/portable/GCC/ARM_CM4F -O0 -ffunction-sections -fdata-sections -Wall -fstack-usage -fcyclomatic-complexity -MMD -MP -MF"Core/Src/main.d" -MT"Core/Src/main.o" --specs=nano.specs -mfpu=fpv4-sp-d16 -mfloat-abi=hard -mthumb -o "Core/Src/main.o"
arm-none-eabi-gcc -o "Temp.elf" @"objects.list"   -mcpu=cortex-m4 -T"C:\Users\48791\Desktop\PMIK\pmik_2024l_jd\MJworkspace_due_to_different_Board\Temp\STM32F411VETX_FLASH.ld" --specs=nosys.specs -Wl,-Map="Temp.map" -Wl,--gc-sections -static --specs=nano.specs -mfpu=fpv4-sp-d16 -mfloat-abi=hard -mthumb -Wl,--start-group -lc -lm -Wl,--end-group
Finished building target: Temp.elf
 
arm-none-eabi-size  Temp.elf 
arm-none-eabi-objdump -h -S Temp.elf  > "Temp.list"
   text	   data	    bss	    dec	    hex	filename
  18520	    220	  18444	  37184	   9140	Temp.elf
Finished building: default.size.stdout
 
Finished building: Temp.list
 
20:36:53 **** Incremental Build of configuration Debug for project Temp ****
make -j16 all 
arm-none-eabi-size  Temp.elf 
   text	   data	    bss	    dec	    hex	filename
  18520	    220	  18444	  37184	   9140	Temp.elf
Finished building: default.size.stdout
 
20:38:47 **** Incremental Build of configuration Debug for project Temp ****
make -j16 all 
arm-none-eabi-size  Temp.elf 
   text	   data	    bss	    dec	    hex	filename
  18520	    220	  18444	  37184	   9140	Temp.elf
Finished building: default.size.stdout
 
20:41:44 **** Incremental Build of configuration Debug for project Temp ****
make -j16 all 
arm-none-eabi-gcc "../Core/Src/menuHandler.c" -mcpu=cortex-m4 -std=gnu11 -g3 -DDEBUG -DUSE_HAL_DRIVER -DSTM32F411xE -c -I../Core/Inc -I../Drivers/STM32F4xx_HAL_Driver/Inc -I../Drivers/STM32F4xx_HAL_Driver/Inc/Legacy -I../Drivers/CMSIS/Device/ST/STM32F4xx/Include -I../Drivers/CMSIS/Include -I../Middlewares/Third_Party/FreeRTOS/Source/include -I../Middlewares/Third_Party/FreeRTOS/Source/CMSIS_RTOS -I../Middlewares/Third_Party/FreeRTOS/Source/portable/GCC/ARM_CM4F -O0 -ffunction-sections -fdata-sections -Wall -fstack-usage -fcyclomatic-complexity -MMD -MP -MF"Core/Src/menuHandler.d" -MT"Core/Src/menuHandler.o" --specs=nano.specs -mfpu=fpv4-sp-d16 -mfloat-abi=hard -mthumb -o "Core/Src/menuHandler.o"
arm-none-eabi-gcc -o "Temp.elf" @"objects.list"   -mcpu=cortex-m4 -T"C:\Users\48791\Desktop\PMIK\pmik_2024l_jd\MJworkspace_due_to_different_Board\Temp\STM32F411VETX_FLASH.ld" --specs=nosys.specs -Wl,-Map="Temp.map" -Wl,--gc-sections -static --specs=nano.specs -mfpu=fpv4-sp-d16 -mfloat-abi=hard -mthumb -Wl,--start-group -lc -lm -Wl,--end-group
Finished building target: Temp.elf
 
arm-none-eabi-size  Temp.elf 
arm-none-eabi-objdump -h -S Temp.elf  > "Temp.list"
   text	   data	    bss	    dec	    hex	filename
  18488	    220	  18444	  37152	   9120	Temp.elf
Finished building: default.size.stdout
 
Finished building: Temp.list
 
20:42:43 **** Incremental Build of configuration Debug for project Temp ****
make -j16 all 
arm-none-eabi-gcc "../Core/Src/menuHandler.c" -mcpu=cortex-m4 -std=gnu11 -g3 -DDEBUG -DUSE_HAL_DRIVER -DSTM32F411xE -c -I../Core/Inc -I../Drivers/STM32F4xx_HAL_Driver/Inc -I../Drivers/STM32F4xx_HAL_Driver/Inc/Legacy -I../Drivers/CMSIS/Device/ST/STM32F4xx/Include -I../Drivers/CMSIS/Include -I../Middlewares/Third_Party/FreeRTOS/Source/include -I../Middlewares/Third_Party/FreeRTOS/Source/CMSIS_RTOS -I../Middlewares/Third_Party/FreeRTOS/Source/portable/GCC/ARM_CM4F -O0 -ffunction-sections -fdata-sections -Wall -fstack-usage -fcyclomatic-complexity -MMD -MP -MF"Core/Src/menuHandler.d" -MT"Core/Src/menuHandler.o" --specs=nano.specs -mfpu=fpv4-sp-d16 -mfloat-abi=hard -mthumb -o "Core/Src/menuHandler.o"
arm-none-eabi-gcc -o "Temp.elf" @"objects.list"   -mcpu=cortex-m4 -T"C:\Users\48791\Desktop\PMIK\pmik_2024l_jd\MJworkspace_due_to_different_Board\Temp\STM32F411VETX_FLASH.ld" --specs=nosys.specs -Wl,-Map="Temp.map" -Wl,--gc-sections -static --specs=nano.specs -mfpu=fpv4-sp-d16 -mfloat-abi=hard -mthumb -Wl,--start-group -lc -lm -Wl,--end-group
Finished building target: Temp.elf
 
arm-none-eabi-size  Temp.elf 
arm-none-eabi-objdump -h -S Temp.elf  > "Temp.list"
   text	   data	    bss	    dec	    hex	filename
  18520	    220	  18444	  37184	   9140	Temp.elf
Finished building: default.size.stdout
 
Finished building: Temp.list
 
20:43:44 **** Incremental Build of configuration Debug for project Temp ****
make -j16 all 
arm-none-eabi-size  Temp.elf 
   text	   data	    bss	    dec	    hex	filename
  18520	    220	  18444	  37184	   9140	Temp.elf
Finished building: default.size.stdout
 
20:45:48 **** Incremental Build of configuration Debug for project Temp ****
make -j16 all 
arm-none-eabi-gcc "../Core/Src/menuHandler.c" -mcpu=cortex-m4 -std=gnu11 -g3 -DDEBUG -DUSE_HAL_DRIVER -DSTM32F411xE -c -I../Core/Inc -I../Drivers/STM32F4xx_HAL_Driver/Inc -I../Drivers/STM32F4xx_HAL_Driver/Inc/Legacy -I../Drivers/CMSIS/Device/ST/STM32F4xx/Include -I../Drivers/CMSIS/Include -I../Middlewares/Third_Party/FreeRTOS/Source/include -I../Middlewares/Third_Party/FreeRTOS/Source/CMSIS_RTOS -I../Middlewares/Third_Party/FreeRTOS/Source/portable/GCC/ARM_CM4F -O0 -ffunction-sections -fdata-sections -Wall -fstack-usage -fcyclomatic-complexity -MMD -MP -MF"Core/Src/menuHandler.d" -MT"Core/Src/menuHandler.o" --specs=nano.specs -mfpu=fpv4-sp-d16 -mfloat-abi=hard -mthumb -o "Core/Src/menuHandler.o"
arm-none-eabi-gcc -o "Temp.elf" @"objects.list"   -mcpu=cortex-m4 -T"C:\Users\48791\Desktop\PMIK\pmik_2024l_jd\MJworkspace_due_to_different_Board\Temp\STM32F411VETX_FLASH.ld" --specs=nosys.specs -Wl,-Map="Temp.map" -Wl,--gc-sections -static --specs=nano.specs -mfpu=fpv4-sp-d16 -mfloat-abi=hard -mthumb -Wl,--start-group -lc -lm -Wl,--end-group
Finished building target: Temp.elf
 
arm-none-eabi-size  Temp.elf 
arm-none-eabi-objdump -h -S Temp.elf  > "Temp.list"
   text	   data	    bss	    dec	    hex	filename
  18520	    220	  18444	  37184	   9140	Temp.elf
Finished building: default.size.stdout
 
Finished building: Temp.list
 
20:46:50 **** Incremental Build of configuration Debug for project Temp ****
make -j16 all 
arm-none-eabi-gcc "../Core/Src/menuHandler.c" -mcpu=cortex-m4 -std=gnu11 -g3 -DDEBUG -DUSE_HAL_DRIVER -DSTM32F411xE -c -I../Core/Inc -I../Drivers/STM32F4xx_HAL_Driver/Inc -I../Drivers/STM32F4xx_HAL_Driver/Inc/Legacy -I../Drivers/CMSIS/Device/ST/STM32F4xx/Include -I../Drivers/CMSIS/Include -I../Middlewares/Third_Party/FreeRTOS/Source/include -I../Middlewares/Third_Party/FreeRTOS/Source/CMSIS_RTOS -I../Middlewares/Third_Party/FreeRTOS/Source/portable/GCC/ARM_CM4F -O0 -ffunction-sections -fdata-sections -Wall -fstack-usage -fcyclomatic-complexity -MMD -MP -MF"Core/Src/menuHandler.d" -MT"Core/Src/menuHandler.o" --specs=nano.specs -mfpu=fpv4-sp-d16 -mfloat-abi=hard -mthumb -o "Core/Src/menuHandler.o"
arm-none-eabi-gcc -o "Temp.elf" @"objects.list"   -mcpu=cortex-m4 -T"C:\Users\48791\Desktop\PMIK\pmik_2024l_jd\MJworkspace_due_to_different_Board\Temp\STM32F411VETX_FLASH.ld" --specs=nosys.specs -Wl,-Map="Temp.map" -Wl,--gc-sections -static --specs=nano.specs -mfpu=fpv4-sp-d16 -mfloat-abi=hard -mthumb -Wl,--start-group -lc -lm -Wl,--end-group
Finished building target: Temp.elf
 
arm-none-eabi-size  Temp.elf 
arm-none-eabi-objdump -h -S Temp.elf  > "Temp.list"
   text	   data	    bss	    dec	    hex	filename
  18488	    220	  18444	  37152	   9120	Temp.elf
Finished building: default.size.stdout
 
Finished building: Temp.list
 
20:47:49 **** Incremental Build of configuration Debug for project Temp ****
make -j16 all 
arm-none-eabi-gcc "../Core/Src/menuHandler.c" -mcpu=cortex-m4 -std=gnu11 -g3 -DDEBUG -DUSE_HAL_DRIVER -DSTM32F411xE -c -I../Core/Inc -I../Drivers/STM32F4xx_HAL_Driver/Inc -I../Drivers/STM32F4xx_HAL_Driver/Inc/Legacy -I../Drivers/CMSIS/Device/ST/STM32F4xx/Include -I../Drivers/CMSIS/Include -I../Middlewares/Third_Party/FreeRTOS/Source/include -I../Middlewares/Third_Party/FreeRTOS/Source/CMSIS_RTOS -I../Middlewares/Third_Party/FreeRTOS/Source/portable/GCC/ARM_CM4F -O0 -ffunction-sections -fdata-sections -Wall -fstack-usage -fcyclomatic-complexity -MMD -MP -MF"Core/Src/menuHandler.d" -MT"Core/Src/menuHandler.o" --specs=nano.specs -mfpu=fpv4-sp-d16 -mfloat-abi=hard -mthumb -o "Core/Src/menuHandler.o"
arm-none-eabi-gcc -o "Temp.elf" @"objects.list"   -mcpu=cortex-m4 -T"C:\Users\48791\Desktop\PMIK\pmik_2024l_jd\MJworkspace_due_to_different_Board\Temp\STM32F411VETX_FLASH.ld" --specs=nosys.specs -Wl,-Map="Temp.map" -Wl,--gc-sections -static --specs=nano.specs -mfpu=fpv4-sp-d16 -mfloat-abi=hard -mthumb -Wl,--start-group -lc -lm -Wl,--end-group
Finished building target: Temp.elf
 
arm-none-eabi-size  Temp.elf 
arm-none-eabi-objdump -h -S Temp.elf  > "Temp.list"
   text	   data	    bss	    dec	    hex	filename
  18488	    212	  18444	  37144	   9118	Temp.elf
Finished building: default.size.stdout
 
Finished building: Temp.list
 
20:49:36 **** Incremental Build of configuration Debug for project Temp ****
make -j16 all 
arm-none-eabi-gcc "../Core/Src/menuHandler.c" -mcpu=cortex-m4 -std=gnu11 -g3 -DDEBUG -DUSE_HAL_DRIVER -DSTM32F411xE -c -I../Core/Inc -I../Drivers/STM32F4xx_HAL_Driver/Inc -I../Drivers/STM32F4xx_HAL_Driver/Inc/Legacy -I../Drivers/CMSIS/Device/ST/STM32F4xx/Include -I../Drivers/CMSIS/Include -I../Middlewares/Third_Party/FreeRTOS/Source/include -I../Middlewares/Third_Party/FreeRTOS/Source/CMSIS_RTOS -I../Middlewares/Third_Party/FreeRTOS/Source/portable/GCC/ARM_CM4F -O0 -ffunction-sections -fdata-sections -Wall -fstack-usage -fcyclomatic-complexity -MMD -MP -MF"Core/Src/menuHandler.d" -MT"Core/Src/menuHandler.o" --specs=nano.specs -mfpu=fpv4-sp-d16 -mfloat-abi=hard -mthumb -o "Core/Src/menuHandler.o"
arm-none-eabi-gcc -o "Temp.elf" @"objects.list"   -mcpu=cortex-m4 -T"C:\Users\48791\Desktop\PMIK\pmik_2024l_jd\MJworkspace_due_to_different_Board\Temp\STM32F411VETX_FLASH.ld" --specs=nosys.specs -Wl,-Map="Temp.map" -Wl,--gc-sections -static --specs=nano.specs -mfpu=fpv4-sp-d16 -mfloat-abi=hard -mthumb -Wl,--start-group -lc -lm -Wl,--end-group
Finished building target: Temp.elf
 
arm-none-eabi-size  Temp.elf 
arm-none-eabi-objdump -h -S Temp.elf  > "Temp.list"
   text	   data	    bss	    dec	    hex	filename
  18520	    220	  18444	  37184	   9140	Temp.elf
Finished building: default.size.stdout
 
Finished building: Temp.list
 
20:50:47 **** Incremental Build of configuration Debug for project Temp ****
make -j16 all 
arm-none-eabi-gcc "../Core/Src/menuHandler.c" -mcpu=cortex-m4 -std=gnu11 -g3 -DDEBUG -DUSE_HAL_DRIVER -DSTM32F411xE -c -I../Core/Inc -I../Drivers/STM32F4xx_HAL_Driver/Inc -I../Drivers/STM32F4xx_HAL_Driver/Inc/Legacy -I../Drivers/CMSIS/Device/ST/STM32F4xx/Include -I../Drivers/CMSIS/Include -I../Middlewares/Third_Party/FreeRTOS/Source/include -I../Middlewares/Third_Party/FreeRTOS/Source/CMSIS_RTOS -I../Middlewares/Third_Party/FreeRTOS/Source/portable/GCC/ARM_CM4F -O0 -ffunction-sections -fdata-sections -Wall -fstack-usage -fcyclomatic-complexity -MMD -MP -MF"Core/Src/menuHandler.d" -MT"Core/Src/menuHandler.o" --specs=nano.specs -mfpu=fpv4-sp-d16 -mfloat-abi=hard -mthumb -o "Core/Src/menuHandler.o"
arm-none-eabi-gcc -o "Temp.elf" @"objects.list"   -mcpu=cortex-m4 -T"C:\Users\48791\Desktop\PMIK\pmik_2024l_jd\MJworkspace_due_to_different_Board\Temp\STM32F411VETX_FLASH.ld" --specs=nosys.specs -Wl,-Map="Temp.map" -Wl,--gc-sections -static --specs=nano.specs -mfpu=fpv4-sp-d16 -mfloat-abi=hard -mthumb -Wl,--start-group -lc -lm -Wl,--end-group
Finished building target: Temp.elf
 
arm-none-eabi-size  Temp.elf 
arm-none-eabi-objdump -h -S Temp.elf  > "Temp.list"
   text	   data	    bss	    dec	    hex	filename
  18472	    220	  18444	  37136	   9110	Temp.elf
Finished building: default.size.stdout
 
Finished building: Temp.list
 
20:28:11 **** Incremental Build of configuration Debug for project Temp ****
make -j16 all 
arm-none-eabi-gcc "../Core/Src/main.c" -mcpu=cortex-m4 -std=gnu11 -g3 -DDEBUG -DUSE_HAL_DRIVER -DSTM32F411xE -c -I../Core/Inc -I../Drivers/STM32F4xx_HAL_Driver/Inc -I../Drivers/STM32F4xx_HAL_Driver/Inc/Legacy -I../Drivers/CMSIS/Device/ST/STM32F4xx/Include -I../Drivers/CMSIS/Include -I../Middlewares/Third_Party/FreeRTOS/Source/include -I../Middlewares/Third_Party/FreeRTOS/Source/CMSIS_RTOS -I../Middlewares/Third_Party/FreeRTOS/Source/portable/GCC/ARM_CM4F -O0 -ffunction-sections -fdata-sections -Wall -fstack-usage -fcyclomatic-complexity -MMD -MP -MF"Core/Src/main.d" -MT"Core/Src/main.o" --specs=nano.specs -mfpu=fpv4-sp-d16 -mfloat-abi=hard -mthumb -o "Core/Src/main.o"
arm-none-eabi-gcc -o "Temp.elf" @"objects.list"   -mcpu=cortex-m4 -T"C:\Users\48791\Desktop\PMIK\pmik_2024l_jd\MJworkspace_due_to_different_Board\Temp\STM32F411VETX_FLASH.ld" --specs=nosys.specs -Wl,-Map="Temp.map" -Wl,--gc-sections -static --specs=nano.specs -mfpu=fpv4-sp-d16 -mfloat-abi=hard -mthumb -Wl,--start-group -lc -lm -Wl,--end-group
Finished building target: Temp.elf
 
arm-none-eabi-size  Temp.elf 
arm-none-eabi-objdump -h -S Temp.elf  > "Temp.list"
   text	   data	    bss	    dec	    hex	filename
  18648	    236	  18444	  37328	   91d0	Temp.elf
Finished building: default.size.stdout
 
Finished building: Temp.list
 
20:30:09 **** Incremental Build of configuration Debug for project Temp ****
make -j16 all 
arm-none-eabi-gcc "../Core/Src/main.c" -mcpu=cortex-m4 -std=gnu11 -g3 -DDEBUG -DUSE_HAL_DRIVER -DSTM32F411xE -c -I../Core/Inc -I../Drivers/STM32F4xx_HAL_Driver/Inc -I../Drivers/STM32F4xx_HAL_Driver/Inc/Legacy -I../Drivers/CMSIS/Device/ST/STM32F4xx/Include -I../Drivers/CMSIS/Include -I../Middlewares/Third_Party/FreeRTOS/Source/include -I../Middlewares/Third_Party/FreeRTOS/Source/CMSIS_RTOS -I../Middlewares/Third_Party/FreeRTOS/Source/portable/GCC/ARM_CM4F -O0 -ffunction-sections -fdata-sections -Wall -fstack-usage -fcyclomatic-complexity -MMD -MP -MF"Core/Src/main.d" -MT"Core/Src/main.o" --specs=nano.specs -mfpu=fpv4-sp-d16 -mfloat-abi=hard -mthumb -o "Core/Src/main.o"
arm-none-eabi-gcc -o "Temp.elf" @"objects.list"   -mcpu=cortex-m4 -T"C:\Users\48791\Desktop\PMIK\pmik_2024l_jd\MJworkspace_due_to_different_Board\Temp\STM32F411VETX_FLASH.ld" --specs=nosys.specs -Wl,-Map="Temp.map" -Wl,--gc-sections -static --specs=nano.specs -mfpu=fpv4-sp-d16 -mfloat-abi=hard -mthumb -Wl,--start-group -lc -lm -Wl,--end-group
Finished building target: Temp.elf
 
arm-none-eabi-size  Temp.elf 
arm-none-eabi-objdump -h -S Temp.elf  > "Temp.list"
   text	   data	    bss	    dec	    hex	filename
  18600	    236	  18444	  37280	   91a0	Temp.elf
Finished building: default.size.stdout
 
Finished building: Temp.list
 
20:31:01 **** Incremental Build of configuration Debug for project Temp ****
make -j16 all 
arm-none-eabi-gcc "../Core/Src/main.c" -mcpu=cortex-m4 -std=gnu11 -g3 -DDEBUG -DUSE_HAL_DRIVER -DSTM32F411xE -c -I../Core/Inc -I../Drivers/STM32F4xx_HAL_Driver/Inc -I../Drivers/STM32F4xx_HAL_Driver/Inc/Legacy -I../Drivers/CMSIS/Device/ST/STM32F4xx/Include -I../Drivers/CMSIS/Include -I../Middlewares/Third_Party/FreeRTOS/Source/include -I../Middlewares/Third_Party/FreeRTOS/Source/CMSIS_RTOS -I../Middlewares/Third_Party/FreeRTOS/Source/portable/GCC/ARM_CM4F -O0 -ffunction-sections -fdata-sections -Wall -fstack-usage -fcyclomatic-complexity -MMD -MP -MF"Core/Src/main.d" -MT"Core/Src/main.o" --specs=nano.specs -mfpu=fpv4-sp-d16 -mfloat-abi=hard -mthumb -o "Core/Src/main.o"
arm-none-eabi-gcc -o "Temp.elf" @"objects.list"   -mcpu=cortex-m4 -T"C:\Users\48791\Desktop\PMIK\pmik_2024l_jd\MJworkspace_due_to_different_Board\Temp\STM32F411VETX_FLASH.ld" --specs=nosys.specs -Wl,-Map="Temp.map" -Wl,--gc-sections -static --specs=nano.specs -mfpu=fpv4-sp-d16 -mfloat-abi=hard -mthumb -Wl,--start-group -lc -lm -Wl,--end-group
Finished building target: Temp.elf
 
arm-none-eabi-size  Temp.elf 
arm-none-eabi-objdump -h -S Temp.elf  > "Temp.list"
   text	   data	    bss	    dec	    hex	filename
  18600	    236	  18444	  37280	   91a0	Temp.elf
Finished building: default.size.stdout
 
Finished building: Temp.list
 
20:31:58 **** Incremental Build of configuration Debug for project Temp ****
make -j16 all 
arm-none-eabi-gcc "../Core/Src/main.c" -mcpu=cortex-m4 -std=gnu11 -g3 -DDEBUG -DUSE_HAL_DRIVER -DSTM32F411xE -c -I../Core/Inc -I../Drivers/STM32F4xx_HAL_Driver/Inc -I../Drivers/STM32F4xx_HAL_Driver/Inc/Legacy -I../Drivers/CMSIS/Device/ST/STM32F4xx/Include -I../Drivers/CMSIS/Include -I../Middlewares/Third_Party/FreeRTOS/Source/include -I../Middlewares/Third_Party/FreeRTOS/Source/CMSIS_RTOS -I../Middlewares/Third_Party/FreeRTOS/Source/portable/GCC/ARM_CM4F -O0 -ffunction-sections -fdata-sections -Wall -fstack-usage -fcyclomatic-complexity -MMD -MP -MF"Core/Src/main.d" -MT"Core/Src/main.o" --specs=nano.specs -mfpu=fpv4-sp-d16 -mfloat-abi=hard -mthumb -o "Core/Src/main.o"
arm-none-eabi-gcc -o "Temp.elf" @"objects.list"   -mcpu=cortex-m4 -T"C:\Users\48791\Desktop\PMIK\pmik_2024l_jd\MJworkspace_due_to_different_Board\Temp\STM32F411VETX_FLASH.ld" --specs=nosys.specs -Wl,-Map="Temp.map" -Wl,--gc-sections -static --specs=nano.specs -mfpu=fpv4-sp-d16 -mfloat-abi=hard -mthumb -Wl,--start-group -lc -lm -Wl,--end-group
Finished building target: Temp.elf
 
arm-none-eabi-size  Temp.elf 
arm-none-eabi-objdump -h -S Temp.elf  > "Temp.list"
   text	   data	    bss	    dec	    hex	filename
  18600	    236	  18444	  37280	   91a0	Temp.elf
Finished building: default.size.stdout
 
Finished building: Temp.list
 
20:37:32 **** Incremental Build of configuration Debug for project Temp ****
make -j16 all 
arm-none-eabi-gcc "../Core/Src/main.c" -mcpu=cortex-m4 -std=gnu11 -g3 -DDEBUG -DUSE_HAL_DRIVER -DSTM32F411xE -c -I../Core/Inc -I../Drivers/STM32F4xx_HAL_Driver/Inc -I../Drivers/STM32F4xx_HAL_Driver/Inc/Legacy -I../Drivers/CMSIS/Device/ST/STM32F4xx/Include -I../Drivers/CMSIS/Include -I../Middlewares/Third_Party/FreeRTOS/Source/include -I../Middlewares/Third_Party/FreeRTOS/Source/CMSIS_RTOS -I../Middlewares/Third_Party/FreeRTOS/Source/portable/GCC/ARM_CM4F -O0 -ffunction-sections -fdata-sections -Wall -fstack-usage -fcyclomatic-complexity -MMD -MP -MF"Core/Src/main.d" -MT"Core/Src/main.o" --specs=nano.specs -mfpu=fpv4-sp-d16 -mfloat-abi=hard -mthumb -o "Core/Src/main.o"
arm-none-eabi-gcc "../Core/Src/menuHandler.c" -mcpu=cortex-m4 -std=gnu11 -g3 -DDEBUG -DUSE_HAL_DRIVER -DSTM32F411xE -c -I../Core/Inc -I../Drivers/STM32F4xx_HAL_Driver/Inc -I../Drivers/STM32F4xx_HAL_Driver/Inc/Legacy -I../Drivers/CMSIS/Device/ST/STM32F4xx/Include -I../Drivers/CMSIS/Include -I../Middlewares/Third_Party/FreeRTOS/Source/include -I../Middlewares/Third_Party/FreeRTOS/Source/CMSIS_RTOS -I../Middlewares/Third_Party/FreeRTOS/Source/portable/GCC/ARM_CM4F -O0 -ffunction-sections -fdata-sections -Wall -fstack-usage -fcyclomatic-complexity -MMD -MP -MF"Core/Src/menuHandler.d" -MT"Core/Src/menuHandler.o" --specs=nano.specs -mfpu=fpv4-sp-d16 -mfloat-abi=hard -mthumb -o "Core/Src/menuHandler.o"
arm-none-eabi-gcc -o "Temp.elf" @"objects.list"   -mcpu=cortex-m4 -T"C:\Users\48791\Desktop\PMIK\pmik_2024l_jd\MJworkspace_due_to_different_Board\Temp\STM32F411VETX_FLASH.ld" --specs=nosys.specs -Wl,-Map="Temp.map" -Wl,--gc-sections -static --specs=nano.specs -mfpu=fpv4-sp-d16 -mfloat-abi=hard -mthumb -Wl,--start-group -lc -lm -Wl,--end-group
Finished building target: Temp.elf
 
arm-none-eabi-size  Temp.elf 
arm-none-eabi-objdump -h -S Temp.elf  > "Temp.list"
   text	   data	    bss	    dec	    hex	filename
  18600	    236	  18444	  37280	   91a0	Temp.elf
Finished building: default.size.stdout
 
Finished building: Temp.list
 
20:41:21 **** Incremental Build of configuration Debug for project Temp ****
make -j16 all 
arm-none-eabi-gcc "../Core/Src/menuHandler.c" -mcpu=cortex-m4 -std=gnu11 -g3 -DDEBUG -DUSE_HAL_DRIVER -DSTM32F411xE -c -I../Core/Inc -I../Drivers/STM32F4xx_HAL_Driver/Inc -I../Drivers/STM32F4xx_HAL_Driver/Inc/Legacy -I../Drivers/CMSIS/Device/ST/STM32F4xx/Include -I../Drivers/CMSIS/Include -I../Middlewares/Third_Party/FreeRTOS/Source/include -I../Middlewares/Third_Party/FreeRTOS/Source/CMSIS_RTOS -I../Middlewares/Third_Party/FreeRTOS/Source/portable/GCC/ARM_CM4F -O0 -ffunction-sections -fdata-sections -Wall -fstack-usage -fcyclomatic-complexity -MMD -MP -MF"Core/Src/menuHandler.d" -MT"Core/Src/menuHandler.o" --specs=nano.specs -mfpu=fpv4-sp-d16 -mfloat-abi=hard -mthumb -o "Core/Src/menuHandler.o"
arm-none-eabi-gcc -o "Temp.elf" @"objects.list"   -mcpu=cortex-m4 -T"C:\Users\48791\Desktop\PMIK\pmik_2024l_jd\MJworkspace_due_to_different_Board\Temp\STM32F411VETX_FLASH.ld" --specs=nosys.specs -Wl,-Map="Temp.map" -Wl,--gc-sections -static --specs=nano.specs -mfpu=fpv4-sp-d16 -mfloat-abi=hard -mthumb -Wl,--start-group -lc -lm -Wl,--end-group
Finished building target: Temp.elf
 
arm-none-eabi-size  Temp.elf 
arm-none-eabi-objdump -h -S Temp.elf  > "Temp.list"
   text	   data	    bss	    dec	    hex	filename
  18660	    236	  18444	  37340	   91dc	Temp.elf
Finished building: default.size.stdout
 
Finished building: Temp.list
 
20:44:50 **** Incremental Build of configuration Debug for project Temp ****
make -j16 all 
arm-none-eabi-gcc "../Core/Src/menuHandler.c" -mcpu=cortex-m4 -std=gnu11 -g3 -DDEBUG -DUSE_HAL_DRIVER -DSTM32F411xE -c -I../Core/Inc -I../Drivers/STM32F4xx_HAL_Driver/Inc -I../Drivers/STM32F4xx_HAL_Driver/Inc/Legacy -I../Drivers/CMSIS/Device/ST/STM32F4xx/Include -I../Drivers/CMSIS/Include -I../Middlewares/Third_Party/FreeRTOS/Source/include -I../Middlewares/Third_Party/FreeRTOS/Source/CMSIS_RTOS -I../Middlewares/Third_Party/FreeRTOS/Source/portable/GCC/ARM_CM4F -O0 -ffunction-sections -fdata-sections -Wall -fstack-usage -fcyclomatic-complexity -MMD -MP -MF"Core/Src/menuHandler.d" -MT"Core/Src/menuHandler.o" --specs=nano.specs -mfpu=fpv4-sp-d16 -mfloat-abi=hard -mthumb -o "Core/Src/menuHandler.o"
arm-none-eabi-gcc -o "Temp.elf" @"objects.list"   -mcpu=cortex-m4 -T"C:\Users\48791\Desktop\PMIK\pmik_2024l_jd\MJworkspace_due_to_different_Board\Temp\STM32F411VETX_FLASH.ld" --specs=nosys.specs -Wl,-Map="Temp.map" -Wl,--gc-sections -static --specs=nano.specs -mfpu=fpv4-sp-d16 -mfloat-abi=hard -mthumb -Wl,--start-group -lc -lm -Wl,--end-group
Finished building target: Temp.elf
 
arm-none-eabi-size  Temp.elf 
arm-none-eabi-objdump -h -S Temp.elf  > "Temp.list"
   text	   data	    bss	    dec	    hex	filename
  18628	    236	  18444	  37308	   91bc	Temp.elf
Finished building: default.size.stdout
 
Finished building: Temp.list
 
20:45:39 **** Incremental Build of configuration Debug for project Temp ****
make -j16 all 
arm-none-eabi-gcc "../Core/Src/main.c" -mcpu=cortex-m4 -std=gnu11 -g3 -DDEBUG -DUSE_HAL_DRIVER -DSTM32F411xE -c -I../Core/Inc -I../Drivers/STM32F4xx_HAL_Driver/Inc -I../Drivers/STM32F4xx_HAL_Driver/Inc/Legacy -I../Drivers/CMSIS/Device/ST/STM32F4xx/Include -I../Drivers/CMSIS/Include -I../Middlewares/Third_Party/FreeRTOS/Source/include -I../Middlewares/Third_Party/FreeRTOS/Source/CMSIS_RTOS -I../Middlewares/Third_Party/FreeRTOS/Source/portable/GCC/ARM_CM4F -O0 -ffunction-sections -fdata-sections -Wall -fstack-usage -fcyclomatic-complexity -MMD -MP -MF"Core/Src/main.d" -MT"Core/Src/main.o" --specs=nano.specs -mfpu=fpv4-sp-d16 -mfloat-abi=hard -mthumb -o "Core/Src/main.o"
arm-none-eabi-gcc -o "Temp.elf" @"objects.list"   -mcpu=cortex-m4 -T"C:\Users\48791\Desktop\PMIK\pmik_2024l_jd\MJworkspace_due_to_different_Board\Temp\STM32F411VETX_FLASH.ld" --specs=nosys.specs -Wl,-Map="Temp.map" -Wl,--gc-sections -static --specs=nano.specs -mfpu=fpv4-sp-d16 -mfloat-abi=hard -mthumb -Wl,--start-group -lc -lm -Wl,--end-group
Finished building target: Temp.elf
 
arm-none-eabi-size  Temp.elf 
arm-none-eabi-objdump -h -S Temp.elf  > "Temp.list"
   text	   data	    bss	    dec	    hex	filename
  18564	    208	  18448	  37220	   9164	Temp.elf
Finished building: default.size.stdout
 
Finished building: Temp.list
 
20:48:47 **** Incremental Build of configuration Debug for project Temp ****
make -j16 all 
arm-none-eabi-gcc "../Core/Src/menuHandler.c" -mcpu=cortex-m4 -std=gnu11 -g3 -DDEBUG -DUSE_HAL_DRIVER -DSTM32F411xE -c -I../Core/Inc -I../Drivers/STM32F4xx_HAL_Driver/Inc -I../Drivers/STM32F4xx_HAL_Driver/Inc/Legacy -I../Drivers/CMSIS/Device/ST/STM32F4xx/Include -I../Drivers/CMSIS/Include -I../Middlewares/Third_Party/FreeRTOS/Source/include -I../Middlewares/Third_Party/FreeRTOS/Source/CMSIS_RTOS -I../Middlewares/Third_Party/FreeRTOS/Source/portable/GCC/ARM_CM4F -O0 -ffunction-sections -fdata-sections -Wall -fstack-usage -fcyclomatic-complexity -MMD -MP -MF"Core/Src/menuHandler.d" -MT"Core/Src/menuHandler.o" --specs=nano.specs -mfpu=fpv4-sp-d16 -mfloat-abi=hard -mthumb -o "Core/Src/menuHandler.o"
arm-none-eabi-gcc -o "Temp.elf" @"objects.list"   -mcpu=cortex-m4 -T"C:\Users\48791\Desktop\PMIK\pmik_2024l_jd\MJworkspace_due_to_different_Board\Temp\STM32F411VETX_FLASH.ld" --specs=nosys.specs -Wl,-Map="Temp.map" -Wl,--gc-sections -static --specs=nano.specs -mfpu=fpv4-sp-d16 -mfloat-abi=hard -mthumb -Wl,--start-group -lc -lm -Wl,--end-group
Finished building target: Temp.elf
 
arm-none-eabi-size  Temp.elf 
arm-none-eabi-objdump -h -S Temp.elf  > "Temp.list"
   text	   data	    bss	    dec	    hex	filename
  18548	    208	  18448	  37204	   9154	Temp.elf
Finished building: default.size.stdout
 
Finished building: Temp.list
 
20:50:40 **** Incremental Build of configuration Debug for project Temp ****
make -j16 all 
arm-none-eabi-gcc "../Core/Src/menuHandler.c" -mcpu=cortex-m4 -std=gnu11 -g3 -DDEBUG -DUSE_HAL_DRIVER -DSTM32F411xE -c -I../Core/Inc -I../Drivers/STM32F4xx_HAL_Driver/Inc -I../Drivers/STM32F4xx_HAL_Driver/Inc/Legacy -I../Drivers/CMSIS/Device/ST/STM32F4xx/Include -I../Drivers/CMSIS/Include -I../Middlewares/Third_Party/FreeRTOS/Source/include -I../Middlewares/Third_Party/FreeRTOS/Source/CMSIS_RTOS -I../Middlewares/Third_Party/FreeRTOS/Source/portable/GCC/ARM_CM4F -O0 -ffunction-sections -fdata-sections -Wall -fstack-usage -fcyclomatic-complexity -MMD -MP -MF"Core/Src/menuHandler.d" -MT"Core/Src/menuHandler.o" --specs=nano.specs -mfpu=fpv4-sp-d16 -mfloat-abi=hard -mthumb -o "Core/Src/menuHandler.o"
arm-none-eabi-gcc -o "Temp.elf" @"objects.list"   -mcpu=cortex-m4 -T"C:\Users\48791\Desktop\PMIK\pmik_2024l_jd\MJworkspace_due_to_different_Board\Temp\STM32F411VETX_FLASH.ld" --specs=nosys.specs -Wl,-Map="Temp.map" -Wl,--gc-sections -static --specs=nano.specs -mfpu=fpv4-sp-d16 -mfloat-abi=hard -mthumb -Wl,--start-group -lc -lm -Wl,--end-group
Finished building target: Temp.elf
 
arm-none-eabi-size  Temp.elf 
arm-none-eabi-objdump -h -S Temp.elf  > "Temp.list"
   text	   data	    bss	    dec	    hex	filename
  18548	    208	  18448	  37204	   9154	Temp.elf
Finished building: default.size.stdout
 
Finished building: Temp.list
 
20:51:22 **** Incremental Build of configuration Debug for project Temp ****
make -j16 all 
arm-none-eabi-gcc "../Core/Src/menuHandler.c" -mcpu=cortex-m4 -std=gnu11 -g3 -DDEBUG -DUSE_HAL_DRIVER -DSTM32F411xE -c -I../Core/Inc -I../Drivers/STM32F4xx_HAL_Driver/Inc -I../Drivers/STM32F4xx_HAL_Driver/Inc/Legacy -I../Drivers/CMSIS/Device/ST/STM32F4xx/Include -I../Drivers/CMSIS/Include -I../Middlewares/Third_Party/FreeRTOS/Source/include -I../Middlewares/Third_Party/FreeRTOS/Source/CMSIS_RTOS -I../Middlewares/Third_Party/FreeRTOS/Source/portable/GCC/ARM_CM4F -O0 -ffunction-sections -fdata-sections -Wall -fstack-usage -fcyclomatic-complexity -MMD -MP -MF"Core/Src/menuHandler.d" -MT"Core/Src/menuHandler.o" --specs=nano.specs -mfpu=fpv4-sp-d16 -mfloat-abi=hard -mthumb -o "Core/Src/menuHandler.o"
arm-none-eabi-gcc -o "Temp.elf" @"objects.list"   -mcpu=cortex-m4 -T"C:\Users\48791\Desktop\PMIK\pmik_2024l_jd\MJworkspace_due_to_different_Board\Temp\STM32F411VETX_FLASH.ld" --specs=nosys.specs -Wl,-Map="Temp.map" -Wl,--gc-sections -static --specs=nano.specs -mfpu=fpv4-sp-d16 -mfloat-abi=hard -mthumb -Wl,--start-group -lc -lm -Wl,--end-group
Finished building target: Temp.elf
 
arm-none-eabi-size  Temp.elf 
arm-none-eabi-objdump -h -S Temp.elf  > "Temp.list"
   text	   data	    bss	    dec	    hex	filename
  18548	    208	  18448	  37204	   9154	Temp.elf
Finished building: default.size.stdout
 
Finished building: Temp.list
 
20:54:31 **** Incremental Build of configuration Debug for project Temp ****
make -j16 all 
arm-none-eabi-gcc "../Core/Src/menuHandler.c" -mcpu=cortex-m4 -std=gnu11 -g3 -DDEBUG -DUSE_HAL_DRIVER -DSTM32F411xE -c -I../Core/Inc -I../Drivers/STM32F4xx_HAL_Driver/Inc -I../Drivers/STM32F4xx_HAL_Driver/Inc/Legacy -I../Drivers/CMSIS/Device/ST/STM32F4xx/Include -I../Drivers/CMSIS/Include -I../Middlewares/Third_Party/FreeRTOS/Source/include -I../Middlewares/Third_Party/FreeRTOS/Source/CMSIS_RTOS -I../Middlewares/Third_Party/FreeRTOS/Source/portable/GCC/ARM_CM4F -O0 -ffunction-sections -fdata-sections -Wall -fstack-usage -fcyclomatic-complexity -MMD -MP -MF"Core/Src/menuHandler.d" -MT"Core/Src/menuHandler.o" --specs=nano.specs -mfpu=fpv4-sp-d16 -mfloat-abi=hard -mthumb -o "Core/Src/menuHandler.o"
arm-none-eabi-gcc -o "Temp.elf" @"objects.list"   -mcpu=cortex-m4 -T"C:\Users\48791\Desktop\PMIK\pmik_2024l_jd\MJworkspace_due_to_different_Board\Temp\STM32F411VETX_FLASH.ld" --specs=nosys.specs -Wl,-Map="Temp.map" -Wl,--gc-sections -static --specs=nano.specs -mfpu=fpv4-sp-d16 -mfloat-abi=hard -mthumb -Wl,--start-group -lc -lm -Wl,--end-group
Finished building target: Temp.elf
 
arm-none-eabi-size  Temp.elf 
arm-none-eabi-objdump -h -S Temp.elf  > "Temp.list"
   text	   data	    bss	    dec	    hex	filename
  18548	    208	  18448	  37204	   9154	Temp.elf
Finished building: default.size.stdout
 
Finished building: Temp.list
 
20:55:05 **** Incremental Build of configuration Debug for project Temp ****
make -j16 all 
arm-none-eabi-gcc "../Core/Src/main.c" -mcpu=cortex-m4 -std=gnu11 -g3 -DDEBUG -DUSE_HAL_DRIVER -DSTM32F411xE -c -I../Core/Inc -I../Drivers/STM32F4xx_HAL_Driver/Inc -I../Drivers/STM32F4xx_HAL_Driver/Inc/Legacy -I../Drivers/CMSIS/Device/ST/STM32F4xx/Include -I../Drivers/CMSIS/Include -I../Middlewares/Third_Party/FreeRTOS/Source/include -I../Middlewares/Third_Party/FreeRTOS/Source/CMSIS_RTOS -I../Middlewares/Third_Party/FreeRTOS/Source/portable/GCC/ARM_CM4F -O0 -ffunction-sections -fdata-sections -Wall -fstack-usage -fcyclomatic-complexity -MMD -MP -MF"Core/Src/main.d" -MT"Core/Src/main.o" --specs=nano.specs -mfpu=fpv4-sp-d16 -mfloat-abi=hard -mthumb -o "Core/Src/main.o"
arm-none-eabi-gcc -o "Temp.elf" @"objects.list"   -mcpu=cortex-m4 -T"C:\Users\48791\Desktop\PMIK\pmik_2024l_jd\MJworkspace_due_to_different_Board\Temp\STM32F411VETX_FLASH.ld" --specs=nosys.specs -Wl,-Map="Temp.map" -Wl,--gc-sections -static --specs=nano.specs -mfpu=fpv4-sp-d16 -mfloat-abi=hard -mthumb -Wl,--start-group -lc -lm -Wl,--end-group
Finished building target: Temp.elf
 
arm-none-eabi-size  Temp.elf 
arm-none-eabi-objdump -h -S Temp.elf  > "Temp.list"
   text	   data	    bss	    dec	    hex	filename
  18484	    220	  18444	  37148	   911c	Temp.elf
Finished building: default.size.stdout
 
Finished building: Temp.list
 
20:55:24 **** Incremental Build of configuration Debug for project Temp ****
make -j16 all 
arm-none-eabi-size  Temp.elf 
   text	   data	    bss	    dec	    hex	filename
  18484	    220	  18444	  37148	   911c	Temp.elf
Finished building: default.size.stdout
 
20:56:29 **** Incremental Build of configuration Debug for project Temp ****
make -j16 all 
arm-none-eabi-size  Temp.elf 
   text	   data	    bss	    dec	    hex	filename
  18484	    220	  18444	  37148	   911c	Temp.elf
Finished building: default.size.stdout
 
20:56:32 **** Incremental Build of configuration Debug for project Temp ****
make -j16 all 
arm-none-eabi-size  Temp.elf 
   text	   data	    bss	    dec	    hex	filename
  18484	    220	  18444	  37148	   911c	Temp.elf
Finished building: default.size.stdout
 
20:57:40 **** Incremental Build of configuration Debug for project Temp ****
make -j16 all 
arm-none-eabi-size  Temp.elf 
   text	   data	    bss	    dec	    hex	filename
  18484	    220	  18444	  37148	   911c	Temp.elf
Finished building: default.size.stdout
 
20:59:11 **** Incremental Build of configuration Debug for project Temp ****
make -j16 all 
arm-none-eabi-gcc "../Core/Src/main.c" -mcpu=cortex-m4 -std=gnu11 -g3 -DDEBUG -DUSE_HAL_DRIVER -DSTM32F411xE -c -I../Core/Inc -I../Drivers/STM32F4xx_HAL_Driver/Inc -I../Drivers/STM32F4xx_HAL_Driver/Inc/Legacy -I../Drivers/CMSIS/Device/ST/STM32F4xx/Include -I../Drivers/CMSIS/Include -I../Middlewares/Third_Party/FreeRTOS/Source/include -I../Middlewares/Third_Party/FreeRTOS/Source/CMSIS_RTOS -I../Middlewares/Third_Party/FreeRTOS/Source/portable/GCC/ARM_CM4F -O0 -ffunction-sections -fdata-sections -Wall -fstack-usage -fcyclomatic-complexity -MMD -MP -MF"Core/Src/main.d" -MT"Core/Src/main.o" --specs=nano.specs -mfpu=fpv4-sp-d16 -mfloat-abi=hard -mthumb -o "Core/Src/main.o"
arm-none-eabi-gcc -o "Temp.elf" @"objects.list"   -mcpu=cortex-m4 -T"C:\Users\48791\Desktop\PMIK\pmik_2024l_jd\MJworkspace_due_to_different_Board\Temp\STM32F411VETX_FLASH.ld" --specs=nosys.specs -Wl,-Map="Temp.map" -Wl,--gc-sections -static --specs=nano.specs -mfpu=fpv4-sp-d16 -mfloat-abi=hard -mthumb -Wl,--start-group -lc -lm -Wl,--end-group
Finished building target: Temp.elf
 
arm-none-eabi-size  Temp.elf 
arm-none-eabi-objdump -h -S Temp.elf  > "Temp.list"
   text	   data	    bss	    dec	    hex	filename
  18548	    208	  18448	  37204	   9154	Temp.elf
Finished building: default.size.stdout
 
Finished building: Temp.list
 
21:04:01 **** Incremental Build of configuration Debug for project Temp ****
make -j16 all 
arm-none-eabi-gcc "../Core/Src/main.c" -mcpu=cortex-m4 -std=gnu11 -g3 -DDEBUG -DUSE_HAL_DRIVER -DSTM32F411xE -c -I../Core/Inc -I../Drivers/STM32F4xx_HAL_Driver/Inc -I../Drivers/STM32F4xx_HAL_Driver/Inc/Legacy -I../Drivers/CMSIS/Device/ST/STM32F4xx/Include -I../Drivers/CMSIS/Include -I../Middlewares/Third_Party/FreeRTOS/Source/include -I../Middlewares/Third_Party/FreeRTOS/Source/CMSIS_RTOS -I../Middlewares/Third_Party/FreeRTOS/Source/portable/GCC/ARM_CM4F -O0 -ffunction-sections -fdata-sections -Wall -fstack-usage -fcyclomatic-complexity -MMD -MP -MF"Core/Src/main.d" -MT"Core/Src/main.o" --specs=nano.specs -mfpu=fpv4-sp-d16 -mfloat-abi=hard -mthumb -o "Core/Src/main.o"
arm-none-eabi-gcc "../Core/Src/menuHandler.c" -mcpu=cortex-m4 -std=gnu11 -g3 -DDEBUG -DUSE_HAL_DRIVER -DSTM32F411xE -c -I../Core/Inc -I../Drivers/STM32F4xx_HAL_Driver/Inc -I../Drivers/STM32F4xx_HAL_Driver/Inc/Legacy -I../Drivers/CMSIS/Device/ST/STM32F4xx/Include -I../Drivers/CMSIS/Include -I../Middlewares/Third_Party/FreeRTOS/Source/include -I../Middlewares/Third_Party/FreeRTOS/Source/CMSIS_RTOS -I../Middlewares/Third_Party/FreeRTOS/Source/portable/GCC/ARM_CM4F -O0 -ffunction-sections -fdata-sections -Wall -fstack-usage -fcyclomatic-complexity -MMD -MP -MF"Core/Src/menuHandler.d" -MT"Core/Src/menuHandler.o" --specs=nano.specs -mfpu=fpv4-sp-d16 -mfloat-abi=hard -mthumb -o "Core/Src/menuHandler.o"
arm-none-eabi-gcc -o "Temp.elf" @"objects.list"   -mcpu=cortex-m4 -T"C:\Users\48791\Desktop\PMIK\pmik_2024l_jd\MJworkspace_due_to_different_Board\Temp\STM32F411VETX_FLASH.ld" --specs=nosys.specs -Wl,-Map="Temp.map" -Wl,--gc-sections -static --specs=nano.specs -mfpu=fpv4-sp-d16 -mfloat-abi=hard -mthumb -Wl,--start-group -lc -lm -Wl,--end-group
Finished building target: Temp.elf
 
arm-none-eabi-size  Temp.elf 
arm-none-eabi-objdump -h -S Temp.elf  > "Temp.list"
   text	   data	    bss	    dec	    hex	filename
  18680	    236	  18444	  37360	   91f0	Temp.elf
Finished building: default.size.stdout
 
Finished building: Temp.list
 
21:04:50 **** Incremental Build of configuration Debug for project Temp ****
make -j16 all 
arm-none-eabi-size  Temp.elf 
   text	   data	    bss	    dec	    hex	filename
  18680	    236	  18444	  37360	   91f0	Temp.elf
Finished building: default.size.stdout
 
21:05:03 **** Incremental Build of configuration Debug for project Temp ****
make -j16 all 
arm-none-eabi-size  Temp.elf 
   text	   data	    bss	    dec	    hex	filename
  18680	    236	  18444	  37360	   91f0	Temp.elf
Finished building: default.size.stdout
 
21:05:07 **** Incremental Build of configuration Debug for project Temp ****
make -j16 all 
arm-none-eabi-size  Temp.elf 
   text	   data	    bss	    dec	    hex	filename
  18680	    236	  18444	  37360	   91f0	Temp.elf
Finished building: default.size.stdout
 
21:05:57 **** Incremental Build of configuration Debug for project Temp ****
make -j16 all 
arm-none-eabi-gcc "../Core/Src/main.c" -mcpu=cortex-m4 -std=gnu11 -g3 -DDEBUG -DUSE_HAL_DRIVER -DSTM32F411xE -c -I../Core/Inc -I../Drivers/STM32F4xx_HAL_Driver/Inc -I../Drivers/STM32F4xx_HAL_Driver/Inc/Legacy -I../Drivers/CMSIS/Device/ST/STM32F4xx/Include -I../Drivers/CMSIS/Include -I../Middlewares/Third_Party/FreeRTOS/Source/include -I../Middlewares/Third_Party/FreeRTOS/Source/CMSIS_RTOS -I../Middlewares/Third_Party/FreeRTOS/Source/portable/GCC/ARM_CM4F -O0 -ffunction-sections -fdata-sections -Wall -fstack-usage -fcyclomatic-complexity -MMD -MP -MF"Core/Src/main.d" -MT"Core/Src/main.o" --specs=nano.specs -mfpu=fpv4-sp-d16 -mfloat-abi=hard -mthumb -o "Core/Src/main.o"
arm-none-eabi-gcc -o "Temp.elf" @"objects.list"   -mcpu=cortex-m4 -T"C:\Users\48791\Desktop\PMIK\pmik_2024l_jd\MJworkspace_due_to_different_Board\Temp\STM32F411VETX_FLASH.ld" --specs=nosys.specs -Wl,-Map="Temp.map" -Wl,--gc-sections -static --specs=nano.specs -mfpu=fpv4-sp-d16 -mfloat-abi=hard -mthumb -Wl,--start-group -lc -lm -Wl,--end-group
Finished building target: Temp.elf
 
arm-none-eabi-size  Temp.elf 
arm-none-eabi-objdump -h -S Temp.elf  > "Temp.list"
   text	   data	    bss	    dec	    hex	filename
  18680	    236	  18444	  37360	   91f0	Temp.elf
Finished building: default.size.stdout
 
Finished building: Temp.list
 
21:06:28 **** Incremental Build of configuration Debug for project Temp ****
make -j16 all 
arm-none-eabi-size  Temp.elf 
   text	   data	    bss	    dec	    hex	filename
  18680	    236	  18444	  37360	   91f0	Temp.elf
Finished building: default.size.stdout
 
21:07:49 **** Incremental Build of configuration Debug for project Temp ****
make -j16 all 
arm-none-eabi-gcc "../Core/Src/main.c" -mcpu=cortex-m4 -std=gnu11 -g3 -DDEBUG -DUSE_HAL_DRIVER -DSTM32F411xE -c -I../Core/Inc -I../Drivers/STM32F4xx_HAL_Driver/Inc -I../Drivers/STM32F4xx_HAL_Driver/Inc/Legacy -I../Drivers/CMSIS/Device/ST/STM32F4xx/Include -I../Drivers/CMSIS/Include -I../Middlewares/Third_Party/FreeRTOS/Source/include -I../Middlewares/Third_Party/FreeRTOS/Source/CMSIS_RTOS -I../Middlewares/Third_Party/FreeRTOS/Source/portable/GCC/ARM_CM4F -O0 -ffunction-sections -fdata-sections -Wall -fstack-usage -fcyclomatic-complexity -MMD -MP -MF"Core/Src/main.d" -MT"Core/Src/main.o" --specs=nano.specs -mfpu=fpv4-sp-d16 -mfloat-abi=hard -mthumb -o "Core/Src/main.o"
arm-none-eabi-gcc -o "Temp.elf" @"objects.list"   -mcpu=cortex-m4 -T"C:\Users\48791\Desktop\PMIK\pmik_2024l_jd\MJworkspace_due_to_different_Board\Temp\STM32F411VETX_FLASH.ld" --specs=nosys.specs -Wl,-Map="Temp.map" -Wl,--gc-sections -static --specs=nano.specs -mfpu=fpv4-sp-d16 -mfloat-abi=hard -mthumb -Wl,--start-group -lc -lm -Wl,--end-group
Finished building target: Temp.elf
 
arm-none-eabi-size  Temp.elf 
arm-none-eabi-objdump -h -S Temp.elf  > "Temp.list"
   text	   data	    bss	    dec	    hex	filename
  18680	    236	  18444	  37360	   91f0	Temp.elf
Finished building: default.size.stdout
 
Finished building: Temp.list
 
21:08:43 **** Incremental Build of configuration Debug for project Temp ****
make -j16 all 
arm-none-eabi-size  Temp.elf 
   text	   data	    bss	    dec	    hex	filename
  18680	    236	  18444	  37360	   91f0	Temp.elf
Finished building: default.size.stdout
 
21:11:56 **** Incremental Build of configuration Debug for project Temp ****
make -j16 all 
arm-none-eabi-size  Temp.elf 
   text	   data	    bss	    dec	    hex	filename
  18680	    236	  18444	  37360	   91f0	Temp.elf
Finished building: default.size.stdout
 
21:15:00 **** Incremental Build of configuration Debug for project Temp ****
make -j16 all 
arm-none-eabi-size  Temp.elf 
   text	   data	    bss	    dec	    hex	filename
  18680	    236	  18444	  37360	   91f0	Temp.elf
Finished building: default.size.stdout
 
21:15:31 **** Incremental Build of configuration Debug for project Temp ****
make -j16 all 
arm-none-eabi-size  Temp.elf 
   text	   data	    bss	    dec	    hex	filename
  18680	    236	  18444	  37360	   91f0	Temp.elf
Finished building: default.size.stdout
 
21:16:36 **** Incremental Build of configuration Debug for project Temp ****
make -j16 all 
arm-none-eabi-size  Temp.elf 
   text	   data	    bss	    dec	    hex	filename
  18680	    236	  18444	  37360	   91f0	Temp.elf
Finished building: default.size.stdout
 
21:16:50 **** Incremental Build of configuration Debug for project Temp ****
make -j16 all 
arm-none-eabi-size  Temp.elf 
   text	   data	    bss	    dec	    hex	filename
  18680	    236	  18444	  37360	   91f0	Temp.elf
Finished building: default.size.stdout
 
21:17:54 **** Incremental Build of configuration Debug for project Temp ****
make -j16 all 
arm-none-eabi-size  Temp.elf 
   text	   data	    bss	    dec	    hex	filename
  18680	    236	  18444	  37360	   91f0	Temp.elf
Finished building: default.size.stdout
 
21:18:38 **** Incremental Build of configuration Debug for project Temp ****
make -j16 all 
arm-none-eabi-gcc "../Core/Src/main.c" -mcpu=cortex-m4 -std=gnu11 -g3 -DDEBUG -DUSE_HAL_DRIVER -DSTM32F411xE -c -I../Core/Inc -I../Drivers/STM32F4xx_HAL_Driver/Inc -I../Drivers/STM32F4xx_HAL_Driver/Inc/Legacy -I../Drivers/CMSIS/Device/ST/STM32F4xx/Include -I../Drivers/CMSIS/Include -I../Middlewares/Third_Party/FreeRTOS/Source/include -I../Middlewares/Third_Party/FreeRTOS/Source/CMSIS_RTOS -I../Middlewares/Third_Party/FreeRTOS/Source/portable/GCC/ARM_CM4F -O0 -ffunction-sections -fdata-sections -Wall -fstack-usage -fcyclomatic-complexity -MMD -MP -MF"Core/Src/main.d" -MT"Core/Src/main.o" --specs=nano.specs -mfpu=fpv4-sp-d16 -mfloat-abi=hard -mthumb -o "Core/Src/main.o"
arm-none-eabi-gcc -o "Temp.elf" @"objects.list"   -mcpu=cortex-m4 -T"C:\Users\48791\Desktop\PMIK\pmik_2024l_jd\MJworkspace_due_to_different_Board\Temp\STM32F411VETX_FLASH.ld" --specs=nosys.specs -Wl,-Map="Temp.map" -Wl,--gc-sections -static --specs=nano.specs -mfpu=fpv4-sp-d16 -mfloat-abi=hard -mthumb -Wl,--start-group -lc -lm -Wl,--end-group
Finished building target: Temp.elf
 
arm-none-eabi-size  Temp.elf 
arm-none-eabi-objdump -h -S Temp.elf  > "Temp.list"
   text	   data	    bss	    dec	    hex	filename
  18680	    236	  18444	  37360	   91f0	Temp.elf
Finished building: default.size.stdout
 
Finished building: Temp.list
 
21:20:07 **** Incremental Build of configuration Debug for project Temp ****
make -j16 all 
arm-none-eabi-gcc "../Core/Src/main.c" -mcpu=cortex-m4 -std=gnu11 -g3 -DDEBUG -DUSE_HAL_DRIVER -DSTM32F411xE -c -I../Core/Inc -I../Drivers/STM32F4xx_HAL_Driver/Inc -I../Drivers/STM32F4xx_HAL_Driver/Inc/Legacy -I../Drivers/CMSIS/Device/ST/STM32F4xx/Include -I../Drivers/CMSIS/Include -I../Middlewares/Third_Party/FreeRTOS/Source/include -I../Middlewares/Third_Party/FreeRTOS/Source/CMSIS_RTOS -I../Middlewares/Third_Party/FreeRTOS/Source/portable/GCC/ARM_CM4F -O0 -ffunction-sections -fdata-sections -Wall -fstack-usage -fcyclomatic-complexity -MMD -MP -MF"Core/Src/main.d" -MT"Core/Src/main.o" --specs=nano.specs -mfpu=fpv4-sp-d16 -mfloat-abi=hard -mthumb -o "Core/Src/main.o"
arm-none-eabi-gcc -o "Temp.elf" @"objects.list"   -mcpu=cortex-m4 -T"C:\Users\48791\Desktop\PMIK\pmik_2024l_jd\MJworkspace_due_to_different_Board\Temp\STM32F411VETX_FLASH.ld" --specs=nosys.specs -Wl,-Map="Temp.map" -Wl,--gc-sections -static --specs=nano.specs -mfpu=fpv4-sp-d16 -mfloat-abi=hard -mthumb -Wl,--start-group -lc -lm -Wl,--end-group
Finished building target: Temp.elf
 
arm-none-eabi-size  Temp.elf 
arm-none-eabi-objdump -h -S Temp.elf  > "Temp.list"
   text	   data	    bss	    dec	    hex	filename
  18680	    236	  18444	  37360	   91f0	Temp.elf
Finished building: default.size.stdout
 
Finished building: Temp.list
 
21:22:43 **** Incremental Build of configuration Debug for project Temp ****
make -j16 all 
arm-none-eabi-gcc "../Core/Src/main.c" -mcpu=cortex-m4 -std=gnu11 -g3 -DDEBUG -DUSE_HAL_DRIVER -DSTM32F411xE -c -I../Core/Inc -I../Drivers/STM32F4xx_HAL_Driver/Inc -I../Drivers/STM32F4xx_HAL_Driver/Inc/Legacy -I../Drivers/CMSIS/Device/ST/STM32F4xx/Include -I../Drivers/CMSIS/Include -I../Middlewares/Third_Party/FreeRTOS/Source/include -I../Middlewares/Third_Party/FreeRTOS/Source/CMSIS_RTOS -I../Middlewares/Third_Party/FreeRTOS/Source/portable/GCC/ARM_CM4F -O0 -ffunction-sections -fdata-sections -Wall -fstack-usage -fcyclomatic-complexity -MMD -MP -MF"Core/Src/main.d" -MT"Core/Src/main.o" --specs=nano.specs -mfpu=fpv4-sp-d16 -mfloat-abi=hard -mthumb -o "Core/Src/main.o"
arm-none-eabi-gcc -o "Temp.elf" @"objects.list"   -mcpu=cortex-m4 -T"C:\Users\48791\Desktop\PMIK\pmik_2024l_jd\MJworkspace_due_to_different_Board\Temp\STM32F411VETX_FLASH.ld" --specs=nosys.specs -Wl,-Map="Temp.map" -Wl,--gc-sections -static --specs=nano.specs -mfpu=fpv4-sp-d16 -mfloat-abi=hard -mthumb -Wl,--start-group -lc -lm -Wl,--end-group
Finished building target: Temp.elf
 
arm-none-eabi-size  Temp.elf 
arm-none-eabi-objdump -h -S Temp.elf  > "Temp.list"
   text	   data	    bss	    dec	    hex	filename
  18680	    236	  18444	  37360	   91f0	Temp.elf
Finished building: default.size.stdout
 
Finished building: Temp.list
 
21:23:15 **** Incremental Build of configuration Debug for project Temp ****
make -j16 all 
arm-none-eabi-size  Temp.elf 
   text	   data	    bss	    dec	    hex	filename
  18680	    236	  18444	  37360	   91f0	Temp.elf
Finished building: default.size.stdout
 
21:23:27 **** Incremental Build of configuration Debug for project Temp ****
make -j16 all 
arm-none-eabi-size  Temp.elf 
   text	   data	    bss	    dec	    hex	filename
  18680	    236	  18444	  37360	   91f0	Temp.elf
Finished building: default.size.stdout
 
21:24:57 **** Incremental Build of configuration Debug for project Temp ****
make -j16 all 
arm-none-eabi-gcc "../Core/Src/menuHandler.c" -mcpu=cortex-m4 -std=gnu11 -g3 -DDEBUG -DUSE_HAL_DRIVER -DSTM32F411xE -c -I../Core/Inc -I../Drivers/STM32F4xx_HAL_Driver/Inc -I../Drivers/STM32F4xx_HAL_Driver/Inc/Legacy -I../Drivers/CMSIS/Device/ST/STM32F4xx/Include -I../Drivers/CMSIS/Include -I../Middlewares/Third_Party/FreeRTOS/Source/include -I../Middlewares/Third_Party/FreeRTOS/Source/CMSIS_RTOS -I../Middlewares/Third_Party/FreeRTOS/Source/portable/GCC/ARM_CM4F -O0 -ffunction-sections -fdata-sections -Wall -fstack-usage -fcyclomatic-complexity -MMD -MP -MF"Core/Src/menuHandler.d" -MT"Core/Src/menuHandler.o" --specs=nano.specs -mfpu=fpv4-sp-d16 -mfloat-abi=hard -mthumb -o "Core/Src/menuHandler.o"
arm-none-eabi-gcc -o "Temp.elf" @"objects.list"   -mcpu=cortex-m4 -T"C:\Users\48791\Desktop\PMIK\pmik_2024l_jd\MJworkspace_due_to_different_Board\Temp\STM32F411VETX_FLASH.ld" --specs=nosys.specs -Wl,-Map="Temp.map" -Wl,--gc-sections -static --specs=nano.specs -mfpu=fpv4-sp-d16 -mfloat-abi=hard -mthumb -Wl,--start-group -lc -lm -Wl,--end-group
Finished building target: Temp.elf
 
arm-none-eabi-size  Temp.elf 
arm-none-eabi-objdump -h -S Temp.elf  > "Temp.list"
   text	   data	    bss	    dec	    hex	filename
  18680	    236	  18444	  37360	   91f0	Temp.elf
Finished building: default.size.stdout
 
Finished building: Temp.list
 
21:28:11 **** Incremental Build of configuration Debug for project Temp ****
make -j16 all 
arm-none-eabi-gcc "../Core/Src/menuHandler.c" -mcpu=cortex-m4 -std=gnu11 -g3 -DDEBUG -DUSE_HAL_DRIVER -DSTM32F411xE -c -I../Core/Inc -I../Drivers/STM32F4xx_HAL_Driver/Inc -I../Drivers/STM32F4xx_HAL_Driver/Inc/Legacy -I../Drivers/CMSIS/Device/ST/STM32F4xx/Include -I../Drivers/CMSIS/Include -I../Middlewares/Third_Party/FreeRTOS/Source/include -I../Middlewares/Third_Party/FreeRTOS/Source/CMSIS_RTOS -I../Middlewares/Third_Party/FreeRTOS/Source/portable/GCC/ARM_CM4F -O0 -ffunction-sections -fdata-sections -Wall -fstack-usage -fcyclomatic-complexity -MMD -MP -MF"Core/Src/menuHandler.d" -MT"Core/Src/menuHandler.o" --specs=nano.specs -mfpu=fpv4-sp-d16 -mfloat-abi=hard -mthumb -o "Core/Src/menuHandler.o"
arm-none-eabi-gcc -o "Temp.elf" @"objects.list"   -mcpu=cortex-m4 -T"C:\Users\48791\Desktop\PMIK\pmik_2024l_jd\MJworkspace_due_to_different_Board\Temp\STM32F411VETX_FLASH.ld" --specs=nosys.specs -Wl,-Map="Temp.map" -Wl,--gc-sections -static --specs=nano.specs -mfpu=fpv4-sp-d16 -mfloat-abi=hard -mthumb -Wl,--start-group -lc -lm -Wl,--end-group
Finished building target: Temp.elf
 
arm-none-eabi-size  Temp.elf 
arm-none-eabi-objdump -h -S Temp.elf  > "Temp.list"
   text	   data	    bss	    dec	    hex	filename
  18696	    220	  18444	  37360	   91f0	Temp.elf
Finished building: default.size.stdout
 
Finished building: Temp.list
 
21:28:33 **** Incremental Build of configuration Debug for project Temp ****
make -j16 all 
arm-none-eabi-size  Temp.elf 
   text	   data	    bss	    dec	    hex	filename
  18696	    220	  18444	  37360	   91f0	Temp.elf
Finished building: default.size.stdout
 
21:29:19 **** Incremental Build of configuration Debug for project Temp ****
make -j16 all 
arm-none-eabi-gcc "../Core/Src/menuHandler.c" -mcpu=cortex-m4 -std=gnu11 -g3 -DDEBUG -DUSE_HAL_DRIVER -DSTM32F411xE -c -I../Core/Inc -I../Drivers/STM32F4xx_HAL_Driver/Inc -I../Drivers/STM32F4xx_HAL_Driver/Inc/Legacy -I../Drivers/CMSIS/Device/ST/STM32F4xx/Include -I../Drivers/CMSIS/Include -I../Middlewares/Third_Party/FreeRTOS/Source/include -I../Middlewares/Third_Party/FreeRTOS/Source/CMSIS_RTOS -I../Middlewares/Third_Party/FreeRTOS/Source/portable/GCC/ARM_CM4F -O0 -ffunction-sections -fdata-sections -Wall -fstack-usage -fcyclomatic-complexity -MMD -MP -MF"Core/Src/menuHandler.d" -MT"Core/Src/menuHandler.o" --specs=nano.specs -mfpu=fpv4-sp-d16 -mfloat-abi=hard -mthumb -o "Core/Src/menuHandler.o"
arm-none-eabi-gcc -o "Temp.elf" @"objects.list"   -mcpu=cortex-m4 -T"C:\Users\48791\Desktop\PMIK\pmik_2024l_jd\MJworkspace_due_to_different_Board\Temp\STM32F411VETX_FLASH.ld" --specs=nosys.specs -Wl,-Map="Temp.map" -Wl,--gc-sections -static --specs=nano.specs -mfpu=fpv4-sp-d16 -mfloat-abi=hard -mthumb -Wl,--start-group -lc -lm -Wl,--end-group
Finished building target: Temp.elf
 
arm-none-eabi-size  Temp.elf 
arm-none-eabi-objdump -h -S Temp.elf  > "Temp.list"
   text	   data	    bss	    dec	    hex	filename
  18680	    236	  18444	  37360	   91f0	Temp.elf
Finished building: default.size.stdout
 
Finished building: Temp.list
 
21:31:48 **** Incremental Build of configuration Debug for project Temp ****
make -j16 all 
arm-none-eabi-gcc "../Core/Src/main.c" -mcpu=cortex-m4 -std=gnu11 -g3 -DDEBUG -DUSE_HAL_DRIVER -DSTM32F411xE -c -I../Core/Inc -I../Drivers/STM32F4xx_HAL_Driver/Inc -I../Drivers/STM32F4xx_HAL_Driver/Inc/Legacy -I../Drivers/CMSIS/Device/ST/STM32F4xx/Include -I../Drivers/CMSIS/Include -I../Middlewares/Third_Party/FreeRTOS/Source/include -I../Middlewares/Third_Party/FreeRTOS/Source/CMSIS_RTOS -I../Middlewares/Third_Party/FreeRTOS/Source/portable/GCC/ARM_CM4F -O0 -ffunction-sections -fdata-sections -Wall -fstack-usage -fcyclomatic-complexity -MMD -MP -MF"Core/Src/main.d" -MT"Core/Src/main.o" --specs=nano.specs -mfpu=fpv4-sp-d16 -mfloat-abi=hard -mthumb -o "Core/Src/main.o"
../Core/Src/main.c:55:1: error: unknown type name 'sub_t'
   55 | sub_t SUB1 = { .leftReact = leftReact1, .rightReact = rightReact1};
      | ^~~~~
../Core/Src/main.c:55:16: error: field name not in record or union initializer
   55 | sub_t SUB1 = { .leftReact = leftReact1, .rightReact = rightReact1};
      |                ^
../Core/Src/main.c:55:16: note: (near initialization for 'SUB1')
../Core/Src/main.c:55:29: error: 'leftReact1' undeclared here (not in a function)
   55 | sub_t SUB1 = { .leftReact = leftReact1, .rightReact = rightReact1};
      |                             ^~~~~~~~~~
../Core/Src/main.c:55:41: error: field name not in record or union initializer
   55 | sub_t SUB1 = { .leftReact = leftReact1, .rightReact = rightReact1};
      |                                         ^
../Core/Src/main.c:55:41: note: (near initialization for 'SUB1')
../Core/Src/main.c:55:55: error: 'rightReact1' undeclared here (not in a function)
   55 | sub_t SUB1 = { .leftReact = leftReact1, .rightReact = rightReact1};
      |                                                       ^~~~~~~~~~~
../Core/Src/main.c:55:55: warning: excess elements in scalar initializer
../Core/Src/main.c:55:55: note: (near initialization for 'SUB1')
../Core/Src/main.c:56:1: error: unknown type name 'sub_t'
   56 | sub_t SUB2 = { .leftReact = leftReact2, .rightReact = rightReact2};
      | ^~~~~
../Core/Src/main.c:56:16: error: field name not in record or union initializer
   56 | sub_t SUB2 = { .leftReact = leftReact2, .rightReact = rightReact2};
      |                ^
../Core/Src/main.c:56:16: note: (near initialization for 'SUB2')
../Core/Src/main.c:56:29: error: 'leftReact2' undeclared here (not in a function)
   56 | sub_t SUB2 = { .leftReact = leftReact2, .rightReact = rightReact2};
      |                             ^~~~~~~~~~
../Core/Src/main.c:56:41: error: field name not in record or union initializer
   56 | sub_t SUB2 = { .leftReact = leftReact2, .rightReact = rightReact2};
      |                                         ^
../Core/Src/main.c:56:41: note: (near initialization for 'SUB2')
../Core/Src/main.c:56:55: error: 'rightReact2' undeclared here (not in a function)
   56 | sub_t SUB2 = { .leftReact = leftReact2, .rightReact = rightReact2};
      |                                                       ^~~~~~~~~~~
../Core/Src/main.c:56:55: warning: excess elements in scalar initializer
../Core/Src/main.c:56:55: note: (near initialization for 'SUB2')
../Core/Src/main.c:57:1: error: unknown type name 'sub_t'
   57 | sub_t SUB3 = { .leftReact = leftReact3, .rightReact = rightReact3};
      | ^~~~~
../Core/Src/main.c:57:16: error: field name not in record or union initializer
   57 | sub_t SUB3 = { .leftReact = leftReact3, .rightReact = rightReact3};
      |                ^
../Core/Src/main.c:57:16: note: (near initialization for 'SUB3')
../Core/Src/main.c:57:29: error: 'leftReact3' undeclared here (not in a function)
   57 | sub_t SUB3 = { .leftReact = leftReact3, .rightReact = rightReact3};
      |                             ^~~~~~~~~~
../Core/Src/main.c:57:41: error: field name not in record or union initializer
   57 | sub_t SUB3 = { .leftReact = leftReact3, .rightReact = rightReact3};
      |                                         ^
../Core/Src/main.c:57:41: note: (near initialization for 'SUB3')
../Core/Src/main.c:57:55: error: 'rightReact3' undeclared here (not in a function)
   57 | sub_t SUB3 = { .leftReact = leftReact3, .rightReact = rightReact3};
      |                                                       ^~~~~~~~~~~
../Core/Src/main.c:57:55: warning: excess elements in scalar initializer
../Core/Src/main.c:57:55: note: (near initialization for 'SUB3')
../Core/Src/main.c:58:1: error: unknown type name 'menu_t'
   58 | menu_t menu = { .handleLeft = handleLeft, .handleRight = handleRight};
      | ^~~~~~
../Core/Src/main.c:58:17: error: field name not in record or union initializer
   58 | menu_t menu = { .handleLeft = handleLeft, .handleRight = handleRight};
      |                 ^
../Core/Src/main.c:58:17: note: (near initialization for 'menu')
../Core/Src/main.c:58:31: error: 'handleLeft' undeclared here (not in a function)
   58 | menu_t menu = { .handleLeft = handleLeft, .handleRight = handleRight};
      |                               ^~~~~~~~~~
../Core/Src/main.c:58:43: error: field name not in record or union initializer
   58 | menu_t menu = { .handleLeft = handleLeft, .handleRight = handleRight};
      |                                           ^
../Core/Src/main.c:58:43: note: (near initialization for 'menu')
../Core/Src/main.c:58:58: error: 'handleRight' undeclared here (not in a function)
   58 | menu_t menu = { .handleLeft = handleLeft, .handleRight = handleRight};
      |                                                          ^~~~~~~~~~~
../Core/Src/main.c:58:58: warning: excess elements in scalar initializer
../Core/Src/main.c:58:58: note: (near initialization for 'menu')
../Core/Src/main.c: In function 'main':
../Core/Src/main.c:105:7: error: request for member 'last' in something not a structure or union
  105 |   SUB1.last = &SUB3;
      |       ^
../Core/Src/main.c:106:7: error: request for member 'next' in something not a structure or union
  106 |   SUB1.next = &SUB2;
      |       ^
../Core/Src/main.c:107:7: error: request for member 'last' in something not a structure or union
  107 |   SUB2.last = &SUB1;
      |       ^
../Core/Src/main.c:108:7: error: request for member 'next' in something not a structure or union
  108 |   SUB2.next = &SUB3;
      |       ^
../Core/Src/main.c:109:7: error: request for member 'last' in something not a structure or union
  109 |   SUB3.last = &SUB2;
      |       ^
../Core/Src/main.c:110:7: error: request for member 'next' in something not a structure or union
  110 |   SUB3.next = &SUB1;
      |       ^
../Core/Src/main.c:111:7: error: request for member 'currentMenu' in something not a structure or union
  111 |   menu.currentMenu = &SUB3;
      |       ^
../Core/Src/main.c:136:3: warning: implicit declaration of function 'sub3Menu' [-Wimplicit-function-declaration]
  136 |   sub3Menu();
      |   ^~~~~~~~
../Core/Src/main.c: In function 'StartDefaultTask':
../Core/Src/main.c:436:15: error: request for member 'currentMenu' in something not a structure or union
  436 |           menu.currentMenu = &SUB3;
      |               ^
../Core/Src/main.c:442:11: warning: implicit declaration of function 'defaultMenu' [-Wimplicit-function-declaration]
  442 |           defaultMenu();
      |           ^~~~~~~~~~~
../Core/Src/main.c:443:15: error: request for member 'currentMenu' in something not a structure or union
  443 |           menu.currentMenu = &SUB1;
      |               ^
../Core/Src/main.c: In function 'displayMenu_Init':
../Core/Src/main.c:551:13: error: request for member 'handleLeft' in something not a structure or union
  551 |         menu.handleLeft(&menu);
      |             ^
../Core/Src/main.c:556:13: error: request for member 'handleRight' in something not a structure or union
  556 |         menu.handleRight(&menu);
      |             ^
make: *** [Core/Src/subdir.mk:46: Core/Src/main.o] Error 1
"make -j16 all" terminated with exit code 2. Build might be incomplete.
21:32:00 **** Incremental Build of configuration Debug for project Temp ****
make -j16 all 
arm-none-eabi-gcc "../Core/Src/main.c" -mcpu=cortex-m4 -std=gnu11 -g3 -DDEBUG -DUSE_HAL_DRIVER -DSTM32F411xE -c -I../Core/Inc -I../Drivers/STM32F4xx_HAL_Driver/Inc -I../Drivers/STM32F4xx_HAL_Driver/Inc/Legacy -I../Drivers/CMSIS/Device/ST/STM32F4xx/Include -I../Drivers/CMSIS/Include -I../Middlewares/Third_Party/FreeRTOS/Source/include -I../Middlewares/Third_Party/FreeRTOS/Source/CMSIS_RTOS -I../Middlewares/Third_Party/FreeRTOS/Source/portable/GCC/ARM_CM4F -O0 -ffunction-sections -fdata-sections -Wall -fstack-usage -fcyclomatic-complexity -MMD -MP -MF"Core/Src/main.d" -MT"Core/Src/main.o" --specs=nano.specs -mfpu=fpv4-sp-d16 -mfloat-abi=hard -mthumb -o "Core/Src/main.o"
../Core/Src/main.c:55:1: error: unknown type name 'sub_t'
   55 | sub_t SUB1 = { .leftReact = leftReact1, .rightReact = rightReact1};
      | ^~~~~
../Core/Src/main.c:55:16: error: field name not in record or union initializer
   55 | sub_t SUB1 = { .leftReact = leftReact1, .rightReact = rightReact1};
      |                ^
../Core/Src/main.c:55:16: note: (near initialization for 'SUB1')
../Core/Src/main.c:55:29: error: 'leftReact1' undeclared here (not in a function)
   55 | sub_t SUB1 = { .leftReact = leftReact1, .rightReact = rightReact1};
      |                             ^~~~~~~~~~
../Core/Src/main.c:55:41: error: field name not in record or union initializer
   55 | sub_t SUB1 = { .leftReact = leftReact1, .rightReact = rightReact1};
      |                                         ^
../Core/Src/main.c:55:41: note: (near initialization for 'SUB1')
../Core/Src/main.c:55:55: error: 'rightReact1' undeclared here (not in a function)
   55 | sub_t SUB1 = { .leftReact = leftReact1, .rightReact = rightReact1};
      |                                                       ^~~~~~~~~~~
../Core/Src/main.c:55:55: warning: excess elements in scalar initializer
../Core/Src/main.c:55:55: note: (near initialization for 'SUB1')
../Core/Src/main.c:56:1: error: unknown type name 'sub_t'
   56 | sub_t SUB2 = { .leftReact = leftReact2, .rightReact = rightReact2};
      | ^~~~~
../Core/Src/main.c:56:16: error: field name not in record or union initializer
   56 | sub_t SUB2 = { .leftReact = leftReact2, .rightReact = rightReact2};
      |                ^
../Core/Src/main.c:56:16: note: (near initialization for 'SUB2')
../Core/Src/main.c:56:29: error: 'leftReact2' undeclared here (not in a function)
   56 | sub_t SUB2 = { .leftReact = leftReact2, .rightReact = rightReact2};
      |                             ^~~~~~~~~~
../Core/Src/main.c:56:41: error: field name not in record or union initializer
   56 | sub_t SUB2 = { .leftReact = leftReact2, .rightReact = rightReact2};
      |                                         ^
../Core/Src/main.c:56:41: note: (near initialization for 'SUB2')
../Core/Src/main.c:56:55: error: 'rightReact2' undeclared here (not in a function)
   56 | sub_t SUB2 = { .leftReact = leftReact2, .rightReact = rightReact2};
      |                                                       ^~~~~~~~~~~
../Core/Src/main.c:56:55: warning: excess elements in scalar initializer
../Core/Src/main.c:56:55: note: (near initialization for 'SUB2')
../Core/Src/main.c:57:1: error: unknown type name 'sub_t'
   57 | sub_t SUB3 = { .leftReact = leftReact3, .rightReact = rightReact3};
      | ^~~~~
../Core/Src/main.c:57:16: error: field name not in record or union initializer
   57 | sub_t SUB3 = { .leftReact = leftReact3, .rightReact = rightReact3};
      |                ^
../Core/Src/main.c:57:16: note: (near initialization for 'SUB3')
../Core/Src/main.c:57:29: error: 'leftReact3' undeclared here (not in a function)
   57 | sub_t SUB3 = { .leftReact = leftReact3, .rightReact = rightReact3};
      |                             ^~~~~~~~~~
../Core/Src/main.c:57:41: error: field name not in record or union initializer
   57 | sub_t SUB3 = { .leftReact = leftReact3, .rightReact = rightReact3};
      |                                         ^
../Core/Src/main.c:57:41: note: (near initialization for 'SUB3')
../Core/Src/main.c:57:55: error: 'rightReact3' undeclared here (not in a function)
   57 | sub_t SUB3 = { .leftReact = leftReact3, .rightReact = rightReact3};
      |                                                       ^~~~~~~~~~~
../Core/Src/main.c:57:55: warning: excess elements in scalar initializer
../Core/Src/main.c:57:55: note: (near initialization for 'SUB3')
../Core/Src/main.c:58:1: error: unknown type name 'menu_t'
   58 | menu_t menu = { .handleLeft = handleLeft, .handleRight = handleRight};
      | ^~~~~~
../Core/Src/main.c:58:17: error: field name not in record or union initializer
   58 | menu_t menu = { .handleLeft = handleLeft, .handleRight = handleRight};
      |                 ^
../Core/Src/main.c:58:17: note: (near initialization for 'menu')
../Core/Src/main.c:58:31: error: 'handleLeft' undeclared here (not in a function)
   58 | menu_t menu = { .handleLeft = handleLeft, .handleRight = handleRight};
      |                               ^~~~~~~~~~
../Core/Src/main.c:58:43: error: field name not in record or union initializer
   58 | menu_t menu = { .handleLeft = handleLeft, .handleRight = handleRight};
      |                                           ^
../Core/Src/main.c:58:43: note: (near initialization for 'menu')
../Core/Src/main.c:58:58: error: 'handleRight' undeclared here (not in a function)
   58 | menu_t menu = { .handleLeft = handleLeft, .handleRight = handleRight};
      |                                                          ^~~~~~~~~~~
../Core/Src/main.c:58:58: warning: excess elements in scalar initializer
../Core/Src/main.c:58:58: note: (near initialization for 'menu')
../Core/Src/main.c: In function 'main':
../Core/Src/main.c:105:7: error: request for member 'last' in something not a structure or union
  105 |   SUB1.last = &SUB3;
      |       ^
../Core/Src/main.c:106:7: error: request for member 'next' in something not a structure or union
  106 |   SUB1.next = &SUB2;
      |       ^
../Core/Src/main.c:107:7: error: request for member 'last' in something not a structure or union
  107 |   SUB2.last = &SUB1;
      |       ^
../Core/Src/main.c:108:7: error: request for member 'next' in something not a structure or union
  108 |   SUB2.next = &SUB3;
      |       ^
../Core/Src/main.c:109:7: error: request for member 'last' in something not a structure or union
  109 |   SUB3.last = &SUB2;
      |       ^
../Core/Src/main.c:110:7: error: request for member 'next' in something not a structure or union
  110 |   SUB3.next = &SUB1;
      |       ^
../Core/Src/main.c:111:7: error: request for member 'currentMenu' in something not a structure or union
  111 |   menu.currentMenu = &SUB3;
      |       ^
../Core/Src/main.c:136:3: warning: implicit declaration of function 'sub3Menu' [-Wimplicit-function-declaration]
  136 |   sub3Menu();
      |   ^~~~~~~~
../Core/Src/main.c: In function 'StartDefaultTask':
../Core/Src/main.c:436:15: error: request for member 'currentMenu' in something not a structure or union
  436 |           menu.currentMenu = &SUB3;
      |               ^
../Core/Src/main.c:442:11: warning: implicit declaration of function 'defaultMenu' [-Wimplicit-function-declaration]
  442 |           defaultMenu();
      |           ^~~~~~~~~~~
../Core/Src/main.c:443:15: error: request for member 'currentMenu' in something not a structure or union
  443 |           menu.currentMenu = &SUB1;
      |               ^
../Core/Src/main.c: In function 'displayMenu_Init':
../Core/Src/main.c:551:13: error: request for member 'handleLeft' in something not a structure or union
  551 |         menu.handleLeft(&menu);
      |             ^
../Core/Src/main.c:556:13: error: request for member 'handleRight' in something not a structure or union
  556 |         menu.handleRight(&menu);
      |             ^
make: *** [Core/Src/subdir.mk:46: Core/Src/main.o] Error 1
"make -j16 all" terminated with exit code 2. Build might be incomplete.
21:32:14 **** Incremental Build of configuration Debug for project Temp ****
make -j16 all 
arm-none-eabi-gcc "../Core/Src/main.c" -mcpu=cortex-m4 -std=gnu11 -g3 -DDEBUG -DUSE_HAL_DRIVER -DSTM32F411xE -c -I../Core/Inc -I../Drivers/STM32F4xx_HAL_Driver/Inc -I../Drivers/STM32F4xx_HAL_Driver/Inc/Legacy -I../Drivers/CMSIS/Device/ST/STM32F4xx/Include -I../Drivers/CMSIS/Include -I../Middlewares/Third_Party/FreeRTOS/Source/include -I../Middlewares/Third_Party/FreeRTOS/Source/CMSIS_RTOS -I../Middlewares/Third_Party/FreeRTOS/Source/portable/GCC/ARM_CM4F -O0 -ffunction-sections -fdata-sections -Wall -fstack-usage -fcyclomatic-complexity -MMD -MP -MF"Core/Src/main.d" -MT"Core/Src/main.o" --specs=nano.specs -mfpu=fpv4-sp-d16 -mfloat-abi=hard -mthumb -o "Core/Src/main.o"
../Core/Src/main.c:55:1: error: unknown type name 'sub_t'
   55 | sub_t SUB1 = { .leftReact = leftReact1, .rightReact = rightReact1};
      | ^~~~~
../Core/Src/main.c:55:16: error: field name not in record or union initializer
   55 | sub_t SUB1 = { .leftReact = leftReact1, .rightReact = rightReact1};
      |                ^
../Core/Src/main.c:55:16: note: (near initialization for 'SUB1')
../Core/Src/main.c:55:29: error: 'leftReact1' undeclared here (not in a function)
   55 | sub_t SUB1 = { .leftReact = leftReact1, .rightReact = rightReact1};
      |                             ^~~~~~~~~~
../Core/Src/main.c:55:41: error: field name not in record or union initializer
   55 | sub_t SUB1 = { .leftReact = leftReact1, .rightReact = rightReact1};
      |                                         ^
../Core/Src/main.c:55:41: note: (near initialization for 'SUB1')
../Core/Src/main.c:55:55: error: 'rightReact1' undeclared here (not in a function)
   55 | sub_t SUB1 = { .leftReact = leftReact1, .rightReact = rightReact1};
      |                                                       ^~~~~~~~~~~
../Core/Src/main.c:55:55: warning: excess elements in scalar initializer
../Core/Src/main.c:55:55: note: (near initialization for 'SUB1')
../Core/Src/main.c:56:1: error: unknown type name 'sub_t'
   56 | sub_t SUB2 = { .leftReact = leftReact2, .rightReact = rightReact2};
      | ^~~~~
../Core/Src/main.c:56:16: error: field name not in record or union initializer
   56 | sub_t SUB2 = { .leftReact = leftReact2, .rightReact = rightReact2};
      |                ^
../Core/Src/main.c:56:16: note: (near initialization for 'SUB2')
../Core/Src/main.c:56:29: error: 'leftReact2' undeclared here (not in a function)
   56 | sub_t SUB2 = { .leftReact = leftReact2, .rightReact = rightReact2};
      |                             ^~~~~~~~~~
../Core/Src/main.c:56:41: error: field name not in record or union initializer
   56 | sub_t SUB2 = { .leftReact = leftReact2, .rightReact = rightReact2};
      |                                         ^
../Core/Src/main.c:56:41: note: (near initialization for 'SUB2')
../Core/Src/main.c:56:55: error: 'rightReact2' undeclared here (not in a function)
   56 | sub_t SUB2 = { .leftReact = leftReact2, .rightReact = rightReact2};
      |                                                       ^~~~~~~~~~~
../Core/Src/main.c:56:55: warning: excess elements in scalar initializer
../Core/Src/main.c:56:55: note: (near initialization for 'SUB2')
../Core/Src/main.c:57:1: error: unknown type name 'sub_t'
   57 | sub_t SUB3 = { .leftReact = leftReact3, .rightReact = rightReact3};
      | ^~~~~
../Core/Src/main.c:57:16: error: field name not in record or union initializer
   57 | sub_t SUB3 = { .leftReact = leftReact3, .rightReact = rightReact3};
      |                ^
../Core/Src/main.c:57:16: note: (near initialization for 'SUB3')
../Core/Src/main.c:57:29: error: 'leftReact3' undeclared here (not in a function)
   57 | sub_t SUB3 = { .leftReact = leftReact3, .rightReact = rightReact3};
      |                             ^~~~~~~~~~
../Core/Src/main.c:57:41: error: field name not in record or union initializer
   57 | sub_t SUB3 = { .leftReact = leftReact3, .rightReact = rightReact3};
      |                                         ^
../Core/Src/main.c:57:41: note: (near initialization for 'SUB3')
../Core/Src/main.c:57:55: error: 'rightReact3' undeclared here (not in a function)
   57 | sub_t SUB3 = { .leftReact = leftReact3, .rightReact = rightReact3};
      |                                                       ^~~~~~~~~~~
../Core/Src/main.c:57:55: warning: excess elements in scalar initializer
../Core/Src/main.c:57:55: note: (near initialization for 'SUB3')
../Core/Src/main.c:58:1: error: unknown type name 'menu_t'
   58 | menu_t menu = { .handleLeft = handleLeft, .handleRight = handleRight};
      | ^~~~~~
../Core/Src/main.c:58:17: error: field name not in record or union initializer
   58 | menu_t menu = { .handleLeft = handleLeft, .handleRight = handleRight};
      |                 ^
../Core/Src/main.c:58:17: note: (near initialization for 'menu')
../Core/Src/main.c:58:31: error: 'handleLeft' undeclared here (not in a function)
   58 | menu_t menu = { .handleLeft = handleLeft, .handleRight = handleRight};
      |                               ^~~~~~~~~~
../Core/Src/main.c:58:43: error: field name not in record or union initializer
   58 | menu_t menu = { .handleLeft = handleLeft, .handleRight = handleRight};
      |                                           ^
[...]
arm-none-eabi-gcc -o "Temp.elf" @"objects.list"   -mcpu=cortex-m4 -T"C:\Users\48791\Desktop\PMIK\pmik_2024l_jd\MJworkspace_due_to_different_Board\Temp\STM32F411VETX_FLASH.ld" --specs=nosys.specs -Wl,-Map="Temp.map" -Wl,--gc-sections -static --specs=nano.specs -mfpu=fpv4-sp-d16 -mfloat-abi=hard -mthumb -Wl,--start-group -lc -lm -Wl,--end-group
Finished building target: Temp.elf
 
arm-none-eabi-size  Temp.elf 
arm-none-eabi-objdump -h -S Temp.elf  > "Temp.list"
   text	   data	    bss	    dec	    hex	filename
  18696	    236	  18444	  37376	   9200	Temp.elf
Finished building: default.size.stdout
 
Finished building: Temp.list
 
22:19:19 **** Incremental Build of configuration Debug for project Temp ****
make -j16 all 
arm-none-eabi-size  Temp.elf 
   text	   data	    bss	    dec	    hex	filename
  18696	    236	  18444	  37376	   9200	Temp.elf
Finished building: default.size.stdout
 
22:20:59 **** Incremental Build of configuration Debug for project Temp ****
make -j16 all 
arm-none-eabi-gcc "../Core/Src/liquidcrystal_i2c.c" -mcpu=cortex-m4 -std=gnu11 -g3 -DDEBUG -DUSE_HAL_DRIVER -DSTM32F411xE -c -I../Core/Inc -I../Drivers/STM32F4xx_HAL_Driver/Inc -I../Drivers/STM32F4xx_HAL_Driver/Inc/Legacy -I../Drivers/CMSIS/Device/ST/STM32F4xx/Include -I../Drivers/CMSIS/Include -I../Middlewares/Third_Party/FreeRTOS/Source/include -I../Middlewares/Third_Party/FreeRTOS/Source/CMSIS_RTOS -I../Middlewares/Third_Party/FreeRTOS/Source/portable/GCC/ARM_CM4F -O0 -ffunction-sections -fdata-sections -Wall -fstack-usage -fcyclomatic-complexity -MMD -MP -MF"Core/Src/liquidcrystal_i2c.d" -MT"Core/Src/liquidcrystal_i2c.o" --specs=nano.specs -mfpu=fpv4-sp-d16 -mfloat-abi=hard -mthumb -o "Core/Src/liquidcrystal_i2c.o"
arm-none-eabi-gcc -o "Temp.elf" @"objects.list"   -mcpu=cortex-m4 -T"C:\Users\48791\Desktop\PMIK\pmik_2024l_jd\MJworkspace_due_to_different_Board\Temp\STM32F411VETX_FLASH.ld" --specs=nosys.specs -Wl,-Map="Temp.map" -Wl,--gc-sections -static --specs=nano.specs -mfpu=fpv4-sp-d16 -mfloat-abi=hard -mthumb -Wl,--start-group -lc -lm -Wl,--end-group
Finished building target: Temp.elf
 
arm-none-eabi-size  Temp.elf 
arm-none-eabi-objdump -h -S Temp.elf  > "Temp.list"
   text	   data	    bss	    dec	    hex	filename
  18696	    236	  18444	  37376	   9200	Temp.elf
Finished building: default.size.stdout
 
Finished building: Temp.list
 
22:21:41 **** Incremental Build of configuration Debug for project Temp ****
make -j16 all 
arm-none-eabi-size  Temp.elf 
   text	   data	    bss	    dec	    hex	filename
  18696	    236	  18444	  37376	   9200	Temp.elf
Finished building: default.size.stdout
 
22:24:37 **** Incremental Build of configuration Debug for project Temp ****
make -j16 all 
arm-none-eabi-gcc "../Core/Src/liquidcrystal_i2c.c" -mcpu=cortex-m4 -std=gnu11 -g3 -DDEBUG -DUSE_HAL_DRIVER -DSTM32F411xE -c -I../Core/Inc -I../Drivers/STM32F4xx_HAL_Driver/Inc -I../Drivers/STM32F4xx_HAL_Driver/Inc/Legacy -I../Drivers/CMSIS/Device/ST/STM32F4xx/Include -I../Drivers/CMSIS/Include -I../Middlewares/Third_Party/FreeRTOS/Source/include -I../Middlewares/Third_Party/FreeRTOS/Source/CMSIS_RTOS -I../Middlewares/Third_Party/FreeRTOS/Source/portable/GCC/ARM_CM4F -O0 -ffunction-sections -fdata-sections -Wall -fstack-usage -fcyclomatic-complexity -MMD -MP -MF"Core/Src/liquidcrystal_i2c.d" -MT"Core/Src/liquidcrystal_i2c.o" --specs=nano.specs -mfpu=fpv4-sp-d16 -mfloat-abi=hard -mthumb -o "Core/Src/liquidcrystal_i2c.o"
arm-none-eabi-gcc "../Core/Src/main.c" -mcpu=cortex-m4 -std=gnu11 -g3 -DDEBUG -DUSE_HAL_DRIVER -DSTM32F411xE -c -I../Core/Inc -I../Drivers/STM32F4xx_HAL_Driver/Inc -I../Drivers/STM32F4xx_HAL_Driver/Inc/Legacy -I../Drivers/CMSIS/Device/ST/STM32F4xx/Include -I../Drivers/CMSIS/Include -I../Middlewares/Third_Party/FreeRTOS/Source/include -I../Middlewares/Third_Party/FreeRTOS/Source/CMSIS_RTOS -I../Middlewares/Third_Party/FreeRTOS/Source/portable/GCC/ARM_CM4F -O0 -ffunction-sections -fdata-sections -Wall -fstack-usage -fcyclomatic-complexity -MMD -MP -MF"Core/Src/main.d" -MT"Core/Src/main.o" --specs=nano.specs -mfpu=fpv4-sp-d16 -mfloat-abi=hard -mthumb -o "Core/Src/main.o"
arm-none-eabi-gcc -o "Temp.elf" @"objects.list"   -mcpu=cortex-m4 -T"C:\Users\48791\Desktop\PMIK\pmik_2024l_jd\MJworkspace_due_to_different_Board\Temp\STM32F411VETX_FLASH.ld" --specs=nosys.specs -Wl,-Map="Temp.map" -Wl,--gc-sections -static --specs=nano.specs -mfpu=fpv4-sp-d16 -mfloat-abi=hard -mthumb -Wl,--start-group -lc -lm -Wl,--end-group
Finished building target: Temp.elf
 
arm-none-eabi-size  Temp.elf 
arm-none-eabi-objdump -h -S Temp.elf  > "Temp.list"
   text	   data	    bss	    dec	    hex	filename
  18616	    236	  18444	  37296	   91b0	Temp.elf
Finished building: default.size.stdout
 
Finished building: Temp.list
 
22:26:24 **** Incremental Build of configuration Debug for project Temp ****
make -j16 all 
arm-none-eabi-size  Temp.elf 
   text	   data	    bss	    dec	    hex	filename
  18616	    236	  18444	  37296	   91b0	Temp.elf
Finished building: default.size.stdout
 
22:27:10 **** Incremental Build of configuration Debug for project Temp ****
make -j16 all 
arm-none-eabi-size  Temp.elf 
   text	   data	    bss	    dec	    hex	filename
  18616	    236	  18444	  37296	   91b0	Temp.elf
Finished building: default.size.stdout
 
22:29:15 **** Incremental Build of configuration Debug for project Temp ****
make -j16 all 
arm-none-eabi-gcc "../Core/Src/main.c" -mcpu=cortex-m4 -std=gnu11 -g3 -DDEBUG -DUSE_HAL_DRIVER -DSTM32F411xE -c -I../Core/Inc -I../Drivers/STM32F4xx_HAL_Driver/Inc -I../Drivers/STM32F4xx_HAL_Driver/Inc/Legacy -I../Drivers/CMSIS/Device/ST/STM32F4xx/Include -I../Drivers/CMSIS/Include -I../Middlewares/Third_Party/FreeRTOS/Source/include -I../Middlewares/Third_Party/FreeRTOS/Source/CMSIS_RTOS -I../Middlewares/Third_Party/FreeRTOS/Source/portable/GCC/ARM_CM4F -O0 -ffunction-sections -fdata-sections -Wall -fstack-usage -fcyclomatic-complexity -MMD -MP -MF"Core/Src/main.d" -MT"Core/Src/main.o" --specs=nano.specs -mfpu=fpv4-sp-d16 -mfloat-abi=hard -mthumb -o "Core/Src/main.o"
arm-none-eabi-gcc -o "Temp.elf" @"objects.list"   -mcpu=cortex-m4 -T"C:\Users\48791\Desktop\PMIK\pmik_2024l_jd\MJworkspace_due_to_different_Board\Temp\STM32F411VETX_FLASH.ld" --specs=nosys.specs -Wl,-Map="Temp.map" -Wl,--gc-sections -static --specs=nano.specs -mfpu=fpv4-sp-d16 -mfloat-abi=hard -mthumb -Wl,--start-group -lc -lm -Wl,--end-group
Finished building target: Temp.elf
 
arm-none-eabi-size  Temp.elf 
arm-none-eabi-objdump -h -S Temp.elf  > "Temp.list"
   text	   data	    bss	    dec	    hex	filename
  18568	    236	  18444	  37248	   9180	Temp.elf
Finished building: default.size.stdout
 
Finished building: Temp.list
 
22:29:34 **** Incremental Build of configuration Debug for project Temp ****
make -j16 all 
arm-none-eabi-size  Temp.elf 
   text	   data	    bss	    dec	    hex	filename
  18568	    236	  18444	  37248	   9180	Temp.elf
Finished building: default.size.stdout
 
22:45:20 **** Incremental Build of configuration Debug for project Temp ****
make -j16 all 
arm-none-eabi-gcc "../Core/Src/main.c" -mcpu=cortex-m4 -std=gnu11 -g3 -DDEBUG -DUSE_HAL_DRIVER -DSTM32F411xE -c -I../Core/Inc -I../Drivers/STM32F4xx_HAL_Driver/Inc -I../Drivers/STM32F4xx_HAL_Driver/Inc/Legacy -I../Drivers/CMSIS/Device/ST/STM32F4xx/Include -I../Drivers/CMSIS/Include -I../Middlewares/Third_Party/FreeRTOS/Source/include -I../Middlewares/Third_Party/FreeRTOS/Source/CMSIS_RTOS -I../Middlewares/Third_Party/FreeRTOS/Source/portable/GCC/ARM_CM4F -O0 -ffunction-sections -fdata-sections -Wall -fstack-usage -fcyclomatic-complexity -MMD -MP -MF"Core/Src/main.d" -MT"Core/Src/main.o" --specs=nano.specs -mfpu=fpv4-sp-d16 -mfloat-abi=hard -mthumb -o "Core/Src/main.o"
arm-none-eabi-gcc "../Core/Src/menuHandler.c" -mcpu=cortex-m4 -std=gnu11 -g3 -DDEBUG -DUSE_HAL_DRIVER -DSTM32F411xE -c -I../Core/Inc -I../Drivers/STM32F4xx_HAL_Driver/Inc -I../Drivers/STM32F4xx_HAL_Driver/Inc/Legacy -I../Drivers/CMSIS/Device/ST/STM32F4xx/Include -I../Drivers/CMSIS/Include -I../Middlewares/Third_Party/FreeRTOS/Source/include -I../Middlewares/Third_Party/FreeRTOS/Source/CMSIS_RTOS -I../Middlewares/Third_Party/FreeRTOS/Source/portable/GCC/ARM_CM4F -O0 -ffunction-sections -fdata-sections -Wall -fstack-usage -fcyclomatic-complexity -MMD -MP -MF"Core/Src/menuHandler.d" -MT"Core/Src/menuHandler.o" --specs=nano.specs -mfpu=fpv4-sp-d16 -mfloat-abi=hard -mthumb -o "Core/Src/menuHandler.o"
In file included from ../Core/Src/menuHandler.c:1:
../Core/Inc/menuHandler.h:44:5: error: unknown type name 'uint16_t'
   44 |     uint16_t cursorPos;
      |     ^~~~~~~~
make: *** [Core/Src/subdir.mk:46: Core/Src/menuHandler.o] Error 1
make: *** Waiting for unfinished jobs....
../Core/Src/main.c:56:81: error: 'clickedReact1' undeclared here (not in a function)
   56 | sub_t SUB1 = { .leftReact = leftReact1, .rightReact = rightReact1,.clickedReact=clickedReact1};
      |                                                                                 ^~~~~~~~~~~~~
../Core/Src/main.c:59:85: error: 'handleClicked' undeclared here (not in a function)
   59 | menu_t menu = { .handleLeft = handleLeft, .handleRight = handleRight, .clickedReact=handleClicked};
      |                                                                                     ^~~~~~~~~~~~~
make: *** [Core/Src/subdir.mk:46: Core/Src/main.o] Error 1
"make -j16 all" terminated with exit code 2. Build might be incomplete.
22:47:14 **** Incremental Build of configuration Debug for project Temp ****
make -j16 all 
arm-none-eabi-gcc "../Core/Src/main.c" -mcpu=cortex-m4 -std=gnu11 -g3 -DDEBUG -DUSE_HAL_DRIVER -DSTM32F411xE -c -I../Core/Inc -I../Drivers/STM32F4xx_HAL_Driver/Inc -I../Drivers/STM32F4xx_HAL_Driver/Inc/Legacy -I../Drivers/CMSIS/Device/ST/STM32F4xx/Include -I../Drivers/CMSIS/Include -I../Middlewares/Third_Party/FreeRTOS/Source/include -I../Middlewares/Third_Party/FreeRTOS/Source/CMSIS_RTOS -I../Middlewares/Third_Party/FreeRTOS/Source/portable/GCC/ARM_CM4F -O0 -ffunction-sections -fdata-sections -Wall -fstack-usage -fcyclomatic-complexity -MMD -MP -MF"Core/Src/main.d" -MT"Core/Src/main.o" --specs=nano.specs -mfpu=fpv4-sp-d16 -mfloat-abi=hard -mthumb -o "Core/Src/main.o"
arm-none-eabi-gcc "../Core/Src/menuHandler.c" -mcpu=cortex-m4 -std=gnu11 -g3 -DDEBUG -DUSE_HAL_DRIVER -DSTM32F411xE -c -I../Core/Inc -I../Drivers/STM32F4xx_HAL_Driver/Inc -I../Drivers/STM32F4xx_HAL_Driver/Inc/Legacy -I../Drivers/CMSIS/Device/ST/STM32F4xx/Include -I../Drivers/CMSIS/Include -I../Middlewares/Third_Party/FreeRTOS/Source/include -I../Middlewares/Third_Party/FreeRTOS/Source/CMSIS_RTOS -I../Middlewares/Third_Party/FreeRTOS/Source/portable/GCC/ARM_CM4F -O0 -ffunction-sections -fdata-sections -Wall -fstack-usage -fcyclomatic-complexity -MMD -MP -MF"Core/Src/menuHandler.d" -MT"Core/Src/menuHandler.o" --specs=nano.specs -mfpu=fpv4-sp-d16 -mfloat-abi=hard -mthumb -o "Core/Src/menuHandler.o"
In file included from ../Core/Src/menuHandler.c:1:
../Core/Inc/menuHandler.h:44:5: error: unknown type name 'u_int8_t'
   44 |     u_int8_t cursorPos;
      |     ^~~~~~~~
make: *** [Core/Src/subdir.mk:46: Core/Src/menuHandler.o] Error 1
make: *** Waiting for unfinished jobs....
In file included from ../Core/Src/main.c:25:
../Core/Inc/menuHandler.h:44:5: error: unknown type name 'u_int8_t'
   44 |     u_int8_t cursorPos;
      |     ^~~~~~~~
../Core/Src/main.c:56:81: error: 'clickedReact1' undeclared here (not in a function)
   56 | sub_t SUB1 = { .leftReact = leftReact1, .rightReact = rightReact1,.clickedReact=clickedReact1};
      |                                                                                 ^~~~~~~~~~~~~
../Core/Src/main.c:59:85: error: 'handleClicked' undeclared here (not in a function)
   59 | menu_t menu = { .handleLeft = handleLeft, .handleRight = handleRight, .clickedReact=handleClicked};
      |                                                                                     ^~~~~~~~~~~~~
make: *** [Core/Src/subdir.mk:46: Core/Src/main.o] Error 1
"make -j16 all" terminated with exit code 2. Build might be incomplete.
22:48:02 **** Incremental Build of configuration Debug for project Temp ****
make -j16 all 
arm-none-eabi-gcc "../Core/Src/main.c" -mcpu=cortex-m4 -std=gnu11 -g3 -DDEBUG -DUSE_HAL_DRIVER -DSTM32F411xE -c -I../Core/Inc -I../Drivers/STM32F4xx_HAL_Driver/Inc -I../Drivers/STM32F4xx_HAL_Driver/Inc/Legacy -I../Drivers/CMSIS/Device/ST/STM32F4xx/Include -I../Drivers/CMSIS/Include -I../Middlewares/Third_Party/FreeRTOS/Source/include -I../Middlewares/Third_Party/FreeRTOS/Source/CMSIS_RTOS -I../Middlewares/Third_Party/FreeRTOS/Source/portable/GCC/ARM_CM4F -O0 -ffunction-sections -fdata-sections -Wall -fstack-usage -fcyclomatic-complexity -MMD -MP -MF"Core/Src/main.d" -MT"Core/Src/main.o" --specs=nano.specs -mfpu=fpv4-sp-d16 -mfloat-abi=hard -mthumb -o "Core/Src/main.o"
arm-none-eabi-gcc "../Core/Src/menuHandler.c" -mcpu=cortex-m4 -std=gnu11 -g3 -DDEBUG -DUSE_HAL_DRIVER -DSTM32F411xE -c -I../Core/Inc -I../Drivers/STM32F4xx_HAL_Driver/Inc -I../Drivers/STM32F4xx_HAL_Driver/Inc/Legacy -I../Drivers/CMSIS/Device/ST/STM32F4xx/Include -I../Drivers/CMSIS/Include -I../Middlewares/Third_Party/FreeRTOS/Source/include -I../Middlewares/Third_Party/FreeRTOS/Source/CMSIS_RTOS -I../Middlewares/Third_Party/FreeRTOS/Source/portable/GCC/ARM_CM4F -O0 -ffunction-sections -fdata-sections -Wall -fstack-usage -fcyclomatic-complexity -MMD -MP -MF"Core/Src/menuHandler.d" -MT"Core/Src/menuHandler.o" --specs=nano.specs -mfpu=fpv4-sp-d16 -mfloat-abi=hard -mthumb -o "Core/Src/menuHandler.o"
../Core/Src/main.c:56:81: error: 'clickedReact1' undeclared here (not in a function)
   56 | sub_t SUB1 = { .leftReact = leftReact1, .rightReact = rightReact1,.clickedReact=clickedReact1};
      |                                                                                 ^~~~~~~~~~~~~
../Core/Src/main.c:59:85: error: 'handleClicked' undeclared here (not in a function)
   59 | menu_t menu = { .handleLeft = handleLeft, .handleRight = handleRight, .clickedReact=handleClicked};
      |                                                                                     ^~~~~~~~~~~~~
make: *** [Core/Src/subdir.mk:46: Core/Src/main.o] Error 1
make: *** Waiting for unfinished jobs....
"make -j16 all" terminated with exit code 2. Build might be incomplete.
22:49:40 **** Incremental Build of configuration Debug for project Temp ****
make -j16 all 
arm-none-eabi-gcc "../Core/Src/main.c" -mcpu=cortex-m4 -std=gnu11 -g3 -DDEBUG -DUSE_HAL_DRIVER -DSTM32F411xE -c -I../Core/Inc -I../Drivers/STM32F4xx_HAL_Driver/Inc -I../Drivers/STM32F4xx_HAL_Driver/Inc/Legacy -I../Drivers/CMSIS/Device/ST/STM32F4xx/Include -I../Drivers/CMSIS/Include -I../Middlewares/Third_Party/FreeRTOS/Source/include -I../Middlewares/Third_Party/FreeRTOS/Source/CMSIS_RTOS -I../Middlewares/Third_Party/FreeRTOS/Source/portable/GCC/ARM_CM4F -O0 -ffunction-sections -fdata-sections -Wall -fstack-usage -fcyclomatic-complexity -MMD -MP -MF"Core/Src/main.d" -MT"Core/Src/main.o" --specs=nano.specs -mfpu=fpv4-sp-d16 -mfloat-abi=hard -mthumb -o "Core/Src/main.o"
arm-none-eabi-gcc "../Core/Src/menuHandler.c" -mcpu=cortex-m4 -std=gnu11 -g3 -DDEBUG -DUSE_HAL_DRIVER -DSTM32F411xE -c -I../Core/Inc -I../Drivers/STM32F4xx_HAL_Driver/Inc -I../Drivers/STM32F4xx_HAL_Driver/Inc/Legacy -I../Drivers/CMSIS/Device/ST/STM32F4xx/Include -I../Drivers/CMSIS/Include -I../Middlewares/Third_Party/FreeRTOS/Source/include -I../Middlewares/Third_Party/FreeRTOS/Source/CMSIS_RTOS -I../Middlewares/Third_Party/FreeRTOS/Source/portable/GCC/ARM_CM4F -O0 -ffunction-sections -fdata-sections -Wall -fstack-usage -fcyclomatic-complexity -MMD -MP -MF"Core/Src/menuHandler.d" -MT"Core/Src/menuHandler.o" --specs=nano.specs -mfpu=fpv4-sp-d16 -mfloat-abi=hard -mthumb -o "Core/Src/menuHandler.o"
In file included from ../Core/Src/menuHandler.c:1:
../Core/Inc/menuHandler.h:25:19: error: unknown type name 'menu_t'
   25 | void clickedReact(menu_t*);
      |                   ^~~~~~
../Core/Inc/menuHandler.h:26:20: error: unknown type name 'menu_t'
   26 | void handleClicked(menu_t* self);
      |                    ^~~~~~
../Core/Inc/menuHandler.h:27:20: error: unknown type name 'menu_t'
   27 | void clickedReact1(menu_t* self);
      |                    ^~~~~~
In file included from ../Core/Src/main.c:25:
../Core/Inc/menuHandler.h:25:19: error: unknown type name 'menu_t'
   25 | void clickedReact(menu_t*);
      |                   ^~~~~~
../Core/Inc/menuHandler.h:26:20: error: unknown type name 'menu_t'
   26 | void handleClicked(menu_t* self);
      |                    ^~~~~~
../Core/Inc/menuHandler.h:27:20: error: unknown type name 'menu_t'
   27 | void clickedReact1(menu_t* self);
      |                    ^~~~~~
make: *** [Core/Src/subdir.mk:46: Core/Src/menuHandler.o] Error 1
make: *** Waiting for unfinished jobs....
../Core/Src/main.c:56:81: error: 'clickedReact1' undeclared here (not in a function)
   56 | sub_t SUB1 = { .leftReact = leftReact1, .rightReact = rightReact1,.clickedReact=clickedReact1};
      |                                                                                 ^~~~~~~~~~~~~
../Core/Src/main.c:59:85: error: 'handleClicked' undeclared here (not in a function)
   59 | menu_t menu = { .handleLeft = handleLeft, .handleRight = handleRight, .clickedReact=handleClicked};
      |                                                                                     ^~~~~~~~~~~~~
make: *** [Core/Src/subdir.mk:46: Core/Src/main.o] Error 1
"make -j16 all" terminated with exit code 2. Build might be incomplete.
22:50:14 **** Incremental Build of configuration Debug for project Temp ****
make -j16 all 
arm-none-eabi-gcc "../Core/Src/main.c" -mcpu=cortex-m4 -std=gnu11 -g3 -DDEBUG -DUSE_HAL_DRIVER -DSTM32F411xE -c -I../Core/Inc -I../Drivers/STM32F4xx_HAL_Driver/Inc -I../Drivers/STM32F4xx_HAL_Driver/Inc/Legacy -I../Drivers/CMSIS/Device/ST/STM32F4xx/Include -I../Drivers/CMSIS/Include -I../Middlewares/Third_Party/FreeRTOS/Source/include -I../Middlewares/Third_Party/FreeRTOS/Source/CMSIS_RTOS -I../Middlewares/Third_Party/FreeRTOS/Source/portable/GCC/ARM_CM4F -O0 -ffunction-sections -fdata-sections -Wall -fstack-usage -fcyclomatic-complexity -MMD -MP -MF"Core/Src/main.d" -MT"Core/Src/main.o" --specs=nano.specs -mfpu=fpv4-sp-d16 -mfloat-abi=hard -mthumb -o "Core/Src/main.o"
arm-none-eabi-gcc "../Core/Src/menuHandler.c" -mcpu=cortex-m4 -std=gnu11 -g3 -DDEBUG -DUSE_HAL_DRIVER -DSTM32F411xE -c -I../Core/Inc -I../Drivers/STM32F4xx_HAL_Driver/Inc -I../Drivers/STM32F4xx_HAL_Driver/Inc/Legacy -I../Drivers/CMSIS/Device/ST/STM32F4xx/Include -I../Drivers/CMSIS/Include -I../Middlewares/Third_Party/FreeRTOS/Source/include -I../Middlewares/Third_Party/FreeRTOS/Source/CMSIS_RTOS -I../Middlewares/Third_Party/FreeRTOS/Source/portable/GCC/ARM_CM4F -O0 -ffunction-sections -fdata-sections -Wall -fstack-usage -fcyclomatic-complexity -MMD -MP -MF"Core/Src/menuHandler.d" -MT"Core/Src/menuHandler.o" --specs=nano.specs -mfpu=fpv4-sp-d16 -mfloat-abi=hard -mthumb -o "Core/Src/menuHandler.o"
arm-none-eabi-gcc -o "Temp.elf" @"objects.list"   -mcpu=cortex-m4 -T"C:\Users\48791\Desktop\PMIK\pmik_2024l_jd\MJworkspace_due_to_different_Board\Temp\STM32F411VETX_FLASH.ld" --specs=nosys.specs -Wl,-Map="Temp.map" -Wl,--gc-sections -static --specs=nano.specs -mfpu=fpv4-sp-d16 -mfloat-abi=hard -mthumb -Wl,--start-group -lc -lm -Wl,--end-group
Finished building target: Temp.elf
 
arm-none-eabi-size  Temp.elf 
arm-none-eabi-objdump -h -S Temp.elf  > "Temp.list"
   text	   data	    bss	    dec	    hex	filename
  18616	    256	  18448	  37320	   91c8	Temp.elf
Finished building: default.size.stdout
 
Finished building: Temp.list
 
