14:43:40 **** Incremental Build of configuration Debug for project TEST ****
make -j16 all 
arm-none-eabi-gcc "../Core/Src/main.c" -mcpu=cortex-m4 -std=gnu11 -g3 -DDEBUG -DUSE_HAL_DRIVER -DSTM32F411xE -c -I../Core/Inc -I../Drivers/STM32F4xx_HAL_Driver/Inc -I../Drivers/STM32F4xx_HAL_Driver/Inc/Legacy -I../Drivers/CMSIS/Device/ST/STM32F4xx/Include -I../Drivers/CMSIS/Include -O0 -ffunction-sections -fdata-sections -Wall -fstack-usage -fcyclomatic-complexity -MMD -MP -MF"Core/Src/main.d" -MT"Core/Src/main.o" --specs=nano.specs -mfpu=fpv4-sp-d16 -mfloat-abi=hard -mthumb -o "Core/Src/main.o"
arm-none-eabi-gcc -o "TEST.elf" @"objects.list"   -mcpu=cortex-m4 -T"C:\Users\48791\Desktop\PMIK\pmik_2024l_jd\MJworkspace_due_to_different_Board\TEST\STM32F411VETX_FLASH.ld" --specs=nosys.specs -Wl,-Map="TEST.map" -Wl,--gc-sections -static --specs=nano.specs -mfpu=fpv4-sp-d16 -mfloat-abi=hard -mthumb -Wl,--start-group -lc -lm -Wl,--end-group
Finished building target: TEST.elf
 
arm-none-eabi-size  TEST.elf 
arm-none-eabi-objdump -h -S TEST.elf  > "TEST.list"
   text	   data	    bss	    dec	    hex	filename
  10140	     36	   1660	  11836	   2e3c	TEST.elf
Finished building: default.size.stdout
 
Finished building: TEST.list
 

14:43:41 Build Finished. 0 errors, 0 warnings. (took 1s.534ms)

