Archive member included to satisfy reference by file (symbol)

C:/ST/STM32CubeIDE_1.14.0/STM32CubeIDE/plugins/com.st.stm32cube.ide.mcu.externaltools.gnu-tools-for-stm32.11.3.rel1.win32_1.1.100.202309141235/tools/bin/../lib/gcc/arm-none-eabi/11.3.1/../../../../arm-none-eabi/lib/thumb/v7e-m+fp/hard\libc_nano.a(libc_a-exit.o)
                              C:/ST/STM32CubeIDE_1.14.0/STM32CubeIDE/plugins/com.st.stm32cube.ide.mcu.externaltools.gnu-tools-for-stm32.11.3.rel1.win32_1.1.100.202309141235/tools/bin/../lib/gcc/arm-none-eabi/11.3.1/../../../../arm-none-eabi/lib/thumb/v7e-m+fp/hard/crt0.o (exit)
C:/ST/STM32CubeIDE_1.14.0/STM32CubeIDE/plugins/com.st.stm32cube.ide.mcu.externaltools.gnu-tools-for-stm32.11.3.rel1.win32_1.1.100.202309141235/tools/bin/../lib/gcc/arm-none-eabi/11.3.1/../../../../arm-none-eabi/lib/thumb/v7e-m+fp/hard\libc_nano.a(libc_a-findfp.o)
                              ./Middlewares/Third_Party/FreeRTOS/Source/tasks.o (__sf)
C:/ST/STM32CubeIDE_1.14.0/STM32CubeIDE/plugins/com.st.stm32cube.ide.mcu.externaltools.gnu-tools-for-stm32.11.3.rel1.win32_1.1.100.202309141235/tools/bin/../lib/gcc/arm-none-eabi/11.3.1/../../../../arm-none-eabi/lib/thumb/v7e-m+fp/hard\libc_nano.a(libc_a-fwalk.o)
                              C:/ST/STM32CubeIDE_1.14.0/STM32CubeIDE/plugins/com.st.stm32cube.ide.mcu.externaltools.gnu-tools-for-stm32.11.3.rel1.win32_1.1.100.202309141235/tools/bin/../lib/gcc/arm-none-eabi/11.3.1/../../../../arm-none-eabi/lib/thumb/v7e-m+fp/hard\libc_nano.a(libc_a-findfp.o) (_fwalk_sglue)
C:/ST/STM32CubeIDE_1.14.0/STM32CubeIDE/plugins/com.st.stm32cube.ide.mcu.externaltools.gnu-tools-for-stm32.11.3.rel1.win32_1.1.100.202309141235/tools/bin/../lib/gcc/arm-none-eabi/11.3.1/../../../../arm-none-eabi/lib/thumb/v7e-m+fp/hard\libc_nano.a(libc_a-sprintf.o)
                              ./Core/Src/menuHandler.o (sprintf)
C:/ST/STM32CubeIDE_1.14.0/STM32CubeIDE/plugins/com.st.stm32cube.ide.mcu.externaltools.gnu-tools-for-stm32.11.3.rel1.win32_1.1.100.202309141235/tools/bin/../lib/gcc/arm-none-eabi/11.3.1/../../../../arm-none-eabi/lib/thumb/v7e-m+fp/hard\libc_nano.a(libc_a-stdio.o)
                              C:/ST/STM32CubeIDE_1.14.0/STM32CubeIDE/plugins/com.st.stm32cube.ide.mcu.externaltools.gnu-tools-for-stm32.11.3.rel1.win32_1.1.100.202309141235/tools/bin/../lib/gcc/arm-none-eabi/11.3.1/../../../../arm-none-eabi/lib/thumb/v7e-m+fp/hard\libc_nano.a(libc_a-findfp.o) (__sread)
C:/ST/STM32CubeIDE_1.14.0/STM32CubeIDE/plugins/com.st.stm32cube.ide.mcu.externaltools.gnu-tools-for-stm32.11.3.rel1.win32_1.1.100.202309141235/tools/bin/../lib/gcc/arm-none-eabi/11.3.1/../../../../arm-none-eabi/lib/thumb/v7e-m+fp/hard\libc_nano.a(libc_a-memset.o)
                              C:/ST/STM32CubeIDE_1.14.0/STM32CubeIDE/plugins/com.st.stm32cube.ide.mcu.externaltools.gnu-tools-for-stm32.11.3.rel1.win32_1.1.100.202309141235/tools/bin/../lib/gcc/arm-none-eabi/11.3.1/../../../../arm-none-eabi/lib/thumb/v7e-m+fp/hard/crt0.o (memset)
C:/ST/STM32CubeIDE_1.14.0/STM32CubeIDE/plugins/com.st.stm32cube.ide.mcu.externaltools.gnu-tools-for-stm32.11.3.rel1.win32_1.1.100.202309141235/tools/bin/../lib/gcc/arm-none-eabi/11.3.1/../../../../arm-none-eabi/lib/thumb/v7e-m+fp/hard\libc_nano.a(libc_a-closer.o)
                              C:/ST/STM32CubeIDE_1.14.0/STM32CubeIDE/plugins/com.st.stm32cube.ide.mcu.externaltools.gnu-tools-for-stm32.11.3.rel1.win32_1.1.100.202309141235/tools/bin/../lib/gcc/arm-none-eabi/11.3.1/../../../../arm-none-eabi/lib/thumb/v7e-m+fp/hard\libc_nano.a(libc_a-stdio.o) (_close_r)
C:/ST/STM32CubeIDE_1.14.0/STM32CubeIDE/plugins/com.st.stm32cube.ide.mcu.externaltools.gnu-tools-for-stm32.11.3.rel1.win32_1.1.100.202309141235/tools/bin/../lib/gcc/arm-none-eabi/11.3.1/../../../../arm-none-eabi/lib/thumb/v7e-m+fp/hard\libc_nano.a(libc_a-reent.o)
                              ./Middlewares/Third_Party/FreeRTOS/Source/tasks.o (_reclaim_reent)
C:/ST/STM32CubeIDE_1.14.0/STM32CubeIDE/plugins/com.st.stm32cube.ide.mcu.externaltools.gnu-tools-for-stm32.11.3.rel1.win32_1.1.100.202309141235/tools/bin/../lib/gcc/arm-none-eabi/11.3.1/../../../../arm-none-eabi/lib/thumb/v7e-m+fp/hard\libc_nano.a(libc_a-impure.o)
                              ./Middlewares/Third_Party/FreeRTOS/Source/tasks.o (_impure_ptr)
C:/ST/STM32CubeIDE_1.14.0/STM32CubeIDE/plugins/com.st.stm32cube.ide.mcu.externaltools.gnu-tools-for-stm32.11.3.rel1.win32_1.1.100.202309141235/tools/bin/../lib/gcc/arm-none-eabi/11.3.1/../../../../arm-none-eabi/lib/thumb/v7e-m+fp/hard\libc_nano.a(libc_a-lseekr.o)
                              C:/ST/STM32CubeIDE_1.14.0/STM32CubeIDE/plugins/com.st.stm32cube.ide.mcu.externaltools.gnu-tools-for-stm32.11.3.rel1.win32_1.1.100.202309141235/tools/bin/../lib/gcc/arm-none-eabi/11.3.1/../../../../arm-none-eabi/lib/thumb/v7e-m+fp/hard\libc_nano.a(libc_a-stdio.o) (_lseek_r)
[...]
Memory Configuration

Name             Origin             Length             Attributes
RAM              0x0000000020000000 0x0000000000020000 xrw
FLASH            0x0000000008000000 0x0000000000080000 xr
*default*        0x0000000000000000 0xffffffffffffffff

Linker script and memory map

LOAD C:/ST/STM32CubeIDE_1.14.0/STM32CubeIDE/plugins/com.st.stm32cube.ide.mcu.externaltools.gnu-tools-for-stm32.11.3.rel1.win32_1.1.100.202309141235/tools/bin/../lib/gcc/arm-none-eabi/11.3.1/thumb/v7e-m+fp/hard/crti.o
LOAD C:/ST/STM32CubeIDE_1.14.0/STM32CubeIDE/plugins/com.st.stm32cube.ide.mcu.externaltools.gnu-tools-for-stm32.11.3.rel1.win32_1.1.100.202309141235/tools/bin/../lib/gcc/arm-none-eabi/11.3.1/thumb/v7e-m+fp/hard/crtbegin.o
LOAD C:/ST/STM32CubeIDE_1.14.0/STM32CubeIDE/plugins/com.st.stm32cube.ide.mcu.externaltools.gnu-tools-for-stm32.11.3.rel1.win32_1.1.100.202309141235/tools/bin/../lib/gcc/arm-none-eabi/11.3.1/../../../../arm-none-eabi/lib/thumb/v7e-m+fp/hard/crt0.o
LOAD ./Core/Src/encoder.o
LOAD ./Core/Src/freertos.o
LOAD ./Core/Src/liquidcrystal_i2c.o
LOAD ./Core/Src/main.o
LOAD ./Core/Src/menuHandler.o
LOAD ./Core/Src/servo.o
LOAD ./Core/Src/shotHolder.o
LOAD ./Core/Src/stm32f4xx_hal_msp.o
LOAD ./Core/Src/stm32f4xx_hal_timebase_tim.o
LOAD ./Core/Src/stm32f4xx_it.o
LOAD ./Core/Src/syscalls.o
LOAD ./Core/Src/sysmem.o
LOAD ./Core/Src/system_stm32f4xx.o
LOAD ./Core/Startup/startup_stm32f411vetx.o
LOAD ./Drivers/STM32F4xx_HAL_Driver/Src/stm32f4xx_hal.o
LOAD ./Drivers/STM32F4xx_HAL_Driver/Src/stm32f4xx_hal_cortex.o
LOAD ./Drivers/STM32F4xx_HAL_Driver/Src/stm32f4xx_hal_dma.o
LOAD ./Drivers/STM32F4xx_HAL_Driver/Src/stm32f4xx_hal_dma_ex.o
LOAD ./Drivers/STM32F4xx_HAL_Driver/Src/stm32f4xx_hal_exti.o
LOAD ./Drivers/STM32F4xx_HAL_Driver/Src/stm32f4xx_hal_flash.o
LOAD ./Drivers/STM32F4xx_HAL_Driver/Src/stm32f4xx_hal_flash_ex.o
LOAD ./Drivers/STM32F4xx_HAL_Driver/Src/stm32f4xx_hal_flash_ramfunc.o
LOAD ./Drivers/STM32F4xx_HAL_Driver/Src/stm32f4xx_hal_gpio.o
LOAD ./Drivers/STM32F4xx_HAL_Driver/Src/stm32f4xx_hal_i2c.o
LOAD ./Drivers/STM32F4xx_HAL_Driver/Src/stm32f4xx_hal_i2c_ex.o
LOAD ./Drivers/STM32F4xx_HAL_Driver/Src/stm32f4xx_hal_pwr.o
LOAD ./Drivers/STM32F4xx_HAL_Driver/Src/stm32f4xx_hal_pwr_ex.o
LOAD ./Drivers/STM32F4xx_HAL_Driver/Src/stm32f4xx_hal_rcc.o
LOAD ./Drivers/STM32F4xx_HAL_Driver/Src/stm32f4xx_hal_rcc_ex.o
LOAD ./Drivers/STM32F4xx_HAL_Driver/Src/stm32f4xx_hal_tim.o
LOAD ./Drivers/STM32F4xx_HAL_Driver/Src/stm32f4xx_hal_tim_ex.o
LOAD ./Middlewares/Third_Party/FreeRTOS/Source/CMSIS_RTOS/cmsis_os.o
LOAD ./Middlewares/Third_Party/FreeRTOS/Source/croutine.o
LOAD ./Middlewares/Third_Party/FreeRTOS/Source/event_groups.o
LOAD ./Middlewares/Third_Party/FreeRTOS/Source/list.o
LOAD ./Middlewares/Third_Party/FreeRTOS/Source/queue.o
LOAD ./Middlewares/Third_Party/FreeRTOS/Source/stream_buffer.o
LOAD ./Middlewares/Third_Party/FreeRTOS/Source/tasks.o
LOAD ./Middlewares/Third_Party/FreeRTOS/Source/timers.o
LOAD ./Middlewares/Third_Party/FreeRTOS/Source/portable/GCC/ARM_CM4F/port.o
LOAD ./Middlewares/Third_Party/FreeRTOS/Source/portable/MemMang/heap_4.o
START GROUP
LOAD C:/ST/STM32CubeIDE_1.14.0/STM32CubeIDE/plugins/com.st.stm32cube.ide.mcu.externaltools.gnu-tools-for-stm32.11.3.rel1.win32_1.1.100.202309141235/tools/bin/../lib/gcc/arm-none-eabi/11.3.1/../../../../arm-none-eabi/lib/thumb/v7e-m+fp/hard\libc_nano.a
LOAD C:/ST/STM32CubeIDE_1.14.0/STM32CubeIDE/plugins/com.st.stm32cube.ide.mcu.externaltools.gnu-tools-for-stm32.11.3.rel1.win32_1.1.100.202309141235/tools/bin/../lib/gcc/arm-none-eabi/11.3.1/../../../../arm-none-eabi/lib/thumb/v7e-m+fp/hard\libm.a
END GROUP
START GROUP
LOAD C:/ST/STM32CubeIDE_1.14.0/STM32CubeIDE/plugins/com.st.stm32cube.ide.mcu.externaltools.gnu-tools-for-stm32.11.3.rel1.win32_1.1.100.202309141235/tools/bin/../lib/gcc/arm-none-eabi/11.3.1/thumb/v7e-m+fp/hard\libgcc.a
LOAD C:/ST/STM32CubeIDE_1.14.0/STM32CubeIDE/plugins/com.st.stm32cube.ide.mcu.externaltools.gnu-tools-for-stm32.11.3.rel1.win32_1.1.100.202309141235/tools/bin/../lib/gcc/arm-none-eabi/11.3.1/../../../../arm-none-eabi/lib/thumb/v7e-m+fp/hard\libc_nano.a
END GROUP
START GROUP
LOAD C:/ST/STM32CubeIDE_1.14.0/STM32CubeIDE/plugins/com.st.stm32cube.ide.mcu.externaltools.gnu-tools-for-stm32.11.3.rel1.win32_1.1.100.202309141235/tools/bin/../lib/gcc/arm-none-eabi/11.3.1/thumb/v7e-m+fp/hard\libgcc.a
LOAD C:/ST/STM32CubeIDE_1.14.0/STM32CubeIDE/plugins/com.st.stm32cube.ide.mcu.externaltools.gnu-tools-for-stm32.11.3.rel1.win32_1.1.100.202309141235/tools/bin/../lib/gcc/arm-none-eabi/11.3.1/../../../../arm-none-eabi/lib/thumb/v7e-m+fp/hard\libc_nano.a
LOAD C:/ST/STM32CubeIDE_1.14.0/STM32CubeIDE/plugins/com.st.stm32cube.ide.mcu.externaltools.gnu-tools-for-stm32.11.3.rel1.win32_1.1.100.202309141235/tools/bin/../lib/gcc/arm-none-eabi/11.3.1/../../../../arm-none-eabi/lib/thumb/v7e-m+fp/hard\libnosys.a
END GROUP
START GROUP
LOAD C:/ST/STM32CubeIDE_1.14.0/STM32CubeIDE/plugins/com.st.stm32cube.ide.mcu.externaltools.gnu-tools-for-stm32.11.3.rel1.win32_1.1.100.202309141235/tools/bin/../lib/gcc/arm-none-eabi/11.3.1/thumb/v7e-m+fp/hard\libgcc.a
LOAD C:/ST/STM32CubeIDE_1.14.0/STM32CubeIDE/plugins/com.st.stm32cube.ide.mcu.externaltools.gnu-tools-for-stm32.11.3.rel1.win32_1.1.100.202309141235/tools/bin/../lib/gcc/arm-none-eabi/11.3.1/../../../../arm-none-eabi/lib/thumb/v7e-m+fp/hard\libc_nano.a
LOAD C:/ST/STM32CubeIDE_1.14.0/STM32CubeIDE/plugins/com.st.stm32cube.ide.mcu.externaltools.gnu-tools-for-stm32.11.3.rel1.win32_1.1.100.202309141235/tools/bin/../lib/gcc/arm-none-eabi/11.3.1/../../../../arm-none-eabi/lib/thumb/v7e-m+fp/hard\libnosys.a
END GROUP
LOAD C:/ST/STM32CubeIDE_1.14.0/STM32CubeIDE/plugins/com.st.stm32cube.ide.mcu.externaltools.gnu-tools-for-stm32.11.3.rel1.win32_1.1.100.202309141235/tools/bin/../lib/gcc/arm-none-eabi/11.3.1/thumb/v7e-m+fp/hard/crtend.o
LOAD C:/ST/STM32CubeIDE_1.14.0/STM32CubeIDE/plugins/com.st.stm32cube.ide.mcu.externaltools.gnu-tools-for-stm32.11.3.rel1.win32_1.1.100.202309141235/tools/bin/../lib/gcc/arm-none-eabi/11.3.1/thumb/v7e-m+fp/hard/crtn.o
                0x0000000020020000                _estack = (ORIGIN (RAM) + LENGTH (RAM))
                0x0000000000000200                _Min_Heap_Size = 0x200
                0x0000000000000400                _Min_Stack_Size = 0x400

.isr_vector     0x0000000008000000      0x198
                0x0000000008000000                . = ALIGN (0x4)
 *(.isr_vector)
 .isr_vector    0x0000000008000000      0x198 ./Core/Startup/startup_stm32f411vetx.o
                0x0000000008000000                g_pfnVectors
                0x0000000008000198                . = ALIGN (0x4)

.text           0x00000000080001a0     0x7068
                0x00000000080001a0                . = ALIGN (0x4)
 *(.text)
 .text          0x00000000080001a0       0x40 C:/ST/STM32CubeIDE_1.14.0/STM32CubeIDE/plugins/com.st.stm32cube.ide.mcu.externaltools.gnu-tools-for-stm32.11.3.rel1.win32_1.1.100.202309141235/tools/bin/../lib/gcc/arm-none-eabi/11.3.1/thumb/v7e-m+fp/hard/crtbegin.o
 .text          0x00000000080001e0       0xa0 C:/ST/STM32CubeIDE_1.14.0/STM32CubeIDE/plugins/com.st.stm32cube.ide.mcu.externaltools.gnu-tools-for-stm32.11.3.rel1.win32_1.1.100.202309141235/tools/bin/../lib/gcc/arm-none-eabi/11.3.1/../../../../arm-none-eabi/lib/thumb/v7e-m+fp/hard\libc_nano.a(libc_a-memchr.o)
                0x00000000080001e0                memchr
 .text          0x0000000008000280      0x378 C:/ST/STM32CubeIDE_1.14.0/STM32CubeIDE/plugins/com.st.stm32cube.ide.mcu.externaltools.gnu-tools-for-stm32.11.3.rel1.win32_1.1.100.202309141235/tools/bin/../lib/gcc/arm-none-eabi/11.3.1/thumb/v7e-m+fp/hard\libgcc.a(_arm_addsubdf3.o)
                0x0000000008000280                __aeabi_drsub
                0x0000000008000288                __aeabi_dsub
                0x0000000008000288                __subdf3
                0x000000000800028c                __aeabi_dadd
                0x000000000800028c                __adddf3
                0x0000000008000504                __floatunsidf
                0x0000000008000504                __aeabi_ui2d
                0x0000000008000524                __floatsidf
                0x0000000008000524                __aeabi_i2d
                0x0000000008000548                __aeabi_f2d
                0x0000000008000548                __extendsfdf2
                0x000000000800058c                __floatundidf
                0x000000000800058c                __aeabi_ul2d
                0x000000000800059c                __floatdidf
                0x000000000800059c                __aeabi_l2d
 .text          0x00000000080005f8      0x424 C:/ST/STM32CubeIDE_1.14.0/STM32CubeIDE/plugins/com.st.stm32cube.ide.mcu.externaltools.gnu-tools-for-stm32.11.3.rel1.win32_1.1.100.202309141235/tools/bin/../lib/gcc/arm-none-eabi/11.3.1/thumb/v7e-m+fp/hard\libgcc.a(_arm_muldivdf3.o)
                0x00000000080005f8                __aeabi_dmul
                0x00000000080005f8                __muldf3
                0x000000000800084c                __divdf3
                0x000000000800084c                __aeabi_ddiv
 .text          0x0000000008000a1c       0x40 C:/ST/STM32CubeIDE_1.14.0/STM32CubeIDE/plugins/com.st.stm32cube.ide.mcu.externaltools.gnu-tools-for-stm32.11.3.rel1.win32_1.1.100.202309141235/tools/bin/../lib/gcc/arm-none-eabi/11.3.1/thumb/v7e-m+fp/hard\libgcc.a(_arm_fixunsdfsi.o)
                0x0000000008000a1c                __aeabi_d2uiz
                0x0000000008000a1c                __fixunsdfsi
 .text          0x0000000008000a5c       0x30 C:/ST/STM32CubeIDE_1.14.0/STM32CubeIDE/plugins/com.st.stm32cube.ide.mcu.externaltools.gnu-tools-for-stm32.11.3.rel1.win32_1.1.100.202309141235/tools/bin/../lib/gcc/arm-none-eabi/11.3.1/thumb/v7e-m+fp/hard\libgcc.a(_aeabi_uldivmod.o)
                0x0000000008000a5c                __aeabi_uldivmod
 .text          0x0000000008000a8c      0x2c8 C:/ST/STM32CubeIDE_1.14.0/STM32CubeIDE/plugins/com.st.stm32cube.ide.mcu.externaltools.gnu-tools-for-stm32.11.3.rel1.win32_1.1.100.202309141235/tools/bin/../lib/gcc/arm-none-eabi/11.3.1/thumb/v7e-m+fp/hard\libgcc.a(_udivmoddi4.o)
                0x0000000008000a8c                __udivmoddi4
 .text          0x0000000008000d54        0x4 C:/ST/STM32CubeIDE_1.14.0/STM32CubeIDE/plugins/com.st.stm32cube.ide.mcu.externaltools.gnu-tools-for-stm32.11.3.rel1.win32_1.1.100.202309141235/tools/bin/../lib/gcc/arm-none-eabi/11.3.1/thumb/v7e-m+fp/hard\libgcc.a(_dvmd_tls.o)
                0x0000000008000d54                __aeabi_idiv0
                0x0000000008000d54                __aeabi_ldiv0
 *(.text*)
 .text.LeftReact
                0x0000000008000d58       0x14 ./Core/Src/encoder.o
                0x0000000008000d58                LeftReact
 .text.RightReact
                0x0000000008000d6c       0x14 ./Core/Src/encoder.o
                0x0000000008000d6c                RightReact
 .text.ClickedReact
                0x0000000008000d80       0x14 ./Core/Src/encoder.o
                0x0000000008000d80                ClickedReact
 .text.ISR      0x0000000008000d94       0xc0 ./Core/Src/encoder.o
                0x0000000008000d94                ISR
 .text.encoderInit
                0x0000000008000e54       0x54 ./Core/Src/encoder.o
                0x0000000008000e54                encoderInit
 .text.vApplicationGetIdleTaskMemory
                0x0000000008000ea8       0x34 ./Core/Src/freertos.o
                0x0000000008000ea8                vApplicationGetIdleTaskMemory
 .text.HD44780_Init
                0x0000000008000edc      0x108 ./Core/Src/liquidcrystal_i2c.o
                0x0000000008000edc                HD44780_Init
 .text.HD44780_Clear
                0x0000000008000fe4       0x16 ./Core/Src/liquidcrystal_i2c.o
                0x0000000008000fe4                HD44780_Clear
 .text.HD44780_Home
                0x0000000008000ffa       0x16 ./Core/Src/liquidcrystal_i2c.o
                0x0000000008000ffa                HD44780_Home
 .text.HD44780_SetCursor
                0x0000000008001010       0x64 ./Core/Src/liquidcrystal_i2c.o
                0x0000000008001010                HD44780_SetCursor
 .text.HD44780_Display
                0x0000000008001074       0x2c ./Core/Src/liquidcrystal_i2c.o
                0x0000000008001074                HD44780_Display
 .text.HD44780_CreateSpecialChar
                0x00000000080010a0       0x52 ./Core/Src/liquidcrystal_i2c.o
                0x00000000080010a0                HD44780_CreateSpecialChar
 .text.HD44780_PrintStr
                0x00000000080010f2       0x2a ./Core/Src/liquidcrystal_i2c.o
                0x00000000080010f2                HD44780_PrintStr
 .text.SendCommand
                0x000000000800111c       0x1c ./Core/Src/liquidcrystal_i2c.o
 .text.SendChar
                0x0000000008001138       0x1c ./Core/Src/liquidcrystal_i2c.o
 .text.Send     0x0000000008001154       0x42 ./Core/Src/liquidcrystal_i2c.o
 .text.Write4Bits
                0x0000000008001196       0x22 ./Core/Src/liquidcrystal_i2c.o
 .text.ExpanderWrite
                0x00000000080011b8       0x38 ./Core/Src/liquidcrystal_i2c.o
 .text.PulseEnable
                0x00000000080011f0       0x3a ./Core/Src/liquidcrystal_i2c.o
 *fill*         0x000000000800122a        0x2 
 .text.DelayInit
                0x000000000800122c       0x54 ./Core/Src/liquidcrystal_i2c.o
 .text.osDelay  0x0000000008001280       0x50 ./Core/Src/liquidcrystal_i2c.o
 .text.pump     0x00000000080012d0       0x44 ./Core/Src/main.o
                0x00000000080012d0                pump
 .text.main     0x0000000008001314      0x134 ./Core/Src/main.o
                0x0000000008001314                main
 .text.SystemClock_Config
                0x0000000008001448       0xd4 ./Core/Src/main.o
                0x0000000008001448                SystemClock_Config
 .text.MX_I2C1_Init
                0x000000000800151c       0x5c ./Core/Src/main.o
 .text.MX_TIM2_Init
                0x0000000008001578       0x98 ./Core/Src/main.o
 .text.MX_TIM9_Init
                0x0000000008001610       0x8c ./Core/Src/main.o
 .text.MX_GPIO_Init
                0x000000000800169c      0x338 ./Core/Src/main.o
 .text.StartDefaultTask
                0x00000000080019d4       0x10 ./Core/Src/main.o
                0x00000000080019d4                StartDefaultTask
 .text.diodeDetector_Init
                0x00000000080019e4       0x94 ./Core/Src/main.o
                0x00000000080019e4                diodeDetector_Init
 .text.holeState_Init
                0x0000000008001a78       0xb0 ./Core/Src/main.o
                0x0000000008001a78                holeState_Init
 .text.displayMenu_Init
                0x0000000008001b28      0x108 ./Core/Src/main.o
                0x0000000008001b28                displayMenu_Init
 .text.pourInit
                0x0000000008001c30       0xd4 ./Core/Src/main.o
                0x0000000008001c30                pourInit
 .text.HAL_TIM_PeriodElapsedCallback
                0x0000000008001d04       0x24 ./Core/Src/main.o
                0x0000000008001d04                HAL_TIM_PeriodElapsedCallback
 .text.Error_Handler
                0x0000000008001d28        0xa ./Core/Src/main.o
                0x0000000008001d28                Error_Handler
 *fill*         0x0000000008001d32        0x2 
 .text.defaultMenu
                0x0000000008001d34       0x44 ./Core/Src/menuHandler.o
                0x0000000008001d34                defaultMenu
 .text.sub2Menu
                0x0000000008001d78       0x70 ./Core/Src/menuHandler.o
                0x0000000008001d78                sub2Menu
 .text.sub3Menu
                0x0000000008001de8      0x10c ./Core/Src/menuHandler.o
                0x0000000008001de8                sub3Menu
 .text.defaultMenuCursorPos1
                0x0000000008001ef4       0x3c ./Core/Src/menuHandler.o
                0x0000000008001ef4                defaultMenuCursorPos1
 .text.defaultMenuCursorPos2
                0x0000000008001f30       0x3c ./Core/Src/menuHandler.o
                0x0000000008001f30                defaultMenuCursorPos2
 .text.defaultMenuCursorPos3
                0x0000000008001f6c       0x3c ./Core/Src/menuHandler.o
                0x0000000008001f6c                defaultMenuCursorPos3
 .text.sub2MenuCursorPos1
                0x0000000008001fa8       0x2c ./Core/Src/menuHandler.o
                0x0000000008001fa8                sub2MenuCursorPos1
 .text.sub2MenuCursorPos2
                0x0000000008001fd4       0x2c ./Core/Src/menuHandler.o
                0x0000000008001fd4                sub2MenuCursorPos2
 .text.sub3MenuCursorPos1
                0x0000000008002000       0x2c ./Core/Src/menuHandler.o
                0x0000000008002000                sub3MenuCursorPos1
 .text.sub3MenuCursorPos2
                0x000000000800202c       0x2c ./Core/Src/menuHandler.o
                0x000000000800202c                sub3MenuCursorPos2
 .text.drinkAddCounter1
                0x0000000008002058       0x20 ./Core/Src/menuHandler.o
                0x0000000008002058                drinkAddCounter1
 .text.drinkAddCounter2
                0x0000000008002078       0x20 ./Core/Src/menuHandler.o
                0x0000000008002078                drinkAddCounter2
 .text.drinkAddCounter3
                0x0000000008002098       0x20 ./Core/Src/menuHandler.o
                0x0000000008002098                drinkAddCounter3
 .text.drinkAddCounter4
                0x00000000080020b8       0x20 ./Core/Src/menuHandler.o
                0x00000000080020b8                drinkAddCounter4
 .text.drinkCounterReset
                0x00000000080020d8       0x38 ./Core/Src/menuHandler.o
                0x00000000080020d8                drinkCounterReset
 .text.leftReact1
                0x0000000008002110       0x32 ./Core/Src/menuHandler.o
                0x0000000008002110                leftReact1
 .text.rightReact1
                0x0000000008002142       0x32 ./Core/Src/menuHandler.o
                0x0000000008002142                rightReact1
 .text.leftReact2
                0x0000000008002174       0x5a ./Core/Src/menuHandler.o
                0x0000000008002174                leftReact2
 .text.rightReact2
                0x00000000080021ce       0x5a ./Core/Src/menuHandler.o
                0x00000000080021ce                rightReact2
 .text.leftReact3
                0x0000000008002228       0x32 ./Core/Src/menuHandler.o
                0x0000000008002228                leftReact3
 .text.rightReact3
                0x000000000800225a       0x32 ./Core/Src/menuHandler.o
                0x000000000800225a                rightReact3
 .text.clickedReact1
                0x000000000800228c       0x4e ./Core/Src/menuHandler.o
                0x000000000800228c                clickedReact1
 .text.clickedReact3
                0x00000000080022da       0x38 ./Core/Src/menuHandler.o
                0x00000000080022da                clickedReact3
 .text.clickedReact2
                0x0000000008002312       0x4e ./Core/Src/menuHandler.o
                0x0000000008002312                clickedReact2
 .text.handleLeft
                0x0000000008002360       0x1a ./Core/Src/menuHandler.o
                0x0000000008002360                handleLeft
 .text.handleRight
                0x000000000800237a       0x1a ./Core/Src/menuHandler.o
                0x000000000800237a                handleRight
 .text.handleClicked
                0x0000000008002394       0x1a ./Core/Src/menuHandler.o
                0x0000000008002394                handleClicked
 *fill*         0x00000000080023ae        0x2 
 .text.degreeToRaw
                0x00000000080023b0       0x70 ./Core/Src/servo.o
                0x00000000080023b0                degreeToRaw
 .text.setRotation
                0x0000000008002420       0x40 ./Core/Src/servo.o
                0x0000000008002420                setRotation
 .text.initServo
                0x0000000008002460       0x38 ./Core/Src/servo.o
                0x0000000008002460                initServo
 .text.map_range
                0x0000000008002498       0x8c ./Core/Src/servo.o
                0x0000000008002498                map_range
 .text.drinkChange
                0x0000000008002524      0x134 ./Core/Src/shotHolder.o
                0x0000000008002524                drinkChange
 .text.drinkReset
                0x0000000008002658       0x32 ./Core/Src/shotHolder.o
                0x0000000008002658                drinkReset
 *fill*         0x000000000800268a        0x2 
 .text.HAL_MspInit
                0x000000000800268c       0x58 ./Core/Src/stm32f4xx_hal_msp.o
                0x000000000800268c                HAL_MspInit
 .text.HAL_I2C_MspInit
                0x00000000080026e4       0x90 ./Core/Src/stm32f4xx_hal_msp.o
                0x00000000080026e4                HAL_I2C_MspInit
 .text.HAL_TIM_Base_MspInit
                0x0000000008002774       0x4c ./Core/Src/stm32f4xx_hal_msp.o
                0x0000000008002774                HAL_TIM_Base_MspInit
 .text.HAL_TIM_PWM_MspInit
                0x00000000080027c0       0x44 ./Core/Src/stm32f4xx_hal_msp.o
                0x00000000080027c0                HAL_TIM_PWM_MspInit
 .text.HAL_TIM_MspPostInit
                0x0000000008002804       0x74 ./Core/Src/stm32f4xx_hal_msp.o
                0x0000000008002804                HAL_TIM_MspPostInit
 .text.HAL_InitTick
                0x0000000008002878       0xe8 ./Core/Src/stm32f4xx_hal_timebase_tim.o
                0x0000000008002878                HAL_InitTick
 .text.NMI_Handler
                0x0000000008002960        0x6 ./Core/Src/stm32f4xx_it.o
                0x0000000008002960                NMI_Handler
 .text.HardFault_Handler
                0x0000000008002966        0x6 ./Core/Src/stm32f4xx_it.o
                0x0000000008002966                HardFault_Handler
 .text.MemManage_Handler
                0x000000000800296c        0x6 ./Core/Src/stm32f4xx_it.o
                0x000000000800296c                MemManage_Handler
 .text.BusFault_Handler
                0x0000000008002972        0x6 ./Core/Src/stm32f4xx_it.o
                0x0000000008002972                BusFault_Handler
 .text.UsageFault_Handler
                0x0000000008002978        0x6 ./Core/Src/stm32f4xx_it.o
                0x0000000008002978                UsageFault_Handler
 .text.DebugMon_Handler
                0x000000000800297e        0xe ./Core/Src/stm32f4xx_it.o
                0x000000000800297e                DebugMon_Handler
 .text.TIM1_UP_TIM10_IRQHandler
                0x000000000800298c       0x14 ./Core/Src/stm32f4xx_it.o
                0x000000000800298c                TIM1_UP_TIM10_IRQHandler
 .text.TIM2_IRQHandler
                0x00000000080029a0       0x1c ./Core/Src/stm32f4xx_it.o
                0x00000000080029a0                TIM2_IRQHandler
 .text._sbrk    0x00000000080029bc       0x6c ./Core/Src/sysmem.o
                0x00000000080029bc                _sbrk
 .text.SystemInit
                0x0000000008002a28       0x24 ./Core/Src/system_stm32f4xx.o
                0x0000000008002a28                SystemInit
 .text.Reset_Handler
                0x0000000008002a4c       0x50 ./Core/Startup/startup_stm32f411vetx.o
                0x0000000008002a4c                Reset_Handler
 .text.Default_Handler
                0x0000000008002a9c        0x2 ./Core/Startup/startup_stm32f411vetx.o
                0x0000000008002a9c                RTC_Alarm_IRQHandler
                0x0000000008002a9c                EXTI2_IRQHandler
                0x0000000008002a9c                SPI4_IRQHandler
                0x0000000008002a9c                TIM1_CC_IRQHandler
                0x0000000008002a9c                DMA2_Stream5_IRQHandler
                0x0000000008002a9c                DMA1_Stream5_IRQHandler
                0x0000000008002a9c                PVD_IRQHandler
                0x0000000008002a9c                SDIO_IRQHandler
                0x0000000008002a9c                TAMP_STAMP_IRQHandler
                0x0000000008002a9c                EXTI3_IRQHandler
                0x0000000008002a9c                I2C3_ER_IRQHandler
                0x0000000008002a9c                EXTI0_IRQHandler
                0x0000000008002a9c                I2C2_EV_IRQHandler
                0x0000000008002a9c                DMA1_Stream2_IRQHandler
                0x0000000008002a9c                FPU_IRQHandler
                0x0000000008002a9c                DMA2_Stream2_IRQHandler
                0x0000000008002a9c                SPI1_IRQHandler
                0x0000000008002a9c                TIM1_BRK_TIM9_IRQHandler
                0x0000000008002a9c                DMA2_Stream3_IRQHandler
                0x0000000008002a9c                USART6_IRQHandler
                0x0000000008002a9c                DMA2_Stream0_IRQHandler
                0x0000000008002a9c                TIM4_IRQHandler
                0x0000000008002a9c                I2C1_EV_IRQHandler
                0x0000000008002a9c                DMA1_Stream6_IRQHandler
                0x0000000008002a9c                DMA1_Stream1_IRQHandler
                0x0000000008002a9c                TIM3_IRQHandler
                0x0000000008002a9c                RCC_IRQHandler
                0x0000000008002a9c                Default_Handler
                0x0000000008002a9c                EXTI15_10_IRQHandler
                0x0000000008002a9c                ADC_IRQHandler
                0x0000000008002a9c                DMA1_Stream7_IRQHandler
                0x0000000008002a9c                SPI5_IRQHandler
                0x0000000008002a9c                TIM5_IRQHandler
                0x0000000008002a9c                DMA2_Stream7_IRQHandler
                0x0000000008002a9c                I2C3_EV_IRQHandler
                0x0000000008002a9c                EXTI9_5_IRQHandler
                0x0000000008002a9c                RTC_WKUP_IRQHandler
                0x0000000008002a9c                SPI2_IRQHandler
                0x0000000008002a9c                DMA1_Stream0_IRQHandler
                0x0000000008002a9c                EXTI4_IRQHandler
                0x0000000008002a9c                WWDG_IRQHandler
                0x0000000008002a9c                OTG_FS_WKUP_IRQHandler
                0x0000000008002a9c                TIM1_TRG_COM_TIM11_IRQHandler
                0x0000000008002a9c                EXTI1_IRQHandler
                0x0000000008002a9c                USART2_IRQHandler
                0x0000000008002a9c                I2C2_ER_IRQHandler
                0x0000000008002a9c                DMA2_Stream1_IRQHandler
                0x0000000008002a9c                FLASH_IRQHandler
                0x0000000008002a9c                DMA2_Stream4_IRQHandler
                0x0000000008002a9c                USART1_IRQHandler
                0x0000000008002a9c                OTG_FS_IRQHandler
                0x0000000008002a9c                SPI3_IRQHandler
                0x0000000008002a9c                DMA1_Stream4_IRQHandler
                0x0000000008002a9c                I2C1_ER_IRQHandler
                0x0000000008002a9c                DMA2_Stream6_IRQHandler
                0x0000000008002a9c                DMA1_Stream3_IRQHandler
 *fill*         0x0000000008002a9e        0x2 
 .text.HAL_Init
                0x0000000008002aa0       0x44 ./Drivers/STM32F4xx_HAL_Driver/Src/stm32f4xx_hal.o
                0x0000000008002aa0                HAL_Init
 .text.HAL_IncTick
                0x0000000008002ae4       0x28 ./Drivers/STM32F4xx_HAL_Driver/Src/stm32f4xx_hal.o
                0x0000000008002ae4                HAL_IncTick
 .text.HAL_GetTick
                0x0000000008002b0c       0x18 ./Drivers/STM32F4xx_HAL_Driver/Src/stm32f4xx_hal.o
                0x0000000008002b0c                HAL_GetTick
 .text.__NVIC_SetPriorityGrouping
                0x0000000008002b24       0x48 ./Drivers/STM32F4xx_HAL_Driver/Src/stm32f4xx_hal_cortex.o
 .text.__NVIC_GetPriorityGrouping
                0x0000000008002b6c       0x1c ./Drivers/STM32F4xx_HAL_Driver/Src/stm32f4xx_hal_cortex.o
 .text.__NVIC_EnableIRQ
                0x0000000008002b88       0x3c ./Drivers/STM32F4xx_HAL_Driver/Src/stm32f4xx_hal_cortex.o
 .text.__NVIC_SetPriority
                0x0000000008002bc4       0x54 ./Drivers/STM32F4xx_HAL_Driver/Src/stm32f4xx_hal_cortex.o
 .text.NVIC_EncodePriority
                0x0000000008002c18       0x66 ./Drivers/STM32F4xx_HAL_Driver/Src/stm32f4xx_hal_cortex.o
 .text.HAL_NVIC_SetPriorityGrouping
                0x0000000008002c7e       0x16 ./Drivers/STM32F4xx_HAL_Driver/Src/stm32f4xx_hal_cortex.o
                0x0000000008002c7e                HAL_NVIC_SetPriorityGrouping
 .text.HAL_NVIC_SetPriority
                0x0000000008002c94       0x38 ./Drivers/STM32F4xx_HAL_Driver/Src/stm32f4xx_hal_cortex.o
                0x0000000008002c94                HAL_NVIC_SetPriority
 .text.HAL_NVIC_EnableIRQ
                0x0000000008002ccc       0x1c ./Drivers/STM32F4xx_HAL_Driver/Src/stm32f4xx_hal_cortex.o
                0x0000000008002ccc                HAL_NVIC_EnableIRQ
 .text.HAL_GPIO_Init
                0x0000000008002ce8      0x308 ./Drivers/STM32F4xx_HAL_Driver/Src/stm32f4xx_hal_gpio.o
                0x0000000008002ce8                HAL_GPIO_Init
 .text.HAL_GPIO_ReadPin
                0x0000000008002ff0       0x30 ./Drivers/STM32F4xx_HAL_Driver/Src/stm32f4xx_hal_gpio.o
                0x0000000008002ff0                HAL_GPIO_ReadPin
 .text.HAL_GPIO_WritePin
                0x0000000008003020       0x32 ./Drivers/STM32F4xx_HAL_Driver/Src/stm32f4xx_hal_gpio.o
                0x0000000008003020                HAL_GPIO_WritePin
 *fill*         0x0000000008003052        0x2 
 .text.HAL_I2C_Init
                0x0000000008003054      0x288 ./Drivers/STM32F4xx_HAL_Driver/Src/stm32f4xx_hal_i2c.o
                0x0000000008003054                HAL_I2C_Init
 .text.HAL_I2C_Master_Transmit
                0x00000000080032dc      0x1fc ./Drivers/STM32F4xx_HAL_Driver/Src/stm32f4xx_hal_i2c.o
                0x00000000080032dc                HAL_I2C_Master_Transmit
 .text.I2C_MasterRequestWrite
                0x00000000080034d8      0x104 ./Drivers/STM32F4xx_HAL_Driver/Src/stm32f4xx_hal_i2c.o
 .text.I2C_WaitOnFlagUntilTimeout
                0x00000000080035dc       0xf4 ./Drivers/STM32F4xx_HAL_Driver/Src/stm32f4xx_hal_i2c.o
 .text.I2C_WaitOnMasterAddressFlagUntilTimeout
                0x00000000080036d0      0x140 ./Drivers/STM32F4xx_HAL_Driver/Src/stm32f4xx_hal_i2c.o
 .text.I2C_WaitOnTXEFlagUntilTimeout
                0x0000000008003810       0x90 ./Drivers/STM32F4xx_HAL_Driver/Src/stm32f4xx_hal_i2c.o
 .text.I2C_WaitOnBTFFlagUntilTimeout
                0x00000000080038a0       0x90 ./Drivers/STM32F4xx_HAL_Driver/Src/stm32f4xx_hal_i2c.o
 .text.I2C_IsAcknowledgeFailed
                0x0000000008003930       0x5e ./Drivers/STM32F4xx_HAL_Driver/Src/stm32f4xx_hal_i2c.o
 *fill*         0x000000000800398e        0x2 
 .text.HAL_RCC_OscConfig
                0x0000000008003990      0x4f0 ./Drivers/STM32F4xx_HAL_Driver/Src/stm32f4xx_hal_rcc.o
                0x0000000008003990                HAL_RCC_OscConfig
 .text.HAL_RCC_ClockConfig
                0x0000000008003e80      0x1cc ./Drivers/STM32F4xx_HAL_Driver/Src/stm32f4xx_hal_rcc.o
                0x0000000008003e80                HAL_RCC_ClockConfig
 .text.HAL_RCC_GetSysClockFreq
                0x000000000800404c      0x20c ./Drivers/STM32F4xx_HAL_Driver/Src/stm32f4xx_hal_rcc.o
                0x000000000800404c                HAL_RCC_GetSysClockFreq
 .text.HAL_RCC_GetHCLKFreq
                0x0000000008004258       0x18 ./Drivers/STM32F4xx_HAL_Driver/Src/stm32f4xx_hal_rcc.o
                0x0000000008004258                HAL_RCC_GetHCLKFreq
 .text.HAL_RCC_GetPCLK1Freq
                0x0000000008004270       0x28 ./Drivers/STM32F4xx_HAL_Driver/Src/stm32f4xx_hal_rcc.o
                0x0000000008004270                HAL_RCC_GetPCLK1Freq
 .text.HAL_RCC_GetPCLK2Freq
                0x0000000008004298       0x28 ./Drivers/STM32F4xx_HAL_Driver/Src/stm32f4xx_hal_rcc.o
                0x0000000008004298                HAL_RCC_GetPCLK2Freq
 .text.HAL_RCC_GetClockConfig
                0x00000000080042c0       0x64 ./Drivers/STM32F4xx_HAL_Driver/Src/stm32f4xx_hal_rcc.o
                0x00000000080042c0                HAL_RCC_GetClockConfig
 .text.HAL_TIM_Base_Init
                0x0000000008004324       0x9e ./Drivers/STM32F4xx_HAL_Driver/Src/stm32f4xx_hal_tim.o
                0x0000000008004324                HAL_TIM_Base_Init
 *fill*         0x00000000080043c2        0x2 
 .text.HAL_TIM_Base_Start_IT
                0x00000000080043c4       0xc4 ./Drivers/STM32F4xx_HAL_Driver/Src/stm32f4xx_hal_tim.o
                0x00000000080043c4                HAL_TIM_Base_Start_IT
 .text.HAL_TIM_PWM_Init
                0x0000000008004488       0x9e ./Drivers/STM32F4xx_HAL_Driver/Src/stm32f4xx_hal_tim.o
                0x0000000008004488                HAL_TIM_PWM_Init
 *fill*         0x0000000008004526        0x2 
 .text.HAL_TIM_PWM_Start
                0x0000000008004528      0x160 ./Drivers/STM32F4xx_HAL_Driver/Src/stm32f4xx_hal_tim.o
                0x0000000008004528                HAL_TIM_PWM_Start
 .text.HAL_TIM_IRQHandler
                0x0000000008004688      0x1e0 ./Drivers/STM32F4xx_HAL_Driver/Src/stm32f4xx_hal_tim.o
                0x0000000008004688                HAL_TIM_IRQHandler
 .text.HAL_TIM_PWM_ConfigChannel
                0x0000000008004868      0x184 ./Drivers/STM32F4xx_HAL_Driver/Src/stm32f4xx_hal_tim.o
                0x0000000008004868                HAL_TIM_PWM_ConfigChannel
 .text.HAL_TIM_ConfigClockSource
                0x00000000080049ec      0x18e ./Drivers/STM32F4xx_HAL_Driver/Src/stm32f4xx_hal_tim.o
                0x00000000080049ec                HAL_TIM_ConfigClockSource
 .text.HAL_TIM_OC_DelayElapsedCallback
                0x0000000008004b7a       0x14 ./Drivers/STM32F4xx_HAL_Driver/Src/stm32f4xx_hal_tim.o
                0x0000000008004b7a                HAL_TIM_OC_DelayElapsedCallback
 .text.HAL_TIM_IC_CaptureCallback
                0x0000000008004b8e       0x14 ./Drivers/STM32F4xx_HAL_Driver/Src/stm32f4xx_hal_tim.o
                0x0000000008004b8e                HAL_TIM_IC_CaptureCallback
 .text.HAL_TIM_PWM_PulseFinishedCallback
                0x0000000008004ba2       0x14 ./Drivers/STM32F4xx_HAL_Driver/Src/stm32f4xx_hal_tim.o
                0x0000000008004ba2                HAL_TIM_PWM_PulseFinishedCallback
 .text.HAL_TIM_TriggerCallback
                0x0000000008004bb6       0x14 ./Drivers/STM32F4xx_HAL_Driver/Src/stm32f4xx_hal_tim.o
                0x0000000008004bb6                HAL_TIM_TriggerCallback
 *fill*         0x0000000008004bca        0x2 
 .text.TIM_Base_SetConfig
                0x0000000008004bcc      0x118 ./Drivers/STM32F4xx_HAL_Driver/Src/stm32f4xx_hal_tim.o
                0x0000000008004bcc                TIM_Base_SetConfig
 .text.TIM_OC1_SetConfig
                0x0000000008004ce4       0xcc ./Drivers/STM32F4xx_HAL_Driver/Src/stm32f4xx_hal_tim.o
 .text.TIM_OC2_SetConfig
                0x0000000008004db0       0xd8 ./Drivers/STM32F4xx_HAL_Driver/Src/stm32f4xx_hal_tim.o
                0x0000000008004db0                TIM_OC2_SetConfig
 .text.TIM_OC3_SetConfig
                0x0000000008004e88       0xd4 ./Drivers/STM32F4xx_HAL_Driver/Src/stm32f4xx_hal_tim.o
 .text.TIM_OC4_SetConfig
                0x0000000008004f5c       0xa0 ./Drivers/STM32F4xx_HAL_Driver/Src/stm32f4xx_hal_tim.o
 .text.TIM_TI1_ConfigInputStage
                0x0000000008004ffc       0x5e ./Drivers/STM32F4xx_HAL_Driver/Src/stm32f4xx_hal_tim.o
 .text.TIM_TI2_ConfigInputStage
                0x000000000800505a       0x60 ./Drivers/STM32F4xx_HAL_Driver/Src/stm32f4xx_hal_tim.o
 .text.TIM_ITRx_SetConfig
                0x00000000080050ba       0x36 ./Drivers/STM32F4xx_HAL_Driver/Src/stm32f4xx_hal_tim.o
 .text.TIM_ETR_SetConfig
                0x00000000080050f0       0x40 ./Drivers/STM32F4xx_HAL_Driver/Src/stm32f4xx_hal_tim.o
                0x00000000080050f0                TIM_ETR_SetConfig
 .text.TIM_CCxChannelCmd
                0x0000000008005130       0x4a ./Drivers/STM32F4xx_HAL_Driver/Src/stm32f4xx_hal_tim.o
                0x0000000008005130                TIM_CCxChannelCmd
 *fill*         0x000000000800517a        0x2 
 .text.HAL_TIMEx_MasterConfigSynchronization
                0x000000000800517c       0xdc ./Drivers/STM32F4xx_HAL_Driver/Src/stm32f4xx_hal_tim_ex.o
                0x000000000800517c                HAL_TIMEx_MasterConfigSynchronization
 .text.HAL_TIMEx_CommutCallback
                0x0000000008005258       0x14 ./Drivers/STM32F4xx_HAL_Driver/Src/stm32f4xx_hal_tim_ex.o
                0x0000000008005258                HAL_TIMEx_CommutCallback
 .text.HAL_TIMEx_BreakCallback
                0x000000000800526c       0x14 ./Drivers/STM32F4xx_HAL_Driver/Src/stm32f4xx_hal_tim_ex.o
                0x000000000800526c                HAL_TIMEx_BreakCallback
 .text.makeFreeRtosPriority
                0x0000000008005280       0x30 ./Middlewares/Third_Party/FreeRTOS/Source/CMSIS_RTOS/cmsis_os.o
 .text.osKernelStart
                0x00000000080052b0        0xe ./Middlewares/Third_Party/FreeRTOS/Source/CMSIS_RTOS/cmsis_os.o
                0x00000000080052b0                osKernelStart
 .text.osThreadCreate
                0x00000000080052be       0x98 ./Middlewares/Third_Party/FreeRTOS/Source/CMSIS_RTOS/cmsis_os.o
                0x00000000080052be                osThreadCreate
 .text.osDelay  0x0000000008005356       0x28 ./Middlewares/Third_Party/FreeRTOS/Source/CMSIS_RTOS/cmsis_os.o
                0x0000000008005356                osDelay
 .text.vListInitialise
                0x000000000800537e       0x40 ./Middlewares/Third_Party/FreeRTOS/Source/list.o
                0x000000000800537e                vListInitialise
 .text.vListInitialiseItem
                0x00000000080053be       0x1a ./Middlewares/Third_Party/FreeRTOS/Source/list.o
                0x00000000080053be                vListInitialiseItem
 .text.vListInsertEnd
                0x00000000080053d8       0x48 ./Middlewares/Third_Party/FreeRTOS/Source/list.o
                0x00000000080053d8                vListInsertEnd
 .text.vListInsert
                0x0000000008005420       0x72 ./Middlewares/Third_Party/FreeRTOS/Source/list.o
                0x0000000008005420                vListInsert
 .text.uxListRemove
                0x0000000008005492       0x54 ./Middlewares/Third_Party/FreeRTOS/Source/list.o
                0x0000000008005492                uxListRemove
 .text.xTaskCreateStatic
                0x00000000080054e6       0xba ./Middlewares/Third_Party/FreeRTOS/Source/tasks.o
                0x00000000080054e6                xTaskCreateStatic
 .text.xTaskCreate
                0x00000000080055a0       0x8a ./Middlewares/Third_Party/FreeRTOS/Source/tasks.o
                0x00000000080055a0                xTaskCreate
 *fill*         0x000000000800562a        0x2 
 .text.prvInitialiseNewTask
                0x000000000800562c      0x13c ./Middlewares/Third_Party/FreeRTOS/Source/tasks.o
 .text.prvAddNewTaskToReadyList
                0x0000000008005768       0xd4 ./Middlewares/Third_Party/FreeRTOS/Source/tasks.o
 .text.vTaskDelay
                0x000000000800583c       0x68 ./Middlewares/Third_Party/FreeRTOS/Source/tasks.o
                0x000000000800583c                vTaskDelay
 .text.vTaskStartScheduler
                0x00000000080058a4       0xd4 ./Middlewares/Third_Party/FreeRTOS/Source/tasks.o
                0x00000000080058a4                vTaskStartScheduler
 .text.vTaskSuspendAll
                0x0000000008005978       0x1c ./Middlewares/Third_Party/FreeRTOS/Source/tasks.o
                0x0000000008005978                vTaskSuspendAll
 .text.xTaskResumeAll
                0x0000000008005994      0x138 ./Middlewares/Third_Party/FreeRTOS/Source/tasks.o
                0x0000000008005994                xTaskResumeAll
 .text.xTaskIncrementTick
                0x0000000008005acc      0x170 ./Middlewares/Third_Party/FreeRTOS/Source/tasks.o
                0x0000000008005acc                xTaskIncrementTick
 .text.vTaskSwitchContext
                0x0000000008005c3c       0xc4 ./Middlewares/Third_Party/FreeRTOS/Source/tasks.o
                0x0000000008005c3c                vTaskSwitchContext
 .text.prvIdleTask
                0x0000000008005d00       0x30 ./Middlewares/Third_Party/FreeRTOS/Source/tasks.o
 .text.prvInitialiseTaskLists
                0x0000000008005d30       0x80 ./Middlewares/Third_Party/FreeRTOS/Source/tasks.o
 .text.prvCheckTasksWaitingTermination
                0x0000000008005db0       0x5c ./Middlewares/Third_Party/FreeRTOS/Source/tasks.o
 .text.prvDeleteTCB
                0x0000000008005e0c       0x68 ./Middlewares/Third_Party/FreeRTOS/Source/tasks.o
 .text.prvResetNextTaskUnblockTime
                0x0000000008005e74       0x40 ./Middlewares/Third_Party/FreeRTOS/Source/tasks.o
 .text.prvAddCurrentTaskToDelayedList
                0x0000000008005eb4       0xcc ./Middlewares/Third_Party/FreeRTOS/Source/tasks.o
 .text.pxPortInitialiseStack
                0x0000000008005f80       0x68 ./Middlewares/Third_Party/FreeRTOS/Source/portable/GCC/ARM_CM4F/port.o
                0x0000000008005f80                pxPortInitialiseStack
 .text.prvTaskExitError
                0x0000000008005fe8       0x58 ./Middlewares/Third_Party/FreeRTOS/Source/portable/GCC/ARM_CM4F/port.o
 .text.SVC_Handler
                0x0000000008006040       0x28 ./Middlewares/Third_Party/FreeRTOS/Source/portable/GCC/ARM_CM4F/port.o
                0x0000000008006040                SVC_Handler
 .text.prvPortStartFirstTask
                0x0000000008006068       0x28 ./Middlewares/Third_Party/FreeRTOS/Source/portable/GCC/ARM_CM4F/port.o
 .text.xPortStartScheduler
                0x0000000008006090      0x144 ./Middlewares/Third_Party/FreeRTOS/Source/portable/GCC/ARM_CM4F/port.o
                0x0000000008006090                xPortStartScheduler
 .text.vPortEnterCritical
                0x00000000080061d4       0x60 ./Middlewares/Third_Party/FreeRTOS/Source/portable/GCC/ARM_CM4F/port.o
                0x00000000080061d4                vPortEnterCritical
 .text.vPortExitCritical
                0x0000000008006234       0x54 ./Middlewares/Third_Party/FreeRTOS/Source/portable/GCC/ARM_CM4F/port.o
                0x0000000008006234                vPortExitCritical
 *fill*         0x0000000008006288        0x8 
 .text.PendSV_Handler
                0x0000000008006290       0x68 ./Middlewares/Third_Party/FreeRTOS/Source/portable/GCC/ARM_CM4F/port.o
                0x0000000008006290                PendSV_Handler
 .text.SysTick_Handler
                0x00000000080062f8       0x44 ./Middlewares/Third_Party/FreeRTOS/Source/portable/GCC/ARM_CM4F/port.o
                0x00000000080062f8                SysTick_Handler
 .text.vPortSetupTimerInterrupt
                0x000000000800633c       0x48 ./Middlewares/Third_Party/FreeRTOS/Source/portable/GCC/ARM_CM4F/port.o
                0x000000000800633c                vPortSetupTimerInterrupt
 .text.vPortEnableVFP
                0x0000000008006384       0x14 ./Middlewares/Third_Party/FreeRTOS/Source/portable/GCC/ARM_CM4F/port.o
 .text.pvPortMalloc
                0x0000000008006398      0x198 ./Middlewares/Third_Party/FreeRTOS/Source/portable/MemMang/heap_4.o
                0x0000000008006398                pvPortMalloc
 .text.vPortFree
                0x0000000008006530       0xc4 ./Middlewares/Third_Party/FreeRTOS/Source/portable/MemMang/heap_4.o
                0x0000000008006530                vPortFree
 .text.prvHeapInit
                0x00000000080065f4       0xc4 ./Middlewares/Third_Party/FreeRTOS/Source/portable/MemMang/heap_4.o
 .text.prvInsertBlockIntoFreeList
                0x00000000080066b8       0xb4 ./Middlewares/Third_Party/FreeRTOS/Source/portable/MemMang/heap_4.o
 .text.sprintf  0x000000000800676c       0x40 C:/ST/STM32CubeIDE_1.14.0/STM32CubeIDE/plugins/com.st.stm32cube.ide.mcu.externaltools.gnu-tools-for-stm32.11.3.rel1.win32_1.1.100.202309141235/tools/bin/../lib/gcc/arm-none-eabi/11.3.1/../../../../arm-none-eabi/lib/thumb/v7e-m+fp/hard\libc_nano.a(libc_a-sprintf.o)
                0x000000000800676c                siprintf
                0x000000000800676c                sprintf
 .text.memset   0x00000000080067ac       0x10 C:/ST/STM32CubeIDE_1.14.0/STM32CubeIDE/plugins/com.st.stm32cube.ide.mcu.externaltools.gnu-tools-for-stm32.11.3.rel1.win32_1.1.100.202309141235/tools/bin/../lib/gcc/arm-none-eabi/11.3.1/../../../../arm-none-eabi/lib/thumb/v7e-m+fp/hard\libc_nano.a(libc_a-memset.o)
                0x00000000080067ac                memset
 .text._reclaim_reent
                0x00000000080067bc       0xac C:/ST/STM32CubeIDE_1.14.0/STM32CubeIDE/plugins/com.st.stm32cube.ide.mcu.externaltools.gnu-tools-for-stm32.11.3.rel1.win32_1.1.100.202309141235/tools/bin/../lib/gcc/arm-none-eabi/11.3.1/../../../../arm-none-eabi/lib/thumb/v7e-m+fp/hard\libc_nano.a(libc_a-reent.o)
                0x00000000080067bc                _reclaim_reent
 .text.__errno  0x0000000008006868        0xc C:/ST/STM32CubeIDE_1.14.0/STM32CubeIDE/plugins/com.st.stm32cube.ide.mcu.externaltools.gnu-tools-for-stm32.11.3.rel1.win32_1.1.100.202309141235/tools/bin/../lib/gcc/arm-none-eabi/11.3.1/../../../../arm-none-eabi/lib/thumb/v7e-m+fp/hard\libc_nano.a(libc_a-errno.o)
                0x0000000008006868                __errno
 .text.__libc_init_array
                0x0000000008006874       0x48 C:/ST/STM32CubeIDE_1.14.0/STM32CubeIDE/plugins/com.st.stm32cube.ide.mcu.externaltools.gnu-tools-for-stm32.11.3.rel1.win32_1.1.100.202309141235/tools/bin/../lib/gcc/arm-none-eabi/11.3.1/../../../../arm-none-eabi/lib/thumb/v7e-m+fp/hard\libc_nano.a(libc_a-init.o)
                0x0000000008006874                __libc_init_array
 .text.__retarget_lock_acquire_recursive
                0x00000000080068bc        0x2 C:/ST/STM32CubeIDE_1.14.0/STM32CubeIDE/plugins/com.st.stm32cube.ide.mcu.externaltools.gnu-tools-for-stm32.11.3.rel1.win32_1.1.100.202309141235/tools/bin/../lib/gcc/arm-none-eabi/11.3.1/../../../../arm-none-eabi/lib/thumb/v7e-m+fp/hard\libc_nano.a(libc_a-lock.o)
                0x00000000080068bc                __retarget_lock_acquire_recursive
 .text.__retarget_lock_release_recursive
                0x00000000080068be        0x2 C:/ST/STM32CubeIDE_1.14.0/STM32CubeIDE/plugins/com.st.stm32cube.ide.mcu.externaltools.gnu-tools-for-stm32.11.3.rel1.win32_1.1.100.202309141235/tools/bin/../lib/gcc/arm-none-eabi/11.3.1/../../../../arm-none-eabi/lib/thumb/v7e-m+fp/hard\libc_nano.a(libc_a-lock.o)
                0x00000000080068be                __retarget_lock_release_recursive
 .text.memcpy   0x00000000080068c0       0x1c C:/ST/STM32CubeIDE_1.14.0/STM32CubeIDE/plugins/com.st.stm32cube.ide.mcu.externaltools.gnu-tools-for-stm32.11.3.rel1.win32_1.1.100.202309141235/tools/bin/../lib/gcc/arm-none-eabi/11.3.1/../../../../arm-none-eabi/lib/thumb/v7e-m+fp/hard\libc_nano.a(libc_a-memcpy-stub.o)
                0x00000000080068c0                memcpy
 .text._free_r  0x00000000080068dc       0x98 C:/ST/STM32CubeIDE_1.14.0/STM32CubeIDE/plugins/com.st.stm32cube.ide.mcu.externaltools.gnu-tools-for-stm32.11.3.rel1.win32_1.1.100.202309141235/tools/bin/../lib/gcc/arm-none-eabi/11.3.1/../../../../arm-none-eabi/lib/thumb/v7e-m+fp/hard\libc_nano.a(libc_a-freer.o)
                0x00000000080068dc                _free_r
 .text.sbrk_aligned
                0x0000000008006974       0x40 C:/ST/STM32CubeIDE_1.14.0/STM32CubeIDE/plugins/com.st.stm32cube.ide.mcu.externaltools.gnu-tools-for-stm32.11.3.rel1.win32_1.1.100.202309141235/tools/bin/../lib/gcc/arm-none-eabi/11.3.1/../../../../arm-none-eabi/lib/thumb/v7e-m+fp/hard\libc_nano.a(libc_a-mallocr.o)
 .text._malloc_r
                0x00000000080069b4      0x100 C:/ST/STM32CubeIDE_1.14.0/STM32CubeIDE/plugins/com.st.stm32cube.ide.mcu.externaltools.gnu-tools-for-stm32.11.3.rel1.win32_1.1.100.202309141235/tools/bin/../lib/gcc/arm-none-eabi/11.3.1/../../../../arm-none-eabi/lib/thumb/v7e-m+fp/hard\libc_nano.a(libc_a-mallocr.o)
                0x00000000080069b4                _malloc_r
 .text.__malloc_lock
                0x0000000008006ab4        0xc C:/ST/STM32CubeIDE_1.14.0/STM32CubeIDE/plugins/com.st.stm32cube.ide.mcu.externaltools.gnu-tools-for-stm32.11.3.rel1.win32_1.1.100.202309141235/tools/bin/../lib/gcc/arm-none-eabi/11.3.1/../../../../arm-none-eabi/lib/thumb/v7e-m+fp/hard\libc_nano.a(libc_a-mlock.o)
                0x0000000008006ab4                __malloc_lock
 .text.__malloc_unlock
                0x0000000008006ac0        0xc C:/ST/STM32CubeIDE_1.14.0/STM32CubeIDE/plugins/com.st.stm32cube.ide.mcu.externaltools.gnu-tools-for-stm32.11.3.rel1.win32_1.1.100.202309141235/tools/bin/../lib/gcc/arm-none-eabi/11.3.1/../../../../arm-none-eabi/lib/thumb/v7e-m+fp/hard\libc_nano.a(libc_a-mlock.o)
                0x0000000008006ac0                __malloc_unlock
 .text.__ssputs_r
                0x0000000008006acc       0xb4 C:/ST/STM32CubeIDE_1.14.0/STM32CubeIDE/plugins/com.st.stm32cube.ide.mcu.externaltools.gnu-tools-for-stm32.11.3.rel1.win32_1.1.100.202309141235/tools/bin/../lib/gcc/arm-none-eabi/11.3.1/../../../../arm-none-eabi/lib/thumb/v7e-m+fp/hard\libc_nano.a(libc_a-nano-svfprintf.o)
                0x0000000008006acc                __ssputs_r
 .text._svfprintf_r
                0x0000000008006b80      0x1fc C:/ST/STM32CubeIDE_1.14.0/STM32CubeIDE/plugins/com.st.stm32cube.ide.mcu.externaltools.gnu-tools-for-stm32.11.3.rel1.win32_1.1.100.202309141235/tools/bin/../lib/gcc/arm-none-eabi/11.3.1/../../../../arm-none-eabi/lib/thumb/v7e-m+fp/hard\libc_nano.a(libc_a-nano-svfprintf.o)
                0x0000000008006b80                _svfiprintf_r
                0x0000000008006b80                _svfprintf_r
 .text._printf_common
                0x0000000008006d7c       0xda C:/ST/STM32CubeIDE_1.14.0/STM32CubeIDE/plugins/com.st.stm32cube.ide.mcu.externaltools.gnu-tools-for-stm32.11.3.rel1.win32_1.1.100.202309141235/tools/bin/../lib/gcc/arm-none-eabi/11.3.1/../../../../arm-none-eabi/lib/thumb/v7e-m+fp/hard\libc_nano.a(libc_a-nano-vfprintf_i.o)
                0x0000000008006d7c                _printf_common
 *fill*         0x0000000008006e56        0x2 
 .text._printf_i
                0x0000000008006e58      0x244 C:/ST/STM32CubeIDE_1.14.0/STM32CubeIDE/plugins/com.st.stm32cube.ide.mcu.externaltools.gnu-tools-for-stm32.11.3.rel1.win32_1.1.100.202309141235/tools/bin/../lib/gcc/arm-none-eabi/11.3.1/../../../../arm-none-eabi/lib/thumb/v7e-m+fp/hard\libc_nano.a(libc_a-nano-vfprintf_i.o)
                0x0000000008006e58                _printf_i
 .text.memmove  0x000000000800709c       0x34 C:/ST/STM32CubeIDE_1.14.0/STM32CubeIDE/plugins/com.st.stm32cube.ide.mcu.externaltools.gnu-tools-for-stm32.11.3.rel1.win32_1.1.100.202309141235/tools/bin/../lib/gcc/arm-none-eabi/11.3.1/../../../../arm-none-eabi/lib/thumb/v7e-m+fp/hard\libc_nano.a(libc_a-memmove.o)
                0x000000000800709c                memmove
 .text._sbrk_r  0x00000000080070d0       0x20 C:/ST/STM32CubeIDE_1.14.0/STM32CubeIDE/plugins/com.st.stm32cube.ide.mcu.externaltools.gnu-tools-for-stm32.11.3.rel1.win32_1.1.100.202309141235/tools/bin/../lib/gcc/arm-none-eabi/11.3.1/../../../../arm-none-eabi/lib/thumb/v7e-m+fp/hard\libc_nano.a(libc_a-sbrkr.o)
                0x00000000080070d0                _sbrk_r
 .text._realloc_r
                0x00000000080070f0       0x5e C:/ST/STM32CubeIDE_1.14.0/STM32CubeIDE/plugins/com.st.stm32cube.ide.mcu.externaltools.gnu-tools-for-stm32.11.3.rel1.win32_1.1.100.202309141235/tools/bin/../lib/gcc/arm-none-eabi/11.3.1/../../../../arm-none-eabi/lib/thumb/v7e-m+fp/hard\libc_nano.a(libc_a-reallocr.o)
                0x00000000080070f0                _realloc_r
 .text._malloc_usable_size_r
                0x000000000800714e       0x10 C:/ST/STM32CubeIDE_1.14.0/STM32CubeIDE/plugins/com.st.stm32cube.ide.mcu.externaltools.gnu-tools-for-stm32.11.3.rel1.win32_1.1.100.202309141235/tools/bin/../lib/gcc/arm-none-eabi/11.3.1/../../../../arm-none-eabi/lib/thumb/v7e-m+fp/hard\libc_nano.a(libc_a-msizer.o)
                0x000000000800714e                _malloc_usable_size_r
 *fill*         0x000000000800715e        0x2 
 .text.round    0x0000000008007160       0x90 C:/ST/STM32CubeIDE_1.14.0/STM32CubeIDE/plugins/com.st.stm32cube.ide.mcu.externaltools.gnu-tools-for-stm32.11.3.rel1.win32_1.1.100.202309141235/tools/bin/../lib/gcc/arm-none-eabi/11.3.1/../../../../arm-none-eabi/lib/thumb/v7e-m+fp/hard\libm.a(libm_a-s_round.o)
                0x0000000008007160                round
 *(.glue_7)
 .glue_7        0x00000000080071f0        0x0 linker stubs
 *(.glue_7t)
 .glue_7t       0x00000000080071f0        0x0 linker stubs
 *(.eh_frame)
 .eh_frame      0x00000000080071f0        0x0 C:/ST/STM32CubeIDE_1.14.0/STM32CubeIDE/plugins/com.st.stm32cube.ide.mcu.externaltools.gnu-tools-for-stm32.11.3.rel1.win32_1.1.100.202309141235/tools/bin/../lib/gcc/arm-none-eabi/11.3.1/thumb/v7e-m+fp/hard/crtbegin.o
 *(.init)
 .init          0x00000000080071f0        0x4 C:/ST/STM32CubeIDE_1.14.0/STM32CubeIDE/plugins/com.st.stm32cube.ide.mcu.externaltools.gnu-tools-for-stm32.11.3.rel1.win32_1.1.100.202309141235/tools/bin/../lib/gcc/arm-none-eabi/11.3.1/thumb/v7e-m+fp/hard/crti.o
                0x00000000080071f0                _init
 .init          0x00000000080071f4        0x8 C:/ST/STM32CubeIDE_1.14.0/STM32CubeIDE/plugins/com.st.stm32cube.ide.mcu.externaltools.gnu-tools-for-stm32.11.3.rel1.win32_1.1.100.202309141235/tools/bin/../lib/gcc/arm-none-eabi/11.3.1/thumb/v7e-m+fp/hard/crtn.o
 *(.fini)
 .fini          0x00000000080071fc        0x4 C:/ST/STM32CubeIDE_1.14.0/STM32CubeIDE/plugins/com.st.stm32cube.ide.mcu.externaltools.gnu-tools-for-stm32.11.3.rel1.win32_1.1.100.202309141235/tools/bin/../lib/gcc/arm-none-eabi/11.3.1/thumb/v7e-m+fp/hard/crti.o
                0x00000000080071fc                _fini
 .fini          0x0000000008007200        0x8 C:/ST/STM32CubeIDE_1.14.0/STM32CubeIDE/plugins/com.st.stm32cube.ide.mcu.externaltools.gnu-tools-for-stm32.11.3.rel1.win32_1.1.100.202309141235/tools/bin/../lib/gcc/arm-none-eabi/11.3.1/thumb/v7e-m+fp/hard/crtn.o
                0x0000000008007208                . = ALIGN (0x4)
                0x0000000008007208                _etext = .

.vfp11_veneer   0x0000000008007208        0x0
 .vfp11_veneer  0x0000000008007208        0x0 linker stubs

.v4_bx          0x0000000008007208        0x0
 .v4_bx         0x0000000008007208        0x0 linker stubs

.iplt           0x0000000008007208        0x0
 .iplt          0x0000000008007208        0x0 C:/ST/STM32CubeIDE_1.14.0/STM32CubeIDE/plugins/com.st.stm32cube.ide.mcu.externaltools.gnu-tools-for-stm32.11.3.rel1.win32_1.1.100.202309141235/tools/bin/../lib/gcc/arm-none-eabi/11.3.1/thumb/v7e-m+fp/hard/crtbegin.o

.rodata         0x0000000008007208      0x174
                0x0000000008007208                . = ALIGN (0x4)
 *(.rodata)
 .rodata        0x0000000008007208       0x10 ./Core/Src/liquidcrystal_i2c.o
 .rodata        0x0000000008007218       0xcc ./Core/Src/main.o
 .rodata        0x00000000080072e4       0x43 ./Core/Src/menuHandler.o
 *fill*         0x0000000008007327        0x1 
 .rodata        0x0000000008007328        0x5 ./Middlewares/Third_Party/FreeRTOS/Source/tasks.o
 *(.rodata*)
 *fill*         0x000000000800732d        0x3 
 .rodata.AHBPrescTable
                0x0000000008007330       0x10 ./Core/Src/system_stm32f4xx.o
                0x0000000008007330                AHBPrescTable
 .rodata.APBPrescTable
                0x0000000008007340        0x8 ./Core/Src/system_stm32f4xx.o
                0x0000000008007340                APBPrescTable
 .rodata._svfprintf_r.str1.1
                0x0000000008007348       0x11 C:/ST/STM32CubeIDE_1.14.0/STM32CubeIDE/plugins/com.st.stm32cube.ide.mcu.externaltools.gnu-tools-for-stm32.11.3.rel1.win32_1.1.100.202309141235/tools/bin/../lib/gcc/arm-none-eabi/11.3.1/../../../../arm-none-eabi/lib/thumb/v7e-m+fp/hard\libc_nano.a(libc_a-nano-svfprintf.o)
 .rodata._printf_i.str1.1
                0x0000000008007359       0x22 C:/ST/STM32CubeIDE_1.14.0/STM32CubeIDE/plugins/com.st.stm32cube.ide.mcu.externaltools.gnu-tools-for-stm32.11.3.rel1.win32_1.1.100.202309141235/tools/bin/../lib/gcc/arm-none-eabi/11.3.1/../../../../arm-none-eabi/lib/thumb/v7e-m+fp/hard\libc_nano.a(libc_a-nano-vfprintf_i.o)
                0x000000000800737c                . = ALIGN (0x4)
 *fill*         0x000000000800737b        0x1 

.ARM.extab      0x000000000800737c        0x0
                0x000000000800737c                . = ALIGN (0x4)
 *(.ARM.extab* .gnu.linkonce.armextab.*)
                0x000000000800737c                . = ALIGN (0x4)

.ARM            0x000000000800737c        0x8
                0x000000000800737c                . = ALIGN (0x4)
                0x000000000800737c                __exidx_start = .
 *(.ARM.exidx*)
 .ARM.exidx     0x000000000800737c        0x8 C:/ST/STM32CubeIDE_1.14.0/STM32CubeIDE/plugins/com.st.stm32cube.ide.mcu.externaltools.gnu-tools-for-stm32.11.3.rel1.win32_1.1.100.202309141235/tools/bin/../lib/gcc/arm-none-eabi/11.3.1/thumb/v7e-m+fp/hard\libgcc.a(_udivmoddi4.o)
                0x0000000008007384                __exidx_end = .
                0x0000000008007384                . = ALIGN (0x4)

.rel.dyn        0x0000000008007384        0x0
 .rel.iplt      0x0000000008007384        0x0 C:/ST/STM32CubeIDE_1.14.0/STM32CubeIDE/plugins/com.st.stm32cube.ide.mcu.externaltools.gnu-tools-for-stm32.11.3.rel1.win32_1.1.100.202309141235/tools/bin/../lib/gcc/arm-none-eabi/11.3.1/thumb/v7e-m+fp/hard/crtbegin.o

.preinit_array  0x0000000008007384        0x0
                0x0000000008007384                . = ALIGN (0x4)
                0x0000000008007384                PROVIDE (__preinit_array_start = .)
 *(.preinit_array*)
                0x0000000008007384                PROVIDE (__preinit_array_end = .)
                0x0000000008007384                . = ALIGN (0x4)

.init_array     0x0000000008007384        0x4
                0x0000000008007384                . = ALIGN (0x4)
                0x0000000008007384                PROVIDE (__init_array_start = .)
 *(SORT_BY_NAME(.init_array.*))
 *(.init_array*)
 .init_array    0x0000000008007384        0x4 C:/ST/STM32CubeIDE_1.14.0/STM32CubeIDE/plugins/com.st.stm32cube.ide.mcu.externaltools.gnu-tools-for-stm32.11.3.rel1.win32_1.1.100.202309141235/tools/bin/../lib/gcc/arm-none-eabi/11.3.1/thumb/v7e-m+fp/hard/crtbegin.o
                0x0000000008007388                PROVIDE (__init_array_end = .)
                0x0000000008007388                . = ALIGN (0x4)

.fini_array     0x0000000008007388        0x4
                0x0000000008007388                . = ALIGN (0x4)
                [!provide]                        PROVIDE (__fini_array_start = .)
 *(SORT_BY_NAME(.fini_array.*))
 *(.fini_array*)
 .fini_array    0x0000000008007388        0x4 C:/ST/STM32CubeIDE_1.14.0/STM32CubeIDE/plugins/com.st.stm32cube.ide.mcu.externaltools.gnu-tools-for-stm32.11.3.rel1.win32_1.1.100.202309141235/tools/bin/../lib/gcc/arm-none-eabi/11.3.1/thumb/v7e-m+fp/hard/crtbegin.o
                [!provide]                        PROVIDE (__fini_array_end = .)
                0x000000000800738c                . = ALIGN (0x4)
                0x000000000800738c                _sidata = LOADADDR (.data)

.data           0x0000000020000000      0x134 load address 0x000000000800738c
                0x0000000020000000                . = ALIGN (0x4)
                0x0000000020000000                _sdata = .
 *(.data)
 *(.data*)
 .data.special1
                0x0000000020000000        0x8 ./Core/Src/liquidcrystal_i2c.o
                0x0000000020000000                special1
 .data.special2
                0x0000000020000008        0x8 ./Core/Src/liquidcrystal_i2c.o
                0x0000000020000008                special2
 .data.SUB1     0x0000000020000010       0x10 ./Core/Src/main.o
                0x0000000020000010                SUB1
 .data.SUB2     0x0000000020000020       0x10 ./Core/Src/main.o
                0x0000000020000020                SUB2
 .data.SUB3     0x0000000020000030       0x10 ./Core/Src/main.o
                0x0000000020000030                SUB3
 .data.menu     0x0000000020000040       0x24 ./Core/Src/main.o
                0x0000000020000040                menu
 .data.drinkpos
                0x0000000020000064       0x18 ./Core/Src/main.o
                0x0000000020000064                drinkpos
 .data.FirstOpt
                0x000000002000007c        0x9 ./Core/Src/menuHandler.o
                0x000000002000007c                FirstOpt
 *fill*         0x0000000020000085        0x3 
 .data.SecondOpt
                0x0000000020000088        0xe ./Core/Src/menuHandler.o
                0x0000000020000088                SecondOpt
 *fill*         0x0000000020000096        0x2 
 .data.ThirdOpt
                0x0000000020000098        0x5 ./Core/Src/menuHandler.o
                0x0000000020000098                ThirdOpt
 *fill*         0x000000002000009d        0x3 
 .data.FirstOptsub2
                0x00000000200000a0        0xb ./Core/Src/menuHandler.o
                0x00000000200000a0                FirstOptsub2
 *fill*         0x00000000200000ab        0x1 
 .data.SecondOptsub2
                0x00000000200000ac        0x5 ./Core/Src/menuHandler.o
                0x00000000200000ac                SecondOptsub2
 *fill*         0x00000000200000b1        0x3 
 .data.FirstOptsub3
                0x00000000200000b4        0x6 ./Core/Src/menuHandler.o
                0x00000000200000b4                FirstOptsub3
 *fill*         0x00000000200000ba        0x2 
 .data.SecondOptsub3
                0x00000000200000bc        0x5 ./Core/Src/menuHandler.o
                0x00000000200000bc                SecondOptsub3
 *fill*         0x00000000200000c1        0x3 
 .data.servo    0x00000000200000c4       0x10 ./Core/Src/servo.o
                0x00000000200000c4                servo
 .data.SystemCoreClock
                0x00000000200000d4        0x4 ./Core/Src/system_stm32f4xx.o
                0x00000000200000d4                SystemCoreClock
 .data.uwTickPrio
                0x00000000200000d8        0x4 ./Drivers/STM32F4xx_HAL_Driver/Src/stm32f4xx_hal.o
                0x00000000200000d8                uwTickPrio
 .data.uwTickFreq
                0x00000000200000dc        0x1 ./Drivers/STM32F4xx_HAL_Driver/Src/stm32f4xx_hal.o
                0x00000000200000dc                uwTickFreq
 *fill*         0x00000000200000dd        0x3 
 .data.uxCriticalNesting
                0x00000000200000e0        0x4 ./Middlewares/Third_Party/FreeRTOS/Source/portable/GCC/ARM_CM4F/port.o
 .data._impure_data
                0x00000000200000e4       0x4c C:/ST/STM32CubeIDE_1.14.0/STM32CubeIDE/plugins/com.st.stm32cube.ide.mcu.externaltools.gnu-tools-for-stm32.11.3.rel1.win32_1.1.100.202309141235/tools/bin/../lib/gcc/arm-none-eabi/11.3.1/../../../../arm-none-eabi/lib/thumb/v7e-m+fp/hard\libc_nano.a(libc_a-impure.o)
                0x00000000200000e4                _impure_data
 .data._impure_ptr
                0x0000000020000130        0x4 C:/ST/STM32CubeIDE_1.14.0/STM32CubeIDE/plugins/com.st.stm32cube.ide.mcu.externaltools.gnu-tools-for-stm32.11.3.rel1.win32_1.1.100.202309141235/tools/bin/../lib/gcc/arm-none-eabi/11.3.1/../../../../arm-none-eabi/lib/thumb/v7e-m+fp/hard\libc_nano.a(libc_a-impure.o)
                0x0000000020000130                _impure_ptr
 *(.RamFunc)
 *(.RamFunc*)
                0x0000000020000134                . = ALIGN (0x4)
                0x0000000020000134                _edata = .

.igot.plt       0x0000000020000134        0x0 load address 0x00000000080074c0
 .igot.plt      0x0000000020000134        0x0 C:/ST/STM32CubeIDE_1.14.0/STM32CubeIDE/plugins/com.st.stm32cube.ide.mcu.externaltools.gnu-tools-for-stm32.11.3.rel1.win32_1.1.100.202309141235/tools/bin/../lib/gcc/arm-none-eabi/11.3.1/thumb/v7e-m+fp/hard/crtbegin.o
                0x0000000020000134                . = ALIGN (0x4)

.bss            0x0000000020000134     0x42dc load address 0x00000000080074c0
                0x0000000020000134                _sbss = .
                0x0000000020000134                __bss_start__ = _sbss
 *(.bss)
 .bss           0x0000000020000134       0x1c C:/ST/STM32CubeIDE_1.14.0/STM32CubeIDE/plugins/com.st.stm32cube.ide.mcu.externaltools.gnu-tools-for-stm32.11.3.rel1.win32_1.1.100.202309141235/tools/bin/../lib/gcc/arm-none-eabi/11.3.1/thumb/v7e-m+fp/hard/crtbegin.o
 *(.bss*)
 .bss.enc       0x0000000020000150       0x18 ./Core/Src/encoder.o
                0x0000000020000150                enc
 .bss.xIdleTaskTCBBuffer
                0x0000000020000168       0xa0 ./Core/Src/freertos.o
 .bss.xIdleStack
                0x0000000020000208      0x200 ./Core/Src/freertos.o
 .bss.dpFunction
                0x0000000020000408        0x1 ./Core/Src/liquidcrystal_i2c.o
                0x0000000020000408                dpFunction
 .bss.dpControl
                0x0000000020000409        0x1 ./Core/Src/liquidcrystal_i2c.o
                0x0000000020000409                dpControl
 .bss.dpMode    0x000000002000040a        0x1 ./Core/Src/liquidcrystal_i2c.o
                0x000000002000040a                dpMode
 .bss.dpRows    0x000000002000040b        0x1 ./Core/Src/liquidcrystal_i2c.o
                0x000000002000040b                dpRows
 .bss.dpBacklight
                0x000000002000040c        0x1 ./Core/Src/liquidcrystal_i2c.o
                0x000000002000040c                dpBacklight
 *fill*         0x000000002000040d        0x3 
 .bss.hi2c1     0x0000000020000410       0x54 ./Core/Src/main.o
                0x0000000020000410                hi2c1
 .bss.htim2     0x0000000020000464       0x48 ./Core/Src/main.o
                0x0000000020000464                htim2
 .bss.htim9     0x00000000200004ac       0x48 ./Core/Src/main.o
                0x00000000200004ac                htim9
 .bss.defaultTaskHandle
                0x00000000200004f4        0x4 ./Core/Src/main.o
                0x00000000200004f4                defaultTaskHandle
 .bss.diodeDetectorHandle
                0x00000000200004f8        0x4 ./Core/Src/main.o
                0x00000000200004f8                diodeDetectorHandle
 .bss.holeStateHandle
                0x00000000200004fc        0x4 ./Core/Src/main.o
                0x00000000200004fc                holeStateHandle
 .bss.displayMenuHandle
                0x0000000020000500        0x4 ./Core/Src/main.o
                0x0000000020000500                displayMenuHandle
 .bss.servoPourHandle
                0x0000000020000504        0x4 ./Core/Src/main.o
                0x0000000020000504                servoPourHandle
 .bss.Ml        0x0000000020000508        0x2 ./Core/Src/menuHandler.o
                0x0000000020000508                Ml
 *fill*         0x000000002000050a        0x2 
 .bss.DrnCnt1   0x000000002000050c        0x2 ./Core/Src/menuHandler.o
                0x000000002000050c                DrnCnt1
 *fill*         0x000000002000050e        0x2 
 .bss.DrnCnt2   0x0000000020000510        0x2 ./Core/Src/menuHandler.o
                0x0000000020000510                DrnCnt2
 *fill*         0x0000000020000512        0x2 
 .bss.DrnCnt3   0x0000000020000514        0x2 ./Core/Src/menuHandler.o
                0x0000000020000514                DrnCnt3
 *fill*         0x0000000020000516        0x2 
 .bss.DrnCnt4   0x0000000020000518        0x2 ./Core/Src/menuHandler.o
                0x0000000020000518                DrnCnt4
 .bss.drinkCounter1
                0x000000002000051a        0x2 ./Core/Src/menuHandler.o
                0x000000002000051a                drinkCounter1
 .bss.drinkCounter2
                0x000000002000051c        0x2 ./Core/Src/menuHandler.o
                0x000000002000051c                drinkCounter2
 .bss.drinkCounter3
                0x000000002000051e        0x2 ./Core/Src/menuHandler.o
                0x000000002000051e                drinkCounter3
 .bss.drinkCounter4
                0x0000000020000520        0x2 ./Core/Src/menuHandler.o
                0x0000000020000520                drinkCounter4
 *fill*         0x0000000020000522        0x2 
 .bss.htim1     0x0000000020000524       0x48 ./Core/Src/stm32f4xx_hal_timebase_tim.o
                0x0000000020000524                htim1
 .bss.__sbrk_heap_end
                0x000000002000056c        0x4 ./Core/Src/sysmem.o
 .bss.uwTick    0x0000000020000570        0x4 ./Drivers/STM32F4xx_HAL_Driver/Src/stm32f4xx_hal.o
                0x0000000020000570                uwTick
 .bss.pxCurrentTCB
                0x0000000020000574        0x4 ./Middlewares/Third_Party/FreeRTOS/Source/tasks.o
                0x0000000020000574                pxCurrentTCB
 .bss.pxReadyTasksLists
                0x0000000020000578       0x8c ./Middlewares/Third_Party/FreeRTOS/Source/tasks.o
 .bss.xDelayedTaskList1
                0x0000000020000604       0x14 ./Middlewares/Third_Party/FreeRTOS/Source/tasks.o
 .bss.xDelayedTaskList2
                0x0000000020000618       0x14 ./Middlewares/Third_Party/FreeRTOS/Source/tasks.o
 .bss.pxDelayedTaskList
                0x000000002000062c        0x4 ./Middlewares/Third_Party/FreeRTOS/Source/tasks.o
 .bss.pxOverflowDelayedTaskList
                0x0000000020000630        0x4 ./Middlewares/Third_Party/FreeRTOS/Source/tasks.o
 .bss.xPendingReadyList
                0x0000000020000634       0x14 ./Middlewares/Third_Party/FreeRTOS/Source/tasks.o
 .bss.xTasksWaitingTermination
                0x0000000020000648       0x14 ./Middlewares/Third_Party/FreeRTOS/Source/tasks.o
 .bss.uxDeletedTasksWaitingCleanUp
                0x000000002000065c        0x4 ./Middlewares/Third_Party/FreeRTOS/Source/tasks.o
 .bss.xSuspendedTaskList
                0x0000000020000660       0x14 ./Middlewares/Third_Party/FreeRTOS/Source/tasks.o
 .bss.uxCurrentNumberOfTasks
                0x0000000020000674        0x4 ./Middlewares/Third_Party/FreeRTOS/Source/tasks.o
 .bss.xTickCount
                0x0000000020000678        0x4 ./Middlewares/Third_Party/FreeRTOS/Source/tasks.o
 .bss.uxTopReadyPriority
                0x000000002000067c        0x4 ./Middlewares/Third_Party/FreeRTOS/Source/tasks.o
 .bss.xSchedulerRunning
                0x0000000020000680        0x4 ./Middlewares/Third_Party/FreeRTOS/Source/tasks.o
 .bss.xPendedTicks
                0x0000000020000684        0x4 ./Middlewares/Third_Party/FreeRTOS/Source/tasks.o
 .bss.xYieldPending
                0x0000000020000688        0x4 ./Middlewares/Third_Party/FreeRTOS/Source/tasks.o
 .bss.xNumOfOverflows
                0x000000002000068c        0x4 ./Middlewares/Third_Party/FreeRTOS/Source/tasks.o
 .bss.uxTaskNumber
                0x0000000020000690        0x4 ./Middlewares/Third_Party/FreeRTOS/Source/tasks.o
 .bss.xNextTaskUnblockTime
                0x0000000020000694        0x4 ./Middlewares/Third_Party/FreeRTOS/Source/tasks.o
 .bss.xIdleTaskHandle
                0x0000000020000698        0x4 ./Middlewares/Third_Party/FreeRTOS/Source/tasks.o
 .bss.uxSchedulerSuspended
                0x000000002000069c        0x4 ./Middlewares/Third_Party/FreeRTOS/Source/tasks.o
 .bss.ucMaxSysCallPriority
                0x00000000200006a0        0x1 ./Middlewares/Third_Party/FreeRTOS/Source/portable/GCC/ARM_CM4F/port.o
 *fill*         0x00000000200006a1        0x3 
 .bss.ulMaxPRIGROUPValue
                0x00000000200006a4        0x4 ./Middlewares/Third_Party/FreeRTOS/Source/portable/GCC/ARM_CM4F/port.o
 .bss.ucHeap    0x00000000200006a8     0x3c00 ./Middlewares/Third_Party/FreeRTOS/Source/portable/MemMang/heap_4.o
 .bss.xStart    0x00000000200042a8        0x8 ./Middlewares/Third_Party/FreeRTOS/Source/portable/MemMang/heap_4.o
 .bss.pxEnd     0x00000000200042b0        0x4 ./Middlewares/Third_Party/FreeRTOS/Source/portable/MemMang/heap_4.o
 .bss.xFreeBytesRemaining
                0x00000000200042b4        0x4 ./Middlewares/Third_Party/FreeRTOS/Source/portable/MemMang/heap_4.o
 .bss.xMinimumEverFreeBytesRemaining
                0x00000000200042b8        0x4 ./Middlewares/Third_Party/FreeRTOS/Source/portable/MemMang/heap_4.o
 .bss.xNumberOfSuccessfulAllocations
                0x00000000200042bc        0x4 ./Middlewares/Third_Party/FreeRTOS/Source/portable/MemMang/heap_4.o
 .bss.xNumberOfSuccessfulFrees
                0x00000000200042c0        0x4 ./Middlewares/Third_Party/FreeRTOS/Source/portable/MemMang/heap_4.o
 .bss.xBlockAllocatedBit
                0x00000000200042c4        0x4 ./Middlewares/Third_Party/FreeRTOS/Source/portable/MemMang/heap_4.o
 .bss.__sf      0x00000000200042c8      0x138 C:/ST/STM32CubeIDE_1.14.0/STM32CubeIDE/plugins/com.st.stm32cube.ide.mcu.externaltools.gnu-tools-for-stm32.11.3.rel1.win32_1.1.100.202309141235/tools/bin/../lib/gcc/arm-none-eabi/11.3.1/../../../../arm-none-eabi/lib/thumb/v7e-m+fp/hard\libc_nano.a(libc_a-findfp.o)
                0x00000000200042c8                __sf
 .bss.errno     0x0000000020004400        0x4 C:/ST/STM32CubeIDE_1.14.0/STM32CubeIDE/plugins/com.st.stm32cube.ide.mcu.externaltools.gnu-tools-for-stm32.11.3.rel1.win32_1.1.100.202309141235/tools/bin/../lib/gcc/arm-none-eabi/11.3.1/../../../../arm-none-eabi/lib/thumb/v7e-m+fp/hard\libc_nano.a(libc_a-reent.o)
                0x0000000020004400                errno
 .bss.__lock___malloc_recursive_mutex
                0x0000000020004404        0x1 C:/ST/STM32CubeIDE_1.14.0/STM32CubeIDE/plugins/com.st.stm32cube.ide.mcu.externaltools.gnu-tools-for-stm32.11.3.rel1.win32_1.1.100.202309141235/tools/bin/../lib/gcc/arm-none-eabi/11.3.1/../../../../arm-none-eabi/lib/thumb/v7e-m+fp/hard\libc_nano.a(libc_a-lock.o)
                0x0000000020004404                __lock___malloc_recursive_mutex
 *fill*         0x0000000020004405        0x3 
 .bss.__malloc_free_list
                0x0000000020004408        0x4 C:/ST/STM32CubeIDE_1.14.0/STM32CubeIDE/plugins/com.st.stm32cube.ide.mcu.externaltools.gnu-tools-for-stm32.11.3.rel1.win32_1.1.100.202309141235/tools/bin/../lib/gcc/arm-none-eabi/11.3.1/../../../../arm-none-eabi/lib/thumb/v7e-m+fp/hard\libc_nano.a(libc_a-mallocr.o)
                0x0000000020004408                __malloc_free_list
 .bss.__malloc_sbrk_start
                0x000000002000440c        0x4 C:/ST/STM32CubeIDE_1.14.0/STM32CubeIDE/plugins/com.st.stm32cube.ide.mcu.externaltools.gnu-tools-for-stm32.11.3.rel1.win32_1.1.100.202309141235/tools/bin/../lib/gcc/arm-none-eabi/11.3.1/../../../../arm-none-eabi/lib/thumb/v7e-m+fp/hard\libc_nano.a(libc_a-mallocr.o)
                0x000000002000440c                __malloc_sbrk_start
 *(COMMON)
                0x0000000020004410                . = ALIGN (0x4)
                0x0000000020004410                _ebss = .
                0x0000000020004410                __bss_end__ = _ebss

._user_heap_stack
                0x0000000020004410      0x600 load address 0x00000000080074c0
                0x0000000020004410                . = ALIGN (0x8)
                [!provide]                        PROVIDE (end = .)
                0x0000000020004410                PROVIDE (_end = .)
                0x0000000020004610                . = (. + _Min_Heap_Size)
 *fill*         0x0000000020004410      0x200 
                0x0000000020004a10                . = (. + _Min_Stack_Size)
 *fill*         0x0000000020004610      0x400 
                0x0000000020004a10                . = ALIGN (0x8)

/DISCARD/
 libc.a(*)
 libm.a(*)
 libgcc.a(*)

.ARM.attributes
                0x0000000000000000       0x30
 *(.ARM.attributes)
 .ARM.attributes
                0x0000000000000000       0x1e C:/ST/STM32CubeIDE_1.14.0/STM32CubeIDE/plugins/com.st.stm32cube.ide.mcu.externaltools.gnu-tools-for-stm32.11.3.rel1.win32_1.1.100.202309141235/tools/bin/../lib/gcc/arm-none-eabi/11.3.1/thumb/v7e-m+fp/hard/crti.o
 .ARM.attributes
                0x000000000000001e       0x34 C:/ST/STM32CubeIDE_1.14.0/STM32CubeIDE/plugins/com.st.stm32cube.ide.mcu.externaltools.gnu-tools-for-stm32.11.3.rel1.win32_1.1.100.202309141235/tools/bin/../lib/gcc/arm-none-eabi/11.3.1/thumb/v7e-m+fp/hard/crtbegin.o
 .ARM.attributes
                0x0000000000000052       0x34 ./Core/Src/encoder.o
 .ARM.attributes
                0x0000000000000086       0x34 ./Core/Src/freertos.o
 .ARM.attributes
                0x00000000000000ba       0x34 ./Core/Src/liquidcrystal_i2c.o
 .ARM.attributes
                0x00000000000000ee       0x34 ./Core/Src/main.o
 .ARM.attributes
                0x0000000000000122       0x34 ./Core/Src/menuHandler.o
 .ARM.attributes
                0x0000000000000156       0x34 ./Core/Src/servo.o
 .ARM.attributes
                0x000000000000018a       0x34 ./Core/Src/shotHolder.o
 .ARM.attributes
                0x00000000000001be       0x34 ./Core/Src/stm32f4xx_hal_msp.o
 .ARM.attributes
                0x00000000000001f2       0x34 ./Core/Src/stm32f4xx_hal_timebase_tim.o
 .ARM.attributes
                0x0000000000000226       0x34 ./Core/Src/stm32f4xx_it.o
 .ARM.attributes
                0x000000000000025a       0x34 ./Core/Src/sysmem.o
 .ARM.attributes
                0x000000000000028e       0x34 ./Core/Src/system_stm32f4xx.o
 .ARM.attributes
                0x00000000000002c2       0x21 ./Core/Startup/startup_stm32f411vetx.o
 .ARM.attributes
                0x00000000000002e3       0x34 ./Drivers/STM32F4xx_HAL_Driver/Src/stm32f4xx_hal.o
 .ARM.attributes
                0x0000000000000317       0x34 ./Drivers/STM32F4xx_HAL_Driver/Src/stm32f4xx_hal_cortex.o
 .ARM.attributes
                0x000000000000034b       0x34 ./Drivers/STM32F4xx_HAL_Driver/Src/stm32f4xx_hal_gpio.o
 .ARM.attributes
                0x000000000000037f       0x34 ./Drivers/STM32F4xx_HAL_Driver/Src/stm32f4xx_hal_i2c.o
 .ARM.attributes
                0x00000000000003b3       0x34 ./Drivers/STM32F4xx_HAL_Driver/Src/stm32f4xx_hal_rcc.o
 .ARM.attributes
                0x00000000000003e7       0x34 ./Drivers/STM32F4xx_HAL_Driver/Src/stm32f4xx_hal_tim.o
 .ARM.attributes
                0x000000000000041b       0x34 ./Drivers/STM32F4xx_HAL_Driver/Src/stm32f4xx_hal_tim_ex.o
 .ARM.attributes
                0x000000000000044f       0x34 ./Middlewares/Third_Party/FreeRTOS/Source/CMSIS_RTOS/cmsis_os.o
 .ARM.attributes
                0x0000000000000483       0x34 ./Middlewares/Third_Party/FreeRTOS/Source/list.o
 .ARM.attributes
                0x00000000000004b7       0x34 ./Middlewares/Third_Party/FreeRTOS/Source/tasks.o
 .ARM.attributes
                0x00000000000004eb       0x34 ./Middlewares/Third_Party/FreeRTOS/Source/portable/GCC/ARM_CM4F/port.o
 .ARM.attributes
                0x000000000000051f       0x34 ./Middlewares/Third_Party/FreeRTOS/Source/portable/MemMang/heap_4.o
 .ARM.attributes
                0x0000000000000553       0x34 C:/ST/STM32CubeIDE_1.14.0/STM32CubeIDE/plugins/com.st.stm32cube.ide.mcu.externaltools.gnu-tools-for-stm32.11.3.rel1.win32_1.1.100.202309141235/tools/bin/../lib/gcc/arm-none-eabi/11.3.1/../../../../arm-none-eabi/lib/thumb/v7e-m+fp/hard\libc_nano.a(libc_a-findfp.o)
 .ARM.attributes
                0x0000000000000587       0x34 C:/ST/STM32CubeIDE_1.14.0/STM32CubeIDE/plugins/com.st.stm32cube.ide.mcu.externaltools.gnu-tools-for-stm32.11.3.rel1.win32_1.1.100.202309141235/tools/bin/../lib/gcc/arm-none-eabi/11.3.1/../../../../arm-none-eabi/lib/thumb/v7e-m+fp/hard\libc_nano.a(libc_a-sprintf.o)
 .ARM.attributes
                0x00000000000005bb       0x34 C:/ST/STM32CubeIDE_1.14.0/STM32CubeIDE/plugins/com.st.stm32cube.ide.mcu.externaltools.gnu-tools-for-stm32.11.3.rel1.win32_1.1.100.202309141235/tools/bin/../lib/gcc/arm-none-eabi/11.3.1/../../../../arm-none-eabi/lib/thumb/v7e-m+fp/hard\libc_nano.a(libc_a-memset.o)
 .ARM.attributes
                0x00000000000005ef       0x34 C:/ST/STM32CubeIDE_1.14.0/STM32CubeIDE/plugins/com.st.stm32cube.ide.mcu.externaltools.gnu-tools-for-stm32.11.3.rel1.win32_1.1.100.202309141235/tools/bin/../lib/gcc/arm-none-eabi/11.3.1/../../../../arm-none-eabi/lib/thumb/v7e-m+fp/hard\libc_nano.a(libc_a-reent.o)
 .ARM.attributes
                0x0000000000000623       0x34 C:/ST/STM32CubeIDE_1.14.0/STM32CubeIDE/plugins/com.st.stm32cube.ide.mcu.externaltools.gnu-tools-for-stm32.11.3.rel1.win32_1.1.100.202309141235/tools/bin/../lib/gcc/arm-none-eabi/11.3.1/../../../../arm-none-eabi/lib/thumb/v7e-m+fp/hard\libc_nano.a(libc_a-impure.o)
 .ARM.attributes
                0x0000000000000657       0x34 C:/ST/STM32CubeIDE_1.14.0/STM32CubeIDE/plugins/com.st.stm32cube.ide.mcu.externaltools.gnu-tools-for-stm32.11.3.rel1.win32_1.1.100.202309141235/tools/bin/../lib/gcc/arm-none-eabi/11.3.1/../../../../arm-none-eabi/lib/thumb/v7e-m+fp/hard\libc_nano.a(libc_a-errno.o)
 .ARM.attributes
                0x000000000000068b       0x34 C:/ST/STM32CubeIDE_1.14.0/STM32CubeIDE/plugins/com.st.stm32cube.ide.mcu.externaltools.gnu-tools-for-stm32.11.3.rel1.win32_1.1.100.202309141235/tools/bin/../lib/gcc/arm-none-eabi/11.3.1/../../../../arm-none-eabi/lib/thumb/v7e-m+fp/hard\libc_nano.a(libc_a-init.o)
 .ARM.attributes
                0x00000000000006bf       0x34 C:/ST/STM32CubeIDE_1.14.0/STM32CubeIDE/plugins/com.st.stm32cube.ide.mcu.externaltools.gnu-tools-for-stm32.11.3.rel1.win32_1.1.100.202309141235/tools/bin/../lib/gcc/arm-none-eabi/11.3.1/../../../../arm-none-eabi/lib/thumb/v7e-m+fp/hard\libc_nano.a(libc_a-lock.o)
 .ARM.attributes
                0x00000000000006f3       0x34 C:/ST/STM32CubeIDE_1.14.0/STM32CubeIDE/plugins/com.st.stm32cube.ide.mcu.externaltools.gnu-tools-for-stm32.11.3.rel1.win32_1.1.100.202309141235/tools/bin/../lib/gcc/arm-none-eabi/11.3.1/../../../../arm-none-eabi/lib/thumb/v7e-m+fp/hard\libc_nano.a(libc_a-memcpy-stub.o)
 .ARM.attributes
                0x0000000000000727       0x34 C:/ST/STM32CubeIDE_1.14.0/STM32CubeIDE/plugins/com.st.stm32cube.ide.mcu.externaltools.gnu-tools-for-stm32.11.3.rel1.win32_1.1.100.202309141235/tools/bin/../lib/gcc/arm-none-eabi/11.3.1/../../../../arm-none-eabi/lib/thumb/v7e-m+fp/hard\libc_nano.a(libc_a-freer.o)
 .ARM.attributes
                0x000000000000075b       0x34 C:/ST/STM32CubeIDE_1.14.0/STM32CubeIDE/plugins/com.st.stm32cube.ide.mcu.externaltools.gnu-tools-for-stm32.11.3.rel1.win32_1.1.100.202309141235/tools/bin/../lib/gcc/arm-none-eabi/11.3.1/../../../../arm-none-eabi/lib/thumb/v7e-m+fp/hard\libc_nano.a(libc_a-mallocr.o)
 .ARM.attributes
                0x000000000000078f       0x34 C:/ST/STM32CubeIDE_1.14.0/STM32CubeIDE/plugins/com.st.stm32cube.ide.mcu.externaltools.gnu-tools-for-stm32.11.3.rel1.win32_1.1.100.202309141235/tools/bin/../lib/gcc/arm-none-eabi/11.3.1/../../../../arm-none-eabi/lib/thumb/v7e-m+fp/hard\libc_nano.a(libc_a-mlock.o)
 .ARM.attributes
                0x00000000000007c3       0x34 C:/ST/STM32CubeIDE_1.14.0/STM32CubeIDE/plugins/com.st.stm32cube.ide.mcu.externaltools.gnu-tools-for-stm32.11.3.rel1.win32_1.1.100.202309141235/tools/bin/../lib/gcc/arm-none-eabi/11.3.1/../../../../arm-none-eabi/lib/thumb/v7e-m+fp/hard\libc_nano.a(libc_a-nano-svfprintf.o)
 .ARM.attributes
                0x00000000000007f7       0x34 C:/ST/STM32CubeIDE_1.14.0/STM32CubeIDE/plugins/com.st.stm32cube.ide.mcu.externaltools.gnu-tools-for-stm32.11.3.rel1.win32_1.1.100.202309141235/tools/bin/../lib/gcc/arm-none-eabi/11.3.1/../../../../arm-none-eabi/lib/thumb/v7e-m+fp/hard\libc_nano.a(libc_a-nano-vfprintf_i.o)
 .ARM.attributes
                0x000000000000082b       0x34 C:/ST/STM32CubeIDE_1.14.0/STM32CubeIDE/plugins/com.st.stm32cube.ide.mcu.externaltools.gnu-tools-for-stm32.11.3.rel1.win32_1.1.100.202309141235/tools/bin/../lib/gcc/arm-none-eabi/11.3.1/../../../../arm-none-eabi/lib/thumb/v7e-m+fp/hard\libc_nano.a(libc_a-memmove.o)
 .ARM.attributes
                0x000000000000085f       0x34 C:/ST/STM32CubeIDE_1.14.0/STM32CubeIDE/plugins/com.st.stm32cube.ide.mcu.externaltools.gnu-tools-for-stm32.11.3.rel1.win32_1.1.100.202309141235/tools/bin/../lib/gcc/arm-none-eabi/11.3.1/../../../../arm-none-eabi/lib/thumb/v7e-m+fp/hard\libc_nano.a(libc_a-sbrkr.o)
 .ARM.attributes
                0x0000000000000893       0x1c C:/ST/STM32CubeIDE_1.14.0/STM32CubeIDE/plugins/com.st.stm32cube.ide.mcu.externaltools.gnu-tools-for-stm32.11.3.rel1.win32_1.1.100.202309141235/tools/bin/../lib/gcc/arm-none-eabi/11.3.1/../../../../arm-none-eabi/lib/thumb/v7e-m+fp/hard\libc_nano.a(libc_a-memchr.o)
 .ARM.attributes
                0x00000000000008af       0x34 C:/ST/STM32CubeIDE_1.14.0/STM32CubeIDE/plugins/com.st.stm32cube.ide.mcu.externaltools.gnu-tools-for-stm32.11.3.rel1.win32_1.1.100.202309141235/tools/bin/../lib/gcc/arm-none-eabi/11.3.1/../../../../arm-none-eabi/lib/thumb/v7e-m+fp/hard\libc_nano.a(libc_a-reallocr.o)
 .ARM.attributes
                0x00000000000008e3       0x34 C:/ST/STM32CubeIDE_1.14.0/STM32CubeIDE/plugins/com.st.stm32cube.ide.mcu.externaltools.gnu-tools-for-stm32.11.3.rel1.win32_1.1.100.202309141235/tools/bin/../lib/gcc/arm-none-eabi/11.3.1/../../../../arm-none-eabi/lib/thumb/v7e-m+fp/hard\libc_nano.a(libc_a-msizer.o)
 .ARM.attributes
                0x0000000000000917       0x34 C:/ST/STM32CubeIDE_1.14.0/STM32CubeIDE/plugins/com.st.stm32cube.ide.mcu.externaltools.gnu-tools-for-stm32.11.3.rel1.win32_1.1.100.202309141235/tools/bin/../lib/gcc/arm-none-eabi/11.3.1/../../../../arm-none-eabi/lib/thumb/v7e-m+fp/hard\libm.a(libm_a-s_round.o)
 .ARM.attributes
                0x000000000000094b       0x1e C:/ST/STM32CubeIDE_1.14.0/STM32CubeIDE/plugins/com.st.stm32cube.ide.mcu.externaltools.gnu-tools-for-stm32.11.3.rel1.win32_1.1.100.202309141235/tools/bin/../lib/gcc/arm-none-eabi/11.3.1/thumb/v7e-m+fp/hard\libgcc.a(_arm_addsubdf3.o)
 .ARM.attributes
                0x0000000000000969       0x1e C:/ST/STM32CubeIDE_1.14.0/STM32CubeIDE/plugins/com.st.stm32cube.ide.mcu.externaltools.gnu-tools-for-stm32.11.3.rel1.win32_1.1.100.202309141235/tools/bin/../lib/gcc/arm-none-eabi/11.3.1/thumb/v7e-m+fp/hard\libgcc.a(_arm_muldivdf3.o)
 .ARM.attributes
                0x0000000000000987       0x1e C:/ST/STM32CubeIDE_1.14.0/STM32CubeIDE/plugins/com.st.stm32cube.ide.mcu.externaltools.gnu-tools-for-stm32.11.3.rel1.win32_1.1.100.202309141235/tools/bin/../lib/gcc/arm-none-eabi/11.3.1/thumb/v7e-m+fp/hard\libgcc.a(_arm_fixunsdfsi.o)
 .ARM.attributes
                0x00000000000009a5       0x1e C:/ST/STM32CubeIDE_1.14.0/STM32CubeIDE/plugins/com.st.stm32cube.ide.mcu.externaltools.gnu-tools-for-stm32.11.3.rel1.win32_1.1.100.202309141235/tools/bin/../lib/gcc/arm-none-eabi/11.3.1/thumb/v7e-m+fp/hard\libgcc.a(_aeabi_uldivmod.o)
 .ARM.attributes
                0x00000000000009c3       0x34 C:/ST/STM32CubeIDE_1.14.0/STM32CubeIDE/plugins/com.st.stm32cube.ide.mcu.externaltools.gnu-tools-for-stm32.11.3.rel1.win32_1.1.100.202309141235/tools/bin/../lib/gcc/arm-none-eabi/11.3.1/thumb/v7e-m+fp/hard\libgcc.a(_udivmoddi4.o)
 .ARM.attributes
                0x00000000000009f7       0x1e C:/ST/STM32CubeIDE_1.14.0/STM32CubeIDE/plugins/com.st.stm32cube.ide.mcu.externaltools.gnu-tools-for-stm32.11.3.rel1.win32_1.1.100.202309141235/tools/bin/../lib/gcc/arm-none-eabi/11.3.1/thumb/v7e-m+fp/hard\libgcc.a(_dvmd_tls.o)
 .ARM.attributes
                0x0000000000000a15       0x1e C:/ST/STM32CubeIDE_1.14.0/STM32CubeIDE/plugins/com.st.stm32cube.ide.mcu.externaltools.gnu-tools-for-stm32.11.3.rel1.win32_1.1.100.202309141235/tools/bin/../lib/gcc/arm-none-eabi/11.3.1/thumb/v7e-m+fp/hard/crtn.o
OUTPUT(Temp.elf elf32-littlearm)
LOAD linker stubs
LOAD C:/ST/STM32CubeIDE_1.14.0/STM32CubeIDE/plugins/com.st.stm32cube.ide.mcu.externaltools.gnu-tools-for-stm32.11.3.rel1.win32_1.1.100.202309141235/tools/bin/../lib/gcc/arm-none-eabi/11.3.1/../../../../arm-none-eabi/lib/thumb/v7e-m+fp/hard\libc.a
LOAD C:/ST/STM32CubeIDE_1.14.0/STM32CubeIDE/plugins/com.st.stm32cube.ide.mcu.externaltools.gnu-tools-for-stm32.11.3.rel1.win32_1.1.100.202309141235/tools/bin/../lib/gcc/arm-none-eabi/11.3.1/../../../../arm-none-eabi/lib/thumb/v7e-m+fp/hard\libm.a
LOAD C:/ST/STM32CubeIDE_1.14.0/STM32CubeIDE/plugins/com.st.stm32cube.ide.mcu.externaltools.gnu-tools-for-stm32.11.3.rel1.win32_1.1.100.202309141235/tools/bin/../lib/gcc/arm-none-eabi/11.3.1/thumb/v7e-m+fp/hard\libgcc.a

.comment        0x0000000000000000       0x43
 .comment       0x0000000000000000       0x43 C:/ST/STM32CubeIDE_1.14.0/STM32CubeIDE/plugins/com.st.stm32cube.ide.mcu.externaltools.gnu-tools-for-stm32.11.3.rel1.win32_1.1.100.202309141235/tools/bin/../lib/gcc/arm-none-eabi/11.3.1/thumb/v7e-m+fp/hard/crtbegin.o
                                         0x44 (size before relaxing)
 .comment       0x0000000000000043       0x44 ./Core/Src/encoder.o
 .comment       0x0000000000000043       0x44 ./Core/Src/freertos.o
 .comment       0x0000000000000043       0x44 ./Core/Src/liquidcrystal_i2c.o
 .comment       0x0000000000000043       0x44 ./Core/Src/main.o
 .comment       0x0000000000000043       0x44 ./Core/Src/menuHandler.o
 .comment       0x0000000000000043       0x44 ./Core/Src/servo.o
 .comment       0x0000000000000043       0x44 ./Core/Src/shotHolder.o
 .comment       0x0000000000000043       0x44 ./Core/Src/stm32f4xx_hal_msp.o
 .comment       0x0000000000000043       0x44 ./Core/Src/stm32f4xx_hal_timebase_tim.o
 .comment       0x0000000000000043       0x44 ./Core/Src/stm32f4xx_it.o
 .comment       0x0000000000000043       0x44 ./Core/Src/sysmem.o
 .comment       0x0000000000000043       0x44 ./Core/Src/system_stm32f4xx.o
 .comment       0x0000000000000043       0x44 ./Drivers/STM32F4xx_HAL_Driver/Src/stm32f4xx_hal.o
 .comment       0x0000000000000043       0x44 ./Drivers/STM32F4xx_HAL_Driver/Src/stm32f4xx_hal_cortex.o
 .comment       0x0000000000000043       0x44 ./Drivers/STM32F4xx_HAL_Driver/Src/stm32f4xx_hal_gpio.o
 .comment       0x0000000000000043       0x44 ./Drivers/STM32F4xx_HAL_Driver/Src/stm32f4xx_hal_i2c.o
 .comment       0x0000000000000043       0x44 ./Drivers/STM32F4xx_HAL_Driver/Src/stm32f4xx_hal_rcc.o
 .comment       0x0000000000000043       0x44 ./Drivers/STM32F4xx_HAL_Driver/Src/stm32f4xx_hal_tim.o
 .comment       0x0000000000000043       0x44 ./Drivers/STM32F4xx_HAL_Driver/Src/stm32f4xx_hal_tim_ex.o
 .comment       0x0000000000000043       0x44 ./Middlewares/Third_Party/FreeRTOS/Source/CMSIS_RTOS/cmsis_os.o
 .comment       0x0000000000000043       0x44 ./Middlewares/Third_Party/FreeRTOS/Source/list.o
 .comment       0x0000000000000043       0x44 ./Middlewares/Third_Party/FreeRTOS/Source/tasks.o
 .comment       0x0000000000000043       0x44 ./Middlewares/Third_Party/FreeRTOS/Source/portable/GCC/ARM_CM4F/port.o
 .comment       0x0000000000000043       0x44 ./Middlewares/Third_Party/FreeRTOS/Source/portable/MemMang/heap_4.o

.debug_info     0x0000000000000000    0x14962
 .debug_info    0x0000000000000000      0x3c2 ./Core/Src/encoder.o
 .debug_info    0x00000000000003c2      0x918 ./Core/Src/freertos.o
 .debug_info    0x0000000000000cda      0xc59 ./Core/Src/liquidcrystal_i2c.o
 .debug_info    0x0000000000001933     0x21e3 ./Core/Src/main.o
 .debug_info    0x0000000000003b16      0x64b ./Core/Src/menuHandler.o
 .debug_info    0x0000000000004161      0x310 ./Core/Src/servo.o
 .debug_info    0x0000000000004471      0x177 ./Core/Src/shotHolder.o
 .debug_info    0x00000000000045e8      0xfc5 ./Core/Src/stm32f4xx_hal_msp.o
 .debug_info    0x00000000000055ad      0xb75 ./Core/Src/stm32f4xx_hal_timebase_tim.o
 .debug_info    0x0000000000006122      0x791 ./Core/Src/stm32f4xx_it.o
 .debug_info    0x00000000000068b3      0x168 ./Core/Src/sysmem.o
 .debug_info    0x0000000000006a1b      0x53e ./Core/Src/system_stm32f4xx.o
 .debug_info    0x0000000000006f59       0x23 ./Core/Startup/startup_stm32f411vetx.o
 .debug_info    0x0000000000006f7c      0x8c4 ./Drivers/STM32F4xx_HAL_Driver/Src/stm32f4xx_hal.o
 .debug_info    0x0000000000007840      0xcc7 ./Drivers/STM32F4xx_HAL_Driver/Src/stm32f4xx_hal_cortex.o
 .debug_info    0x0000000000008507      0x6f9 ./Drivers/STM32F4xx_HAL_Driver/Src/stm32f4xx_hal_gpio.o
 .debug_info    0x0000000000008c00     0x2426 ./Drivers/STM32F4xx_HAL_Driver/Src/stm32f4xx_hal_i2c.o
 .debug_info    0x000000000000b026      0x8f2 ./Drivers/STM32F4xx_HAL_Driver/Src/stm32f4xx_hal_rcc.o
 .debug_info    0x000000000000b918     0x2996 ./Drivers/STM32F4xx_HAL_Driver/Src/stm32f4xx_hal_tim.o
 .debug_info    0x000000000000e2ae     0x14d4 ./Drivers/STM32F4xx_HAL_Driver/Src/stm32f4xx_hal_tim_ex.o
 .debug_info    0x000000000000f782     0x21e1 ./Middlewares/Third_Party/FreeRTOS/Source/CMSIS_RTOS/cmsis_os.o
 .debug_info    0x0000000000011963      0x2af ./Middlewares/Third_Party/FreeRTOS/Source/list.o
 .debug_info    0x0000000000011c12     0x239d ./Middlewares/Third_Party/FreeRTOS/Source/tasks.o
 .debug_info    0x0000000000013faf      0x4de ./Middlewares/Third_Party/FreeRTOS/Source/portable/GCC/ARM_CM4F/port.o
 .debug_info    0x000000000001448d      0x4d5 ./Middlewares/Third_Party/FreeRTOS/Source/portable/MemMang/heap_4.o

.debug_abbrev   0x0000000000000000     0x3443
 .debug_abbrev  0x0000000000000000      0x1a1 ./Core/Src/encoder.o
 .debug_abbrev  0x00000000000001a1      0x16f ./Core/Src/freertos.o
 .debug_abbrev  0x0000000000000310      0x2c9 ./Core/Src/liquidcrystal_i2c.o
 .debug_abbrev  0x00000000000005d9      0x35c ./Core/Src/main.o
 .debug_abbrev  0x0000000000000935      0x1cf ./Core/Src/menuHandler.o
 .debug_abbrev  0x0000000000000b04      0x184 ./Core/Src/servo.o
 .debug_abbrev  0x0000000000000c88       0xeb ./Core/Src/shotHolder.o
 .debug_abbrev  0x0000000000000d73      0x1f3 ./Core/Src/stm32f4xx_hal_msp.o
 .debug_abbrev  0x0000000000000f66      0x207 ./Core/Src/stm32f4xx_hal_timebase_tim.o
 .debug_abbrev  0x000000000000116d      0x1b2 ./Core/Src/stm32f4xx_it.o
 .debug_abbrev  0x000000000000131f       0xbc ./Core/Src/sysmem.o
 .debug_abbrev  0x00000000000013db      0x11a ./Core/Src/system_stm32f4xx.o
 .debug_abbrev  0x00000000000014f5       0x12 ./Core/Startup/startup_stm32f411vetx.o
 .debug_abbrev  0x0000000000001507      0x24b ./Drivers/STM32F4xx_HAL_Driver/Src/stm32f4xx_hal.o
 .debug_abbrev  0x0000000000001752      0x328 ./Drivers/STM32F4xx_HAL_Driver/Src/stm32f4xx_hal_cortex.o
 .debug_abbrev  0x0000000000001a7a      0x1d3 ./Drivers/STM32F4xx_HAL_Driver/Src/stm32f4xx_hal_gpio.o
 .debug_abbrev  0x0000000000001c4d      0x2bc ./Drivers/STM32F4xx_HAL_Driver/Src/stm32f4xx_hal_i2c.o
 .debug_abbrev  0x0000000000001f09      0x2b5 ./Drivers/STM32F4xx_HAL_Driver/Src/stm32f4xx_hal_rcc.o
 .debug_abbrev  0x00000000000021be      0x28b ./Drivers/STM32F4xx_HAL_Driver/Src/stm32f4xx_hal_tim.o
 .debug_abbrev  0x0000000000002449      0x296 ./Drivers/STM32F4xx_HAL_Driver/Src/stm32f4xx_hal_tim_ex.o
 .debug_abbrev  0x00000000000026df      0x426 ./Middlewares/Third_Party/FreeRTOS/Source/CMSIS_RTOS/cmsis_os.o