Archive member included to satisfy reference by file (symbol)

C:/ST/STM32CubeIDE_1.14.0/STM32CubeIDE/plugins/com.st.stm32cube.ide.mcu.externaltools.gnu-tools-for-stm32.11.3.rel1.win32_1.1.100.202309141235/tools/bin/../lib/gcc/arm-none-eabi/11.3.1/../../../../arm-none-eabi/lib/thumb/v7e-m+fp/hard\libc_nano.a(libc_a-exit.o)
                              C:/ST/STM32CubeIDE_1.14.0/STM32CubeIDE/plugins/com.st.stm32cube.ide.mcu.externaltools.gnu-tools-for-stm32.11.3.rel1.win32_1.1.100.202309141235/tools/bin/../lib/gcc/arm-none-eabi/11.3.1/../../../../arm-none-eabi/lib/thumb/v7e-m+fp/hard/crt0.o (exit)
C:/ST/STM32CubeIDE_1.14.0/STM32CubeIDE/plugins/com.st.stm32cube.ide.mcu.externaltools.gnu-tools-for-stm32.11.3.rel1.win32_1.1.100.202309141235/tools/bin/../lib/gcc/arm-none-eabi/11.3.1/../../../../arm-none-eabi/lib/thumb/v7e-m+fp/hard\libc_nano.a(libc_a-findfp.o)
                              ./Middlewares/Third_Party/FreeRTOS/Source/tasks.o (__sf)
C:/ST/STM32CubeIDE_1.14.0/STM32CubeIDE/plugins/com.st.stm32cube.ide.mcu.externaltools.gnu-tools-for-stm32.11.3.rel1.win32_1.1.100.202309141235/tools/bin/../lib/gcc/arm-none-eabi/11.3.1/../../../../arm-none-eabi/lib/thumb/v7e-m+fp/hard\libc_nano.a(libc_a-fwalk.o)
                              C:/ST/STM32CubeIDE_1.14.0/STM32CubeIDE/plugins/com.st.stm32cube.ide.mcu.externaltools.gnu-tools-for-stm32.11.3.rel1.win32_1.1.100.202309141235/tools/bin/../lib/gcc/arm-none-eabi/11.3.1/../../../../arm-none-eabi/lib/thumb/v7e-m+fp/hard\libc_nano.a(libc_a-findfp.o) (_fwalk_sglue)
C:/ST/STM32CubeIDE_1.14.0/STM32CubeIDE/plugins/com.st.stm32cube.ide.mcu.externaltools.gnu-tools-for-stm32.11.3.rel1.win32_1.1.100.202309141235/tools/bin/../lib/gcc/arm-none-eabi/11.3.1/../../../../arm-none-eabi/lib/thumb/v7e-m+fp/hard\libc_nano.a(libc_a-sprintf.o)
                              ./Core/Src/menuHandler.o (sprintf)
C:/ST/STM32CubeIDE_1.14.0/STM32CubeIDE/plugins/com.st.stm32cube.ide.mcu.externaltools.gnu-tools-for-stm32.11.3.rel1.win32_1.1.100.202309141235/tools/bin/../lib/gcc/arm-none-eabi/11.3.1/../../../../arm-none-eabi/lib/thumb/v7e-m+fp/hard\libc_nano.a(libc_a-stdio.o)
                              C:/ST/STM32CubeIDE_1.14.0/STM32CubeIDE/plugins/com.st.stm32cube.ide.mcu.externaltools.gnu-tools-for-stm32.11.3.rel1.win32_1.1.100.202309141235/tools/bin/../lib/gcc/arm-none-eabi/11.3.1/../../../../arm-none-eabi/lib/thumb/v7e-m+fp/hard\libc_nano.a(libc_a-findfp.o) (__sread)
C:/ST/STM32CubeIDE_1.14.0/STM32CubeIDE/plugins/com.st.stm32cube.ide.mcu.externaltools.gnu-tools-for-stm32.11.3.rel1.win32_1.1.100.202309141235/tools/bin/../lib/gcc/arm-none-eabi/11.3.1/../../../../arm-none-eabi/lib/thumb/v7e-m+fp/hard\libc_nano.a(libc_a-memset.o)
                              C:/ST/STM32CubeIDE_1.14.0/STM32CubeIDE/plugins/com.st.stm32cube.ide.mcu.externaltools.gnu-tools-for-stm32.11.3.rel1.win32_1.1.100.202309141235/tools/bin/../lib/gcc/arm-none-eabi/11.3.1/../../../../arm-none-eabi/lib/thumb/v7e-m+fp/hard/crt0.o (memset)
C:/ST/STM32CubeIDE_1.14.0/STM32CubeIDE/plugins/com.st.stm32cube.ide.mcu.externaltools.gnu-tools-for-stm32.11.3.rel1.win32_1.1.100.202309141235/tools/bin/../lib/gcc/arm-none-eabi/11.3.1/../../../../arm-none-eabi/lib/thumb/v7e-m+fp/hard\libc_nano.a(libc_a-closer.o)
                              C:/ST/STM32CubeIDE_1.14.0/STM32CubeIDE/plugins/com.st.stm32cube.ide.mcu.externaltools.gnu-tools-for-stm32.11.3.rel1.win32_1.1.100.202309141235/tools/bin/../lib/gcc/arm-none-eabi/11.3.1/../../../../arm-none-eabi/lib/thumb/v7e-m+fp/hard\libc_nano.a(libc_a-stdio.o) (_close_r)
C:/ST/STM32CubeIDE_1.14.0/STM32CubeIDE/plugins/com.st.stm32cube.ide.mcu.externaltools.gnu-tools-for-stm32.11.3.rel1.win32_1.1.100.202309141235/tools/bin/../lib/gcc/arm-none-eabi/11.3.1/../../../../arm-none-eabi/lib/thumb/v7e-m+fp/hard\libc_nano.a(libc_a-reent.o)
                              ./Middlewares/Third_Party/FreeRTOS/Source/tasks.o (_reclaim_reent)
C:/ST/STM32CubeIDE_1.14.0/STM32CubeIDE/plugins/com.st.stm32cube.ide.mcu.externaltools.gnu-tools-for-stm32.11.3.rel1.win32_1.1.100.202309141235/tools/bin/../lib/gcc/arm-none-eabi/11.3.1/../../../../arm-none-eabi/lib/thumb/v7e-m+fp/hard\libc_nano.a(libc_a-impure.o)
                              ./Middlewares/Third_Party/FreeRTOS/Source/tasks.o (_impure_ptr)
C:/ST/STM32CubeIDE_1.14.0/STM32CubeIDE/plugins/com.st.stm32cube.ide.mcu.externaltools.gnu-tools-for-stm32.11.3.rel1.win32_1.1.100.202309141235/tools/bin/../lib/gcc/arm-none-eabi/11.3.1/../../../../arm-none-eabi/lib/thumb/v7e-m+fp/hard\libc_nano.a(libc_a-lseekr.o)
                              C:/ST/STM32CubeIDE_1.14.0/STM32CubeIDE/plugins/com.st.stm32cube.ide.mcu.externaltools.gnu-tools-for-stm32.11.3.rel1.win32_1.1.100.202309141235/tools/bin/../lib/gcc/arm-none-eabi/11.3.1/../../../../arm-none-eabi/lib/thumb/v7e-m+fp/hard\libc_nano.a(libc_a-stdio.o) (_lseek_r)
[...]
Memory Configuration

Name             Origin             Length             Attributes
RAM              0x0000000020000000 0x0000000000020000 xrw
FLASH            0x0000000008000000 0x0000000000080000 xr
*default*        0x0000000000000000 0xffffffffffffffff

Linker script and memory map

LOAD C:/ST/STM32CubeIDE_1.14.0/STM32CubeIDE/plugins/com.st.stm32cube.ide.mcu.externaltools.gnu-tools-for-stm32.11.3.rel1.win32_1.1.100.202309141235/tools/bin/../lib/gcc/arm-none-eabi/11.3.1/thumb/v7e-m+fp/hard/crti.o
LOAD C:/ST/STM32CubeIDE_1.14.0/STM32CubeIDE/plugins/com.st.stm32cube.ide.mcu.externaltools.gnu-tools-for-stm32.11.3.rel1.win32_1.1.100.202309141235/tools/bin/../lib/gcc/arm-none-eabi/11.3.1/thumb/v7e-m+fp/hard/crtbegin.o
LOAD C:/ST/STM32CubeIDE_1.14.0/STM32CubeIDE/plugins/com.st.stm32cube.ide.mcu.externaltools.gnu-tools-for-stm32.11.3.rel1.win32_1.1.100.202309141235/tools/bin/../lib/gcc/arm-none-eabi/11.3.1/../../../../arm-none-eabi/lib/thumb/v7e-m+fp/hard/crt0.o
LOAD ./Core/Src/freertos.o
LOAD ./Core/Src/liquidcrystal_i2c.o
LOAD ./Core/Src/main.o
LOAD ./Core/Src/menuHandler.o
LOAD ./Core/Src/stm32f4xx_hal_msp.o
LOAD ./Core/Src/stm32f4xx_hal_timebase_tim.o
LOAD ./Core/Src/stm32f4xx_it.o
LOAD ./Core/Src/syscalls.o
LOAD ./Core/Src/sysmem.o
LOAD ./Core/Src/system_stm32f4xx.o
LOAD ./Core/Startup/startup_stm32f411vetx.o
LOAD ./Drivers/STM32F4xx_HAL_Driver/Src/stm32f4xx_hal.o
LOAD ./Drivers/STM32F4xx_HAL_Driver/Src/stm32f4xx_hal_cortex.o
LOAD ./Drivers/STM32F4xx_HAL_Driver/Src/stm32f4xx_hal_dma.o
LOAD ./Drivers/STM32F4xx_HAL_Driver/Src/stm32f4xx_hal_dma_ex.o
LOAD ./Drivers/STM32F4xx_HAL_Driver/Src/stm32f4xx_hal_exti.o
LOAD ./Drivers/STM32F4xx_HAL_Driver/Src/stm32f4xx_hal_flash.o
LOAD ./Drivers/STM32F4xx_HAL_Driver/Src/stm32f4xx_hal_flash_ex.o
LOAD ./Drivers/STM32F4xx_HAL_Driver/Src/stm32f4xx_hal_flash_ramfunc.o
LOAD ./Drivers/STM32F4xx_HAL_Driver/Src/stm32f4xx_hal_gpio.o
LOAD ./Drivers/STM32F4xx_HAL_Driver/Src/stm32f4xx_hal_i2c.o
LOAD ./Drivers/STM32F4xx_HAL_Driver/Src/stm32f4xx_hal_i2c_ex.o
LOAD ./Drivers/STM32F4xx_HAL_Driver/Src/stm32f4xx_hal_pwr.o
LOAD ./Drivers/STM32F4xx_HAL_Driver/Src/stm32f4xx_hal_pwr_ex.o
LOAD ./Drivers/STM32F4xx_HAL_Driver/Src/stm32f4xx_hal_rcc.o
LOAD ./Drivers/STM32F4xx_HAL_Driver/Src/stm32f4xx_hal_rcc_ex.o
LOAD ./Drivers/STM32F4xx_HAL_Driver/Src/stm32f4xx_hal_tim.o
LOAD ./Drivers/STM32F4xx_HAL_Driver/Src/stm32f4xx_hal_tim_ex.o
LOAD ./Middlewares/Third_Party/FreeRTOS/Source/CMSIS_RTOS/cmsis_os.o
LOAD ./Middlewares/Third_Party/FreeRTOS/Source/croutine.o
LOAD ./Middlewares/Third_Party/FreeRTOS/Source/event_groups.o
LOAD ./Middlewares/Third_Party/FreeRTOS/Source/list.o
LOAD ./Middlewares/Third_Party/FreeRTOS/Source/queue.o
LOAD ./Middlewares/Third_Party/FreeRTOS/Source/stream_buffer.o
LOAD ./Middlewares/Third_Party/FreeRTOS/Source/tasks.o
LOAD ./Middlewares/Third_Party/FreeRTOS/Source/timers.o
LOAD ./Middlewares/Third_Party/FreeRTOS/Source/portable/GCC/ARM_CM4F/port.o
LOAD ./Middlewares/Third_Party/FreeRTOS/Source/portable/MemMang/heap_4.o
START GROUP
LOAD C:/ST/STM32CubeIDE_1.14.0/STM32CubeIDE/plugins/com.st.stm32cube.ide.mcu.externaltools.gnu-tools-for-stm32.11.3.rel1.win32_1.1.100.202309141235/tools/bin/../lib/gcc/arm-none-eabi/11.3.1/../../../../arm-none-eabi/lib/thumb/v7e-m+fp/hard\libc_nano.a
LOAD C:/ST/STM32CubeIDE_1.14.0/STM32CubeIDE/plugins/com.st.stm32cube.ide.mcu.externaltools.gnu-tools-for-stm32.11.3.rel1.win32_1.1.100.202309141235/tools/bin/../lib/gcc/arm-none-eabi/11.3.1/../../../../arm-none-eabi/lib/thumb/v7e-m+fp/hard\libm.a
END GROUP
START GROUP
LOAD C:/ST/STM32CubeIDE_1.14.0/STM32CubeIDE/plugins/com.st.stm32cube.ide.mcu.externaltools.gnu-tools-for-stm32.11.3.rel1.win32_1.1.100.202309141235/tools/bin/../lib/gcc/arm-none-eabi/11.3.1/thumb/v7e-m+fp/hard\libgcc.a
LOAD C:/ST/STM32CubeIDE_1.14.0/STM32CubeIDE/plugins/com.st.stm32cube.ide.mcu.externaltools.gnu-tools-for-stm32.11.3.rel1.win32_1.1.100.202309141235/tools/bin/../lib/gcc/arm-none-eabi/11.3.1/../../../../arm-none-eabi/lib/thumb/v7e-m+fp/hard\libc_nano.a
END GROUP
START GROUP
LOAD C:/ST/STM32CubeIDE_1.14.0/STM32CubeIDE/plugins/com.st.stm32cube.ide.mcu.externaltools.gnu-tools-for-stm32.11.3.rel1.win32_1.1.100.202309141235/tools/bin/../lib/gcc/arm-none-eabi/11.3.1/thumb/v7e-m+fp/hard\libgcc.a
LOAD C:/ST/STM32CubeIDE_1.14.0/STM32CubeIDE/plugins/com.st.stm32cube.ide.mcu.externaltools.gnu-tools-for-stm32.11.3.rel1.win32_1.1.100.202309141235/tools/bin/../lib/gcc/arm-none-eabi/11.3.1/../../../../arm-none-eabi/lib/thumb/v7e-m+fp/hard\libc_nano.a
LOAD C:/ST/STM32CubeIDE_1.14.0/STM32CubeIDE/plugins/com.st.stm32cube.ide.mcu.externaltools.gnu-tools-for-stm32.11.3.rel1.win32_1.1.100.202309141235/tools/bin/../lib/gcc/arm-none-eabi/11.3.1/../../../../arm-none-eabi/lib/thumb/v7e-m+fp/hard\libnosys.a
END GROUP
START GROUP
LOAD C:/ST/STM32CubeIDE_1.14.0/STM32CubeIDE/plugins/com.st.stm32cube.ide.mcu.externaltools.gnu-tools-for-stm32.11.3.rel1.win32_1.1.100.202309141235/tools/bin/../lib/gcc/arm-none-eabi/11.3.1/thumb/v7e-m+fp/hard\libgcc.a
LOAD C:/ST/STM32CubeIDE_1.14.0/STM32CubeIDE/plugins/com.st.stm32cube.ide.mcu.externaltools.gnu-tools-for-stm32.11.3.rel1.win32_1.1.100.202309141235/tools/bin/../lib/gcc/arm-none-eabi/11.3.1/../../../../arm-none-eabi/lib/thumb/v7e-m+fp/hard\libc_nano.a
LOAD C:/ST/STM32CubeIDE_1.14.0/STM32CubeIDE/plugins/com.st.stm32cube.ide.mcu.externaltools.gnu-tools-for-stm32.11.3.rel1.win32_1.1.100.202309141235/tools/bin/../lib/gcc/arm-none-eabi/11.3.1/../../../../arm-none-eabi/lib/thumb/v7e-m+fp/hard\libnosys.a
END GROUP
LOAD C:/ST/STM32CubeIDE_1.14.0/STM32CubeIDE/plugins/com.st.stm32cube.ide.mcu.externaltools.gnu-tools-for-stm32.11.3.rel1.win32_1.1.100.202309141235/tools/bin/../lib/gcc/arm-none-eabi/11.3.1/thumb/v7e-m+fp/hard/crtend.o
LOAD C:/ST/STM32CubeIDE_1.14.0/STM32CubeIDE/plugins/com.st.stm32cube.ide.mcu.externaltools.gnu-tools-for-stm32.11.3.rel1.win32_1.1.100.202309141235/tools/bin/../lib/gcc/arm-none-eabi/11.3.1/thumb/v7e-m+fp/hard/crtn.o
                0x0000000020020000                _estack = (ORIGIN (RAM) + LENGTH (RAM))
                0x0000000000000200                _Min_Heap_Size = 0x200
                0x0000000000000400                _Min_Stack_Size = 0x400

.isr_vector     0x0000000008000000      0x198
                0x0000000008000000                . = ALIGN (0x4)
 *(.isr_vector)
 .isr_vector    0x0000000008000000      0x198 ./Core/Startup/startup_stm32f411vetx.o
                0x0000000008000000                g_pfnVectors
                0x0000000008000198                . = ALIGN (0x4)

.text           0x00000000080001a0     0x53a8
                0x00000000080001a0                . = ALIGN (0x4)
 *(.text)
 .text          0x00000000080001a0       0x40 C:/ST/STM32CubeIDE_1.14.0/STM32CubeIDE/plugins/com.st.stm32cube.ide.mcu.externaltools.gnu-tools-for-stm32.11.3.rel1.win32_1.1.100.202309141235/tools/bin/../lib/gcc/arm-none-eabi/11.3.1/thumb/v7e-m+fp/hard/crtbegin.o
 .text          0x00000000080001e0       0xa0 C:/ST/STM32CubeIDE_1.14.0/STM32CubeIDE/plugins/com.st.stm32cube.ide.mcu.externaltools.gnu-tools-for-stm32.11.3.rel1.win32_1.1.100.202309141235/tools/bin/../lib/gcc/arm-none-eabi/11.3.1/../../../../arm-none-eabi/lib/thumb/v7e-m+fp/hard\libc_nano.a(libc_a-memchr.o)
                0x00000000080001e0                memchr
 .text          0x0000000008000280       0x30 C:/ST/STM32CubeIDE_1.14.0/STM32CubeIDE/plugins/com.st.stm32cube.ide.mcu.externaltools.gnu-tools-for-stm32.11.3.rel1.win32_1.1.100.202309141235/tools/bin/../lib/gcc/arm-none-eabi/11.3.1/thumb/v7e-m+fp/hard\libgcc.a(_aeabi_uldivmod.o)
                0x0000000008000280                __aeabi_uldivmod
 .text          0x00000000080002b0      0x2c8 C:/ST/STM32CubeIDE_1.14.0/STM32CubeIDE/plugins/com.st.stm32cube.ide.mcu.externaltools.gnu-tools-for-stm32.11.3.rel1.win32_1.1.100.202309141235/tools/bin/../lib/gcc/arm-none-eabi/11.3.1/thumb/v7e-m+fp/hard\libgcc.a(_udivmoddi4.o)
                0x00000000080002b0                __udivmoddi4
 .text          0x0000000008000578        0x4 C:/ST/STM32CubeIDE_1.14.0/STM32CubeIDE/plugins/com.st.stm32cube.ide.mcu.externaltools.gnu-tools-for-stm32.11.3.rel1.win32_1.1.100.202309141235/tools/bin/../lib/gcc/arm-none-eabi/11.3.1/thumb/v7e-m+fp/hard\libgcc.a(_dvmd_tls.o)
                0x0000000008000578                __aeabi_idiv0
                0x0000000008000578                __aeabi_ldiv0
 *(.text*)
 .text.vApplicationGetIdleTaskMemory
                0x000000000800057c       0x34 ./Core/Src/freertos.o
                0x000000000800057c                vApplicationGetIdleTaskMemory
 .text.HD44780_Init
                0x00000000080005b0      0x108 ./Core/Src/liquidcrystal_i2c.o
                0x00000000080005b0                HD44780_Init
 .text.HD44780_Clear
                0x00000000080006b8       0x16 ./Core/Src/liquidcrystal_i2c.o
                0x00000000080006b8                HD44780_Clear
 .text.HD44780_Home
                0x00000000080006ce       0x16 ./Core/Src/liquidcrystal_i2c.o
                0x00000000080006ce                HD44780_Home
 .text.HD44780_SetCursor
                0x00000000080006e4       0x64 ./Core/Src/liquidcrystal_i2c.o
                0x00000000080006e4                HD44780_SetCursor
 .text.HD44780_Display
                0x0000000008000748       0x2c ./Core/Src/liquidcrystal_i2c.o
                0x0000000008000748                HD44780_Display
 .text.HD44780_CreateSpecialChar
                0x0000000008000774       0x52 ./Core/Src/liquidcrystal_i2c.o
                0x0000000008000774                HD44780_CreateSpecialChar
 .text.HD44780_PrintStr
                0x00000000080007c6       0x2a ./Core/Src/liquidcrystal_i2c.o
                0x00000000080007c6                HD44780_PrintStr
 .text.SendCommand
                0x00000000080007f0       0x1c ./Core/Src/liquidcrystal_i2c.o
 .text.SendChar
                0x000000000800080c       0x1c ./Core/Src/liquidcrystal_i2c.o
 .text.Send     0x0000000008000828       0x42 ./Core/Src/liquidcrystal_i2c.o
 .text.Write4Bits
                0x000000000800086a       0x22 ./Core/Src/liquidcrystal_i2c.o
 .text.ExpanderWrite
                0x000000000800088c       0x38 ./Core/Src/liquidcrystal_i2c.o
 .text.PulseEnable
                0x00000000080008c4       0x3a ./Core/Src/liquidcrystal_i2c.o
 *fill*         0x00000000080008fe        0x2 
 .text.DelayInit
                0x0000000008000900       0x54 ./Core/Src/liquidcrystal_i2c.o
 .text.osDelay  0x0000000008000954       0x50 ./Core/Src/liquidcrystal_i2c.o
 .text.main     0x00000000080009a4       0xe0 ./Core/Src/main.o
                0x00000000080009a4                main
 .text.SystemClock_Config
                0x0000000008000a84       0xd4 ./Core/Src/main.o
                0x0000000008000a84                SystemClock_Config
 .text.MX_I2C1_Init
                0x0000000008000b58       0x5c ./Core/Src/main.o
 .text.MX_GPIO_Init
                0x0000000008000bb4      0x2bc ./Core/Src/main.o
 .text.StartDefaultTask
                0x0000000008000e70       0x30 ./Core/Src/main.o
                0x0000000008000e70                StartDefaultTask
 .text.diodeDetector_Init
                0x0000000008000ea0       0x38 ./Core/Src/main.o
                0x0000000008000ea0                diodeDetector_Init
 .text.holeState_Init
                0x0000000008000ed8       0x38 ./Core/Src/main.o
                0x0000000008000ed8                holeState_Init
 .text.displayMenu_Init
                0x0000000008000f10      0x108 ./Core/Src/main.o
                0x0000000008000f10                displayMenu_Init
 .text.HAL_TIM_PeriodElapsedCallback
                0x0000000008001018       0x24 ./Core/Src/main.o
                0x0000000008001018                HAL_TIM_PeriodElapsedCallback
 .text.Error_Handler
                0x000000000800103c        0xa ./Core/Src/main.o
                0x000000000800103c                Error_Handler
 *fill*         0x0000000008001046        0x2 
 .text.menuError
                0x0000000008001048       0x20 ./Core/Src/menuHandler.o
                0x0000000008001048                menuError
 .text.defaultMenu
                0x0000000008001068       0x30 ./Core/Src/menuHandler.o
                0x0000000008001068                defaultMenu
 .text.sub2Menu
                0x0000000008001098       0x70 ./Core/Src/menuHandler.o
                0x0000000008001098                sub2Menu
 .text.sub3Menu
                0x0000000008001108      0x10c ./Core/Src/menuHandler.o
                0x0000000008001108                sub3Menu
 .text.defaultMenuCursorPos1
                0x0000000008001214       0x2c ./Core/Src/menuHandler.o
                0x0000000008001214                defaultMenuCursorPos1
 .text.defaultMenuCursorPos2
                0x0000000008001240       0x2c ./Core/Src/menuHandler.o
                0x0000000008001240                defaultMenuCursorPos2
 .text.sub2MenuCursorPos1
                0x000000000800126c       0x2c ./Core/Src/menuHandler.o
                0x000000000800126c                sub2MenuCursorPos1
 .text.sub2MenuCursorPos2
                0x0000000008001298       0x2c ./Core/Src/menuHandler.o
                0x0000000008001298                sub2MenuCursorPos2
 .text.sub3MenuCursorPos1
                0x00000000080012c4       0x2c ./Core/Src/menuHandler.o
                0x00000000080012c4                sub3MenuCursorPos1
 .text.sub3MenuCursorPos2
                0x00000000080012f0       0x2c ./Core/Src/menuHandler.o
                0x00000000080012f0                sub3MenuCursorPos2
 .text.drinkCounterReset
                0x000000000800131c       0x38 ./Core/Src/menuHandler.o
                0x000000000800131c                drinkCounterReset
 .text.leftReact1
                0x0000000008001354       0x32 ./Core/Src/menuHandler.o
                0x0000000008001354                leftReact1
 .text.rightReact1
                0x0000000008001386       0x32 ./Core/Src/menuHandler.o
                0x0000000008001386                rightReact1
 .text.leftReact2
                0x00000000080013b8       0x5e ./Core/Src/menuHandler.o
                0x00000000080013b8                leftReact2
 .text.rightReact2
                0x0000000008001416       0x5e ./Core/Src/menuHandler.o
                0x0000000008001416                rightReact2
 .text.leftReact3
                0x0000000008001474       0x32 ./Core/Src/menuHandler.o
                0x0000000008001474                leftReact3
 .text.rightReact3
                0x00000000080014a6       0x32 ./Core/Src/menuHandler.o
                0x00000000080014a6                rightReact3
 .text.clickedReact1
                0x00000000080014d8       0x3e ./Core/Src/menuHandler.o
                0x00000000080014d8                clickedReact1
 .text.clickedReact2
                0x0000000008001516       0x3e ./Core/Src/menuHandler.o
                0x0000000008001516                clickedReact2
 .text.clickedReact3
                0x0000000008001554       0x4e ./Core/Src/menuHandler.o
                0x0000000008001554                clickedReact3
 .text.handleLeft
                0x00000000080015a2       0x1a ./Core/Src/menuHandler.o
                0x00000000080015a2                handleLeft
 .text.handleRight
                0x00000000080015bc       0x1a ./Core/Src/menuHandler.o
                0x00000000080015bc                handleRight
 .text.handleClicked
                0x00000000080015d6       0x1a ./Core/Src/menuHandler.o
                0x00000000080015d6                handleClicked
 .text.HAL_MspInit
                0x00000000080015f0       0x58 ./Core/Src/stm32f4xx_hal_msp.o
                0x00000000080015f0                HAL_MspInit
 .text.HAL_I2C_MspInit
                0x0000000008001648       0x90 ./Core/Src/stm32f4xx_hal_msp.o
                0x0000000008001648                HAL_I2C_MspInit
 .text.HAL_InitTick
                0x00000000080016d8       0xe8 ./Core/Src/stm32f4xx_hal_timebase_tim.o
                0x00000000080016d8                HAL_InitTick
 .text.NMI_Handler
                0x00000000080017c0        0x6 ./Core/Src/stm32f4xx_it.o
                0x00000000080017c0                NMI_Handler
 .text.HardFault_Handler
                0x00000000080017c6        0x6 ./Core/Src/stm32f4xx_it.o
                0x00000000080017c6                HardFault_Handler
 .text.MemManage_Handler
                0x00000000080017cc        0x6 ./Core/Src/stm32f4xx_it.o
                0x00000000080017cc                MemManage_Handler
 .text.BusFault_Handler
                0x00000000080017d2        0x6 ./Core/Src/stm32f4xx_it.o
                0x00000000080017d2                BusFault_Handler
 .text.UsageFault_Handler
                0x00000000080017d8        0x6 ./Core/Src/stm32f4xx_it.o
                0x00000000080017d8                UsageFault_Handler
 .text.DebugMon_Handler
                0x00000000080017de        0xe ./Core/Src/stm32f4xx_it.o
                0x00000000080017de                DebugMon_Handler
 .text.TIM1_UP_TIM10_IRQHandler
                0x00000000080017ec       0x14 ./Core/Src/stm32f4xx_it.o
                0x00000000080017ec                TIM1_UP_TIM10_IRQHandler
 .text._sbrk    0x0000000008001800       0x6c ./Core/Src/sysmem.o
                0x0000000008001800                _sbrk
 .text.SystemInit
                0x000000000800186c       0x24 ./Core/Src/system_stm32f4xx.o
                0x000000000800186c                SystemInit
 .text.Reset_Handler
                0x0000000008001890       0x50 ./Core/Startup/startup_stm32f411vetx.o
                0x0000000008001890                Reset_Handler
 .text.Default_Handler
                0x00000000080018e0        0x2 ./Core/Startup/startup_stm32f411vetx.o
                0x00000000080018e0                RTC_Alarm_IRQHandler
                0x00000000080018e0                EXTI2_IRQHandler
                0x00000000080018e0                SPI4_IRQHandler
                0x00000000080018e0                TIM1_CC_IRQHandler
                0x00000000080018e0                DMA2_Stream5_IRQHandler
                0x00000000080018e0                DMA1_Stream5_IRQHandler
                0x00000000080018e0                PVD_IRQHandler
                0x00000000080018e0                SDIO_IRQHandler
                0x00000000080018e0                TAMP_STAMP_IRQHandler
                0x00000000080018e0                EXTI3_IRQHandler
                0x00000000080018e0                I2C3_ER_IRQHandler
                0x00000000080018e0                EXTI0_IRQHandler
                0x00000000080018e0                I2C2_EV_IRQHandler
                0x00000000080018e0                DMA1_Stream2_IRQHandler
                0x00000000080018e0                FPU_IRQHandler
                0x00000000080018e0                DMA2_Stream2_IRQHandler
                0x00000000080018e0                SPI1_IRQHandler
                0x00000000080018e0                TIM1_BRK_TIM9_IRQHandler
                0x00000000080018e0                DMA2_Stream3_IRQHandler
                0x00000000080018e0                USART6_IRQHandler
                0x00000000080018e0                DMA2_Stream0_IRQHandler
                0x00000000080018e0                TIM4_IRQHandler
                0x00000000080018e0                I2C1_EV_IRQHandler
                0x00000000080018e0                DMA1_Stream6_IRQHandler
                0x00000000080018e0                DMA1_Stream1_IRQHandler
                0x00000000080018e0                TIM3_IRQHandler
                0x00000000080018e0                RCC_IRQHandler
                0x00000000080018e0                Default_Handler
                0x00000000080018e0                EXTI15_10_IRQHandler
                0x00000000080018e0                ADC_IRQHandler
                0x00000000080018e0                DMA1_Stream7_IRQHandler
                0x00000000080018e0                SPI5_IRQHandler
                0x00000000080018e0                TIM5_IRQHandler
                0x00000000080018e0                DMA2_Stream7_IRQHandler
                0x00000000080018e0                I2C3_EV_IRQHandler
                0x00000000080018e0                EXTI9_5_IRQHandler
                0x00000000080018e0                RTC_WKUP_IRQHandler
                0x00000000080018e0                SPI2_IRQHandler
                0x00000000080018e0                DMA1_Stream0_IRQHandler
                0x00000000080018e0                EXTI4_IRQHandler
                0x00000000080018e0                WWDG_IRQHandler
                0x00000000080018e0                TIM2_IRQHandler
                0x00000000080018e0                OTG_FS_WKUP_IRQHandler
                0x00000000080018e0                TIM1_TRG_COM_TIM11_IRQHandler
                0x00000000080018e0                EXTI1_IRQHandler
                0x00000000080018e0                USART2_IRQHandler
                0x00000000080018e0                I2C2_ER_IRQHandler
                0x00000000080018e0                DMA2_Stream1_IRQHandler
                0x00000000080018e0                FLASH_IRQHandler
                0x00000000080018e0                DMA2_Stream4_IRQHandler
                0x00000000080018e0                USART1_IRQHandler
                0x00000000080018e0                OTG_FS_IRQHandler
                0x00000000080018e0                SPI3_IRQHandler
                0x00000000080018e0                DMA1_Stream4_IRQHandler
                0x00000000080018e0                I2C1_ER_IRQHandler
                0x00000000080018e0                DMA2_Stream6_IRQHandler
                0x00000000080018e0                DMA1_Stream3_IRQHandler
 *fill*         0x00000000080018e2        0x2 
 .text.HAL_Init
                0x00000000080018e4       0x44 ./Drivers/STM32F4xx_HAL_Driver/Src/stm32f4xx_hal.o
                0x00000000080018e4                HAL_Init
 .text.HAL_IncTick
                0x0000000008001928       0x28 ./Drivers/STM32F4xx_HAL_Driver/Src/stm32f4xx_hal.o
                0x0000000008001928                HAL_IncTick
 .text.HAL_GetTick
                0x0000000008001950       0x18 ./Drivers/STM32F4xx_HAL_Driver/Src/stm32f4xx_hal.o
                0x0000000008001950                HAL_GetTick
 .text.__NVIC_SetPriorityGrouping
                0x0000000008001968       0x48 ./Drivers/STM32F4xx_HAL_Driver/Src/stm32f4xx_hal_cortex.o
 .text.__NVIC_GetPriorityGrouping
                0x00000000080019b0       0x1c ./Drivers/STM32F4xx_HAL_Driver/Src/stm32f4xx_hal_cortex.o
 .text.__NVIC_EnableIRQ
                0x00000000080019cc       0x3c ./Drivers/STM32F4xx_HAL_Driver/Src/stm32f4xx_hal_cortex.o
 .text.__NVIC_SetPriority
                0x0000000008001a08       0x54 ./Drivers/STM32F4xx_HAL_Driver/Src/stm32f4xx_hal_cortex.o
 .text.NVIC_EncodePriority
                0x0000000008001a5c       0x66 ./Drivers/STM32F4xx_HAL_Driver/Src/stm32f4xx_hal_cortex.o
 .text.HAL_NVIC_SetPriorityGrouping
                0x0000000008001ac2       0x16 ./Drivers/STM32F4xx_HAL_Driver/Src/stm32f4xx_hal_cortex.o
                0x0000000008001ac2                HAL_NVIC_SetPriorityGrouping
 .text.HAL_NVIC_SetPriority
                0x0000000008001ad8       0x38 ./Drivers/STM32F4xx_HAL_Driver/Src/stm32f4xx_hal_cortex.o
                0x0000000008001ad8                HAL_NVIC_SetPriority
 .text.HAL_NVIC_EnableIRQ
                0x0000000008001b10       0x1c ./Drivers/STM32F4xx_HAL_Driver/Src/stm32f4xx_hal_cortex.o
                0x0000000008001b10                HAL_NVIC_EnableIRQ
 .text.HAL_GPIO_Init
                0x0000000008001b2c      0x308 ./Drivers/STM32F4xx_HAL_Driver/Src/stm32f4xx_hal_gpio.o
                0x0000000008001b2c                HAL_GPIO_Init
 .text.HAL_GPIO_ReadPin
                0x0000000008001e34       0x30 ./Drivers/STM32F4xx_HAL_Driver/Src/stm32f4xx_hal_gpio.o
                0x0000000008001e34                HAL_GPIO_ReadPin
 .text.HAL_GPIO_WritePin
                0x0000000008001e64       0x32 ./Drivers/STM32F4xx_HAL_Driver/Src/stm32f4xx_hal_gpio.o
                0x0000000008001e64                HAL_GPIO_WritePin
 *fill*         0x0000000008001e96        0x2 
 .text.HAL_I2C_Init
                0x0000000008001e98      0x288 ./Drivers/STM32F4xx_HAL_Driver/Src/stm32f4xx_hal_i2c.o
                0x0000000008001e98                HAL_I2C_Init
 .text.HAL_I2C_Master_Transmit
                0x0000000008002120      0x1fc ./Drivers/STM32F4xx_HAL_Driver/Src/stm32f4xx_hal_i2c.o
                0x0000000008002120                HAL_I2C_Master_Transmit
 .text.I2C_MasterRequestWrite
                0x000000000800231c      0x104 ./Drivers/STM32F4xx_HAL_Driver/Src/stm32f4xx_hal_i2c.o
 .text.I2C_WaitOnFlagUntilTimeout
                0x0000000008002420       0xf4 ./Drivers/STM32F4xx_HAL_Driver/Src/stm32f4xx_hal_i2c.o
 .text.I2C_WaitOnMasterAddressFlagUntilTimeout
                0x0000000008002514      0x140 ./Drivers/STM32F4xx_HAL_Driver/Src/stm32f4xx_hal_i2c.o
 .text.I2C_WaitOnTXEFlagUntilTimeout
                0x0000000008002654       0x90 ./Drivers/STM32F4xx_HAL_Driver/Src/stm32f4xx_hal_i2c.o
 .text.I2C_WaitOnBTFFlagUntilTimeout
                0x00000000080026e4       0x90 ./Drivers/STM32F4xx_HAL_Driver/Src/stm32f4xx_hal_i2c.o
 .text.I2C_IsAcknowledgeFailed
                0x0000000008002774       0x5e ./Drivers/STM32F4xx_HAL_Driver/Src/stm32f4xx_hal_i2c.o
 *fill*         0x00000000080027d2        0x2 
 .text.HAL_RCC_OscConfig
                0x00000000080027d4      0x4f0 ./Drivers/STM32F4xx_HAL_Driver/Src/stm32f4xx_hal_rcc.o
                0x00000000080027d4                HAL_RCC_OscConfig
 .text.HAL_RCC_ClockConfig
                0x0000000008002cc4      0x1cc ./Drivers/STM32F4xx_HAL_Driver/Src/stm32f4xx_hal_rcc.o
                0x0000000008002cc4                HAL_RCC_ClockConfig
 .text.HAL_RCC_GetSysClockFreq
                0x0000000008002e90      0x20c ./Drivers/STM32F4xx_HAL_Driver/Src/stm32f4xx_hal_rcc.o
                0x0000000008002e90                HAL_RCC_GetSysClockFreq
 .text.HAL_RCC_GetHCLKFreq
                0x000000000800309c       0x18 ./Drivers/STM32F4xx_HAL_Driver/Src/stm32f4xx_hal_rcc.o
                0x000000000800309c                HAL_RCC_GetHCLKFreq
 .text.HAL_RCC_GetPCLK1Freq
                0x00000000080030b4       0x28 ./Drivers/STM32F4xx_HAL_Driver/Src/stm32f4xx_hal_rcc.o
                0x00000000080030b4                HAL_RCC_GetPCLK1Freq
 .text.HAL_RCC_GetPCLK2Freq
                0x00000000080030dc       0x28 ./Drivers/STM32F4xx_HAL_Driver/Src/stm32f4xx_hal_rcc.o
                0x00000000080030dc                HAL_RCC_GetPCLK2Freq
 .text.HAL_RCC_GetClockConfig
                0x0000000008003104       0x64 ./Drivers/STM32F4xx_HAL_Driver/Src/stm32f4xx_hal_rcc.o
                0x0000000008003104                HAL_RCC_GetClockConfig
 .text.HAL_TIM_Base_Init
                0x0000000008003168       0x9e ./Drivers/STM32F4xx_HAL_Driver/Src/stm32f4xx_hal_tim.o
                0x0000000008003168                HAL_TIM_Base_Init
 .text.HAL_TIM_Base_MspInit
                0x0000000008003206       0x14 ./Drivers/STM32F4xx_HAL_Driver/Src/stm32f4xx_hal_tim.o
                0x0000000008003206                HAL_TIM_Base_MspInit
 *fill*         0x000000000800321a        0x2 
 .text.HAL_TIM_Base_Start_IT
                0x000000000800321c       0xc4 ./Drivers/STM32F4xx_HAL_Driver/Src/stm32f4xx_hal_tim.o
                0x000000000800321c                HAL_TIM_Base_Start_IT
 .text.HAL_TIM_IRQHandler
                0x00000000080032e0      0x1e0 ./Drivers/STM32F4xx_HAL_Driver/Src/stm32f4xx_hal_tim.o
                0x00000000080032e0                HAL_TIM_IRQHandler
 .text.HAL_TIM_OC_DelayElapsedCallback
                0x00000000080034c0       0x14 ./Drivers/STM32F4xx_HAL_Driver/Src/stm32f4xx_hal_tim.o
                0x00000000080034c0                HAL_TIM_OC_DelayElapsedCallback
 .text.HAL_TIM_IC_CaptureCallback
                0x00000000080034d4       0x14 ./Drivers/STM32F4xx_HAL_Driver/Src/stm32f4xx_hal_tim.o
                0x00000000080034d4                HAL_TIM_IC_CaptureCallback
 .text.HAL_TIM_PWM_PulseFinishedCallback
                0x00000000080034e8       0x14 ./Drivers/STM32F4xx_HAL_Driver/Src/stm32f4xx_hal_tim.o
                0x00000000080034e8                HAL_TIM_PWM_PulseFinishedCallback
 .text.HAL_TIM_TriggerCallback
                0x00000000080034fc       0x14 ./Drivers/STM32F4xx_HAL_Driver/Src/stm32f4xx_hal_tim.o
                0x00000000080034fc                HAL_TIM_TriggerCallback
 .text.TIM_Base_SetConfig
                0x0000000008003510      0x118 ./Drivers/STM32F4xx_HAL_Driver/Src/stm32f4xx_hal_tim.o
                0x0000000008003510                TIM_Base_SetConfig
 .text.HAL_TIMEx_CommutCallback
                0x0000000008003628       0x14 ./Drivers/STM32F4xx_HAL_Driver/Src/stm32f4xx_hal_tim_ex.o
                0x0000000008003628                HAL_TIMEx_CommutCallback
 .text.HAL_TIMEx_BreakCallback
                0x000000000800363c       0x14 ./Drivers/STM32F4xx_HAL_Driver/Src/stm32f4xx_hal_tim_ex.o
                0x000000000800363c                HAL_TIMEx_BreakCallback
 .text.makeFreeRtosPriority
                0x0000000008003650       0x30 ./Middlewares/Third_Party/FreeRTOS/Source/CMSIS_RTOS/cmsis_os.o
 .text.osKernelStart
                0x0000000008003680        0xe ./Middlewares/Third_Party/FreeRTOS/Source/CMSIS_RTOS/cmsis_os.o
                0x0000000008003680                osKernelStart
 .text.osThreadCreate
                0x000000000800368e       0x98 ./Middlewares/Third_Party/FreeRTOS/Source/CMSIS_RTOS/cmsis_os.o
                0x000000000800368e                osThreadCreate
 .text.osDelay  0x0000000008003726       0x28 ./Middlewares/Third_Party/FreeRTOS/Source/CMSIS_RTOS/cmsis_os.o
                0x0000000008003726                osDelay
 .text.vListInitialise
                0x000000000800374e       0x40 ./Middlewares/Third_Party/FreeRTOS/Source/list.o
                0x000000000800374e                vListInitialise
 .text.vListInitialiseItem
                0x000000000800378e       0x1a ./Middlewares/Third_Party/FreeRTOS/Source/list.o
                0x000000000800378e                vListInitialiseItem
 .text.vListInsertEnd
                0x00000000080037a8       0x48 ./Middlewares/Third_Party/FreeRTOS/Source/list.o
                0x00000000080037a8                vListInsertEnd
 .text.vListInsert
                0x00000000080037f0       0x72 ./Middlewares/Third_Party/FreeRTOS/Source/list.o
                0x00000000080037f0                vListInsert
 .text.uxListRemove
                0x0000000008003862       0x54 ./Middlewares/Third_Party/FreeRTOS/Source/list.o
                0x0000000008003862                uxListRemove
 .text.xTaskCreateStatic
                0x00000000080038b6       0xba ./Middlewares/Third_Party/FreeRTOS/Source/tasks.o
                0x00000000080038b6                xTaskCreateStatic
 .text.xTaskCreate
                0x0000000008003970       0x8a ./Middlewares/Third_Party/FreeRTOS/Source/tasks.o
                0x0000000008003970                xTaskCreate
 *fill*         0x00000000080039fa        0x2 
 .text.prvInitialiseNewTask
                0x00000000080039fc      0x13c ./Middlewares/Third_Party/FreeRTOS/Source/tasks.o
 .text.prvAddNewTaskToReadyList
                0x0000000008003b38       0xd4 ./Middlewares/Third_Party/FreeRTOS/Source/tasks.o
 .text.vTaskDelay
                0x0000000008003c0c       0x68 ./Middlewares/Third_Party/FreeRTOS/Source/tasks.o
                0x0000000008003c0c                vTaskDelay
 .text.vTaskStartScheduler
                0x0000000008003c74       0xd4 ./Middlewares/Third_Party/FreeRTOS/Source/tasks.o
                0x0000000008003c74                vTaskStartScheduler
 .text.vTaskSuspendAll
                0x0000000008003d48       0x1c ./Middlewares/Third_Party/FreeRTOS/Source/tasks.o
                0x0000000008003d48                vTaskSuspendAll
 .text.xTaskResumeAll
                0x0000000008003d64      0x138 ./Middlewares/Third_Party/FreeRTOS/Source/tasks.o
                0x0000000008003d64                xTaskResumeAll
 .text.xTaskIncrementTick
                0x0000000008003e9c      0x170 ./Middlewares/Third_Party/FreeRTOS/Source/tasks.o
                0x0000000008003e9c                xTaskIncrementTick
 .text.vTaskSwitchContext
                0x000000000800400c       0xc4 ./Middlewares/Third_Party/FreeRTOS/Source/tasks.o
                0x000000000800400c                vTaskSwitchContext
 .text.prvIdleTask
                0x00000000080040d0       0x30 ./Middlewares/Third_Party/FreeRTOS/Source/tasks.o
 .text.prvInitialiseTaskLists
                0x0000000008004100       0x80 ./Middlewares/Third_Party/FreeRTOS/Source/tasks.o
 .text.prvCheckTasksWaitingTermination
                0x0000000008004180       0x5c ./Middlewares/Third_Party/FreeRTOS/Source/tasks.o
 .text.prvDeleteTCB
                0x00000000080041dc       0x68 ./Middlewares/Third_Party/FreeRTOS/Source/tasks.o
 .text.prvResetNextTaskUnblockTime
                0x0000000008004244       0x40 ./Middlewares/Third_Party/FreeRTOS/Source/tasks.o
 .text.prvAddCurrentTaskToDelayedList
                0x0000000008004284       0xcc ./Middlewares/Third_Party/FreeRTOS/Source/tasks.o
 .text.pxPortInitialiseStack
                0x0000000008004350       0x68 ./Middlewares/Third_Party/FreeRTOS/Source/portable/GCC/ARM_CM4F/port.o
                0x0000000008004350                pxPortInitialiseStack
 .text.prvTaskExitError
                0x00000000080043b8       0x58 ./Middlewares/Third_Party/FreeRTOS/Source/portable/GCC/ARM_CM4F/port.o
 .text.SVC_Handler
                0x0000000008004410       0x28 ./Middlewares/Third_Party/FreeRTOS/Source/portable/GCC/ARM_CM4F/port.o
                0x0000000008004410                SVC_Handler
 .text.prvPortStartFirstTask
                0x0000000008004438       0x28 ./Middlewares/Third_Party/FreeRTOS/Source/portable/GCC/ARM_CM4F/port.o
 .text.xPortStartScheduler
                0x0000000008004460      0x144 ./Middlewares/Third_Party/FreeRTOS/Source/portable/GCC/ARM_CM4F/port.o
                0x0000000008004460                xPortStartScheduler
 .text.vPortEnterCritical
                0x00000000080045a4       0x60 ./Middlewares/Third_Party/FreeRTOS/Source/portable/GCC/ARM_CM4F/port.o
                0x00000000080045a4                vPortEnterCritical
 .text.vPortExitCritical
                0x0000000008004604       0x54 ./Middlewares/Third_Party/FreeRTOS/Source/portable/GCC/ARM_CM4F/port.o
                0x0000000008004604                vPortExitCritical
 *fill*         0x0000000008004658        0x8 
 .text.PendSV_Handler
                0x0000000008004660       0x68 ./Middlewares/Third_Party/FreeRTOS/Source/portable/GCC/ARM_CM4F/port.o
                0x0000000008004660                PendSV_Handler
 .text.SysTick_Handler
                0x00000000080046c8       0x44 ./Middlewares/Third_Party/FreeRTOS/Source/portable/GCC/ARM_CM4F/port.o
                0x00000000080046c8                SysTick_Handler
 .text.vPortSetupTimerInterrupt
                0x000000000800470c       0x48 ./Middlewares/Third_Party/FreeRTOS/Source/portable/GCC/ARM_CM4F/port.o
                0x000000000800470c                vPortSetupTimerInterrupt
 .text.vPortEnableVFP
                0x0000000008004754       0x14 ./Middlewares/Third_Party/FreeRTOS/Source/portable/GCC/ARM_CM4F/port.o
 .text.pvPortMalloc
                0x0000000008004768      0x198 ./Middlewares/Third_Party/FreeRTOS/Source/portable/MemMang/heap_4.o
                0x0000000008004768                pvPortMalloc
 .text.vPortFree
                0x0000000008004900       0xc4 ./Middlewares/Third_Party/FreeRTOS/Source/portable/MemMang/heap_4.o
                0x0000000008004900                vPortFree
 .text.prvHeapInit
                0x00000000080049c4       0xc4 ./Middlewares/Third_Party/FreeRTOS/Source/portable/MemMang/heap_4.o
 .text.prvInsertBlockIntoFreeList
                0x0000000008004a88       0xb4 ./Middlewares/Third_Party/FreeRTOS/Source/portable/MemMang/heap_4.o
 .text.sprintf  0x0000000008004b3c       0x40 C:/ST/STM32CubeIDE_1.14.0/STM32CubeIDE/plugins/com.st.stm32cube.ide.mcu.externaltools.gnu-tools-for-stm32.11.3.rel1.win32_1.1.100.202309141235/tools/bin/../lib/gcc/arm-none-eabi/11.3.1/../../../../arm-none-eabi/lib/thumb/v7e-m+fp/hard\libc_nano.a(libc_a-sprintf.o)
                0x0000000008004b3c                siprintf
                0x0000000008004b3c                sprintf
 .text.memset   0x0000000008004b7c       0x10 C:/ST/STM32CubeIDE_1.14.0/STM32CubeIDE/plugins/com.st.stm32cube.ide.mcu.externaltools.gnu-tools-for-stm32.11.3.rel1.win32_1.1.100.202309141235/tools/bin/../lib/gcc/arm-none-eabi/11.3.1/../../../../arm-none-eabi/lib/thumb/v7e-m+fp/hard\libc_nano.a(libc_a-memset.o)
                0x0000000008004b7c                memset
 .text._reclaim_reent
                0x0000000008004b8c       0xac C:/ST/STM32CubeIDE_1.14.0/STM32CubeIDE/plugins/com.st.stm32cube.ide.mcu.externaltools.gnu-tools-for-stm32.11.3.rel1.win32_1.1.100.202309141235/tools/bin/../lib/gcc/arm-none-eabi/11.3.1/../../../../arm-none-eabi/lib/thumb/v7e-m+fp/hard\libc_nano.a(libc_a-reent.o)
                0x0000000008004b8c                _reclaim_reent
 .text.__errno  0x0000000008004c38        0xc C:/ST/STM32CubeIDE_1.14.0/STM32CubeIDE/plugins/com.st.stm32cube.ide.mcu.externaltools.gnu-tools-for-stm32.11.3.rel1.win32_1.1.100.202309141235/tools/bin/../lib/gcc/arm-none-eabi/11.3.1/../../../../arm-none-eabi/lib/thumb/v7e-m+fp/hard\libc_nano.a(libc_a-errno.o)
                0x0000000008004c38                __errno
 .text.__libc_init_array
                0x0000000008004c44       0x48 C:/ST/STM32CubeIDE_1.14.0/STM32CubeIDE/plugins/com.st.stm32cube.ide.mcu.externaltools.gnu-tools-for-stm32.11.3.rel1.win32_1.1.100.202309141235/tools/bin/../lib/gcc/arm-none-eabi/11.3.1/../../../../arm-none-eabi/lib/thumb/v7e-m+fp/hard\libc_nano.a(libc_a-init.o)
                0x0000000008004c44                __libc_init_array
 .text.__retarget_lock_acquire_recursive
                0x0000000008004c8c        0x2 C:/ST/STM32CubeIDE_1.14.0/STM32CubeIDE/plugins/com.st.stm32cube.ide.mcu.externaltools.gnu-tools-for-stm32.11.3.rel1.win32_1.1.100.202309141235/tools/bin/../lib/gcc/arm-none-eabi/11.3.1/../../../../arm-none-eabi/lib/thumb/v7e-m+fp/hard\libc_nano.a(libc_a-lock.o)
                0x0000000008004c8c                __retarget_lock_acquire_recursive
 .text.__retarget_lock_release_recursive
                0x0000000008004c8e        0x2 C:/ST/STM32CubeIDE_1.14.0/STM32CubeIDE/plugins/com.st.stm32cube.ide.mcu.externaltools.gnu-tools-for-stm32.11.3.rel1.win32_1.1.100.202309141235/tools/bin/../lib/gcc/arm-none-eabi/11.3.1/../../../../arm-none-eabi/lib/thumb/v7e-m+fp/hard\libc_nano.a(libc_a-lock.o)
                0x0000000008004c8e                __retarget_lock_release_recursive
 .text.memcpy   0x0000000008004c90       0x1c C:/ST/STM32CubeIDE_1.14.0/STM32CubeIDE/plugins/com.st.stm32cube.ide.mcu.externaltools.gnu-tools-for-stm32.11.3.rel1.win32_1.1.100.202309141235/tools/bin/../lib/gcc/arm-none-eabi/11.3.1/../../../../arm-none-eabi/lib/thumb/v7e-m+fp/hard\libc_nano.a(libc_a-memcpy-stub.o)
                0x0000000008004c90                memcpy
 .text._free_r  0x0000000008004cac       0x98 C:/ST/STM32CubeIDE_1.14.0/STM32CubeIDE/plugins/com.st.stm32cube.ide.mcu.externaltools.gnu-tools-for-stm32.11.3.rel1.win32_1.1.100.202309141235/tools/bin/../lib/gcc/arm-none-eabi/11.3.1/../../../../arm-none-eabi/lib/thumb/v7e-m+fp/hard\libc_nano.a(libc_a-freer.o)
                0x0000000008004cac                _free_r
 .text.sbrk_aligned
                0x0000000008004d44       0x40 C:/ST/STM32CubeIDE_1.14.0/STM32CubeIDE/plugins/com.st.stm32cube.ide.mcu.externaltools.gnu-tools-for-stm32.11.3.rel1.win32_1.1.100.202309141235/tools/bin/../lib/gcc/arm-none-eabi/11.3.1/../../../../arm-none-eabi/lib/thumb/v7e-m+fp/hard\libc_nano.a(libc_a-mallocr.o)
 .text._malloc_r
                0x0000000008004d84      0x100 C:/ST/STM32CubeIDE_1.14.0/STM32CubeIDE/plugins/com.st.stm32cube.ide.mcu.externaltools.gnu-tools-for-stm32.11.3.rel1.win32_1.1.100.202309141235/tools/bin/../lib/gcc/arm-none-eabi/11.3.1/../../../../arm-none-eabi/lib/thumb/v7e-m+fp/hard\libc_nano.a(libc_a-mallocr.o)
                0x0000000008004d84                _malloc_r
 .text.__malloc_lock
                0x0000000008004e84        0xc C:/ST/STM32CubeIDE_1.14.0/STM32CubeIDE/plugins/com.st.stm32cube.ide.mcu.externaltools.gnu-tools-for-stm32.11.3.rel1.win32_1.1.100.202309141235/tools/bin/../lib/gcc/arm-none-eabi/11.3.1/../../../../arm-none-eabi/lib/thumb/v7e-m+fp/hard\libc_nano.a(libc_a-mlock.o)
                0x0000000008004e84                __malloc_lock
 .text.__malloc_unlock
                0x0000000008004e90        0xc C:/ST/STM32CubeIDE_1.14.0/STM32CubeIDE/plugins/com.st.stm32cube.ide.mcu.externaltools.gnu-tools-for-stm32.11.3.rel1.win32_1.1.100.202309141235/tools/bin/../lib/gcc/arm-none-eabi/11.3.1/../../../../arm-none-eabi/lib/thumb/v7e-m+fp/hard\libc_nano.a(libc_a-mlock.o)
                0x0000000008004e90                __malloc_unlock
 .text.__ssputs_r
                0x0000000008004e9c       0xb4 C:/ST/STM32CubeIDE_1.14.0/STM32CubeIDE/plugins/com.st.stm32cube.ide.mcu.externaltools.gnu-tools-for-stm32.11.3.rel1.win32_1.1.100.202309141235/tools/bin/../lib/gcc/arm-none-eabi/11.3.1/../../../../arm-none-eabi/lib/thumb/v7e-m+fp/hard\libc_nano.a(libc_a-nano-svfprintf.o)
                0x0000000008004e9c                __ssputs_r
 .text._svfprintf_r
                0x0000000008004f50      0x1fc C:/ST/STM32CubeIDE_1.14.0/STM32CubeIDE/plugins/com.st.stm32cube.ide.mcu.externaltools.gnu-tools-for-stm32.11.3.rel1.win32_1.1.100.202309141235/tools/bin/../lib/gcc/arm-none-eabi/11.3.1/../../../../arm-none-eabi/lib/thumb/v7e-m+fp/hard\libc_nano.a(libc_a-nano-svfprintf.o)
                0x0000000008004f50                _svfiprintf_r
                0x0000000008004f50                _svfprintf_r
 .text._printf_common
                0x000000000800514c       0xda C:/ST/STM32CubeIDE_1.14.0/STM32CubeIDE/plugins/com.st.stm32cube.ide.mcu.externaltools.gnu-tools-for-stm32.11.3.rel1.win32_1.1.100.202309141235/tools/bin/../lib/gcc/arm-none-eabi/11.3.1/../../../../arm-none-eabi/lib/thumb/v7e-m+fp/hard\libc_nano.a(libc_a-nano-vfprintf_i.o)
                0x000000000800514c                _printf_common
 *fill*         0x0000000008005226        0x2 
 .text._printf_i
                0x0000000008005228      0x244 C:/ST/STM32CubeIDE_1.14.0/STM32CubeIDE/plugins/com.st.stm32cube.ide.mcu.externaltools.gnu-tools-for-stm32.11.3.rel1.win32_1.1.100.202309141235/tools/bin/../lib/gcc/arm-none-eabi/11.3.1/../../../../arm-none-eabi/lib/thumb/v7e-m+fp/hard\libc_nano.a(libc_a-nano-vfprintf_i.o)
                0x0000000008005228                _printf_i
 .text.memmove  0x000000000800546c       0x34 C:/ST/STM32CubeIDE_1.14.0/STM32CubeIDE/plugins/com.st.stm32cube.ide.mcu.externaltools.gnu-tools-for-stm32.11.3.rel1.win32_1.1.100.202309141235/tools/bin/../lib/gcc/arm-none-eabi/11.3.1/../../../../arm-none-eabi/lib/thumb/v7e-m+fp/hard\libc_nano.a(libc_a-memmove.o)
                0x000000000800546c                memmove
 .text._sbrk_r  0x00000000080054a0       0x20 C:/ST/STM32CubeIDE_1.14.0/STM32CubeIDE/plugins/com.st.stm32cube.ide.mcu.externaltools.gnu-tools-for-stm32.11.3.rel1.win32_1.1.100.202309141235/tools/bin/../lib/gcc/arm-none-eabi/11.3.1/../../../../arm-none-eabi/lib/thumb/v7e-m+fp/hard\libc_nano.a(libc_a-sbrkr.o)
                0x00000000080054a0                _sbrk_r
 .text._realloc_r
                0x00000000080054c0       0x5e C:/ST/STM32CubeIDE_1.14.0/STM32CubeIDE/plugins/com.st.stm32cube.ide.mcu.externaltools.gnu-tools-for-stm32.11.3.rel1.win32_1.1.100.202309141235/tools/bin/../lib/gcc/arm-none-eabi/11.3.1/../../../../arm-none-eabi/lib/thumb/v7e-m+fp/hard\libc_nano.a(libc_a-reallocr.o)
                0x00000000080054c0                _realloc_r
 .text._malloc_usable_size_r
                0x000000000800551e       0x10 C:/ST/STM32CubeIDE_1.14.0/STM32CubeIDE/plugins/com.st.stm32cube.ide.mcu.externaltools.gnu-tools-for-stm32.11.3.rel1.win32_1.1.100.202309141235/tools/bin/../lib/gcc/arm-none-eabi/11.3.1/../../../../arm-none-eabi/lib/thumb/v7e-m+fp/hard\libc_nano.a(libc_a-msizer.o)
                0x000000000800551e                _malloc_usable_size_r
 *(.glue_7)
 .glue_7        0x000000000800552e        0x0 linker stubs
 *(.glue_7t)
 .glue_7t       0x000000000800552e        0x0 linker stubs
 *(.eh_frame)
 *fill*         0x000000000800552e        0x2 
 .eh_frame      0x0000000008005530        0x0 C:/ST/STM32CubeIDE_1.14.0/STM32CubeIDE/plugins/com.st.stm32cube.ide.mcu.externaltools.gnu-tools-for-stm32.11.3.rel1.win32_1.1.100.202309141235/tools/bin/../lib/gcc/arm-none-eabi/11.3.1/thumb/v7e-m+fp/hard/crtbegin.o
 *(.init)
 .init          0x0000000008005530        0x4 C:/ST/STM32CubeIDE_1.14.0/STM32CubeIDE/plugins/com.st.stm32cube.ide.mcu.externaltools.gnu-tools-for-stm32.11.3.rel1.win32_1.1.100.202309141235/tools/bin/../lib/gcc/arm-none-eabi/11.3.1/thumb/v7e-m+fp/hard/crti.o
                0x0000000008005530                _init
 .init          0x0000000008005534        0x8 C:/ST/STM32CubeIDE_1.14.0/STM32CubeIDE/plugins/com.st.stm32cube.ide.mcu.externaltools.gnu-tools-for-stm32.11.3.rel1.win32_1.1.100.202309141235/tools/bin/../lib/gcc/arm-none-eabi/11.3.1/thumb/v7e-m+fp/hard/crtn.o
 *(.fini)
 .fini          0x000000000800553c        0x4 C:/ST/STM32CubeIDE_1.14.0/STM32CubeIDE/plugins/com.st.stm32cube.ide.mcu.externaltools.gnu-tools-for-stm32.11.3.rel1.win32_1.1.100.202309141235/tools/bin/../lib/gcc/arm-none-eabi/11.3.1/thumb/v7e-m+fp/hard/crti.o
                0x000000000800553c                _fini
 .fini          0x0000000008005540        0x8 C:/ST/STM32CubeIDE_1.14.0/STM32CubeIDE/plugins/com.st.stm32cube.ide.mcu.externaltools.gnu-tools-for-stm32.11.3.rel1.win32_1.1.100.202309141235/tools/bin/../lib/gcc/arm-none-eabi/11.3.1/thumb/v7e-m+fp/hard/crtn.o
                0x0000000008005548                . = ALIGN (0x4)
                0x0000000008005548                _etext = .

.vfp11_veneer   0x0000000008005548        0x0
 .vfp11_veneer  0x0000000008005548        0x0 linker stubs

.v4_bx          0x0000000008005548        0x0
 .v4_bx         0x0000000008005548        0x0 linker stubs

.iplt           0x0000000008005548        0x0
 .iplt          0x0000000008005548        0x0 C:/ST/STM32CubeIDE_1.14.0/STM32CubeIDE/plugins/com.st.stm32cube.ide.mcu.externaltools.gnu-tools-for-stm32.11.3.rel1.win32_1.1.100.202309141235/tools/bin/../lib/gcc/arm-none-eabi/11.3.1/thumb/v7e-m+fp/hard/crtbegin.o

.rodata         0x0000000008005548      0x14c
                0x0000000008005548                . = ALIGN (0x4)
 *(.rodata)
 .rodata        0x0000000008005548       0x10 ./Core/Src/liquidcrystal_i2c.o
 .rodata        0x0000000008005558       0xa4 ./Core/Src/main.o
 .rodata        0x00000000080055fc       0x43 ./Core/Src/menuHandler.o
 *fill*         0x000000000800563f        0x1 
 .rodata        0x0000000008005640        0x5 ./Middlewares/Third_Party/FreeRTOS/Source/tasks.o
 *(.rodata*)
 *fill*         0x0000000008005645        0x3 
 .rodata.AHBPrescTable
                0x0000000008005648       0x10 ./Core/Src/system_stm32f4xx.o
                0x0000000008005648                AHBPrescTable
 .rodata.APBPrescTable
                0x0000000008005658        0x8 ./Core/Src/system_stm32f4xx.o
                0x0000000008005658                APBPrescTable
 .rodata._svfprintf_r.str1.1
                0x0000000008005660       0x11 C:/ST/STM32CubeIDE_1.14.0/STM32CubeIDE/plugins/com.st.stm32cube.ide.mcu.externaltools.gnu-tools-for-stm32.11.3.rel1.win32_1.1.100.202309141235/tools/bin/../lib/gcc/arm-none-eabi/11.3.1/../../../../arm-none-eabi/lib/thumb/v7e-m+fp/hard\libc_nano.a(libc_a-nano-svfprintf.o)
 .rodata._printf_i.str1.1
                0x0000000008005671       0x22 C:/ST/STM32CubeIDE_1.14.0/STM32CubeIDE/plugins/com.st.stm32cube.ide.mcu.externaltools.gnu-tools-for-stm32.11.3.rel1.win32_1.1.100.202309141235/tools/bin/../lib/gcc/arm-none-eabi/11.3.1/../../../../arm-none-eabi/lib/thumb/v7e-m+fp/hard\libc_nano.a(libc_a-nano-vfprintf_i.o)
                0x0000000008005694                . = ALIGN (0x4)
 *fill*         0x0000000008005693        0x1 

.ARM.extab      0x0000000008005694        0x0
                0x0000000008005694                . = ALIGN (0x4)
 *(.ARM.extab* .gnu.linkonce.armextab.*)
                0x0000000008005694                . = ALIGN (0x4)

.ARM            0x0000000008005694        0x8
                0x0000000008005694                . = ALIGN (0x4)
                0x0000000008005694                __exidx_start = .
 *(.ARM.exidx*)
 .ARM.exidx     0x0000000008005694        0x8 C:/ST/STM32CubeIDE_1.14.0/STM32CubeIDE/plugins/com.st.stm32cube.ide.mcu.externaltools.gnu-tools-for-stm32.11.3.rel1.win32_1.1.100.202309141235/tools/bin/../lib/gcc/arm-none-eabi/11.3.1/thumb/v7e-m+fp/hard\libgcc.a(_udivmoddi4.o)
                0x000000000800569c                __exidx_end = .
                0x000000000800569c                . = ALIGN (0x4)

.rel.dyn        0x000000000800569c        0x0
 .rel.iplt      0x000000000800569c        0x0 C:/ST/STM32CubeIDE_1.14.0/STM32CubeIDE/plugins/com.st.stm32cube.ide.mcu.externaltools.gnu-tools-for-stm32.11.3.rel1.win32_1.1.100.202309141235/tools/bin/../lib/gcc/arm-none-eabi/11.3.1/thumb/v7e-m+fp/hard/crtbegin.o

.preinit_array  0x000000000800569c        0x0
                0x000000000800569c                . = ALIGN (0x4)
                0x000000000800569c                PROVIDE (__preinit_array_start = .)
 *(.preinit_array*)
                0x000000000800569c                PROVIDE (__preinit_array_end = .)
                0x000000000800569c                . = ALIGN (0x4)

.init_array     0x000000000800569c        0x4
                0x000000000800569c                . = ALIGN (0x4)
                0x000000000800569c                PROVIDE (__init_array_start = .)
 *(SORT_BY_NAME(.init_array.*))
 *(.init_array*)
 .init_array    0x000000000800569c        0x4 C:/ST/STM32CubeIDE_1.14.0/STM32CubeIDE/plugins/com.st.stm32cube.ide.mcu.externaltools.gnu-tools-for-stm32.11.3.rel1.win32_1.1.100.202309141235/tools/bin/../lib/gcc/arm-none-eabi/11.3.1/thumb/v7e-m+fp/hard/crtbegin.o
                0x00000000080056a0                PROVIDE (__init_array_end = .)
                0x00000000080056a0                . = ALIGN (0x4)

.fini_array     0x00000000080056a0        0x4
                0x00000000080056a0                . = ALIGN (0x4)
                [!provide]                        PROVIDE (__fini_array_start = .)
 *(SORT_BY_NAME(.fini_array.*))
 *(.fini_array*)
 .fini_array    0x00000000080056a0        0x4 C:/ST/STM32CubeIDE_1.14.0/STM32CubeIDE/plugins/com.st.stm32cube.ide.mcu.externaltools.gnu-tools-for-stm32.11.3.rel1.win32_1.1.100.202309141235/tools/bin/../lib/gcc/arm-none-eabi/11.3.1/thumb/v7e-m+fp/hard/crtbegin.o
                [!provide]                        PROVIDE (__fini_array_end = .)
                0x00000000080056a4                . = ALIGN (0x4)
                0x00000000080056a4                _sidata = LOADADDR (.data)

.data           0x0000000020000000      0x110 load address 0x00000000080056a4
                0x0000000020000000                . = ALIGN (0x4)
                0x0000000020000000                _sdata = .
 *(.data)
 *(.data*)
 .data.special1
                0x0000000020000000        0x8 ./Core/Src/liquidcrystal_i2c.o
                0x0000000020000000                special1
 .data.special2
                0x0000000020000008        0x8 ./Core/Src/liquidcrystal_i2c.o
                0x0000000020000008                special2
 .data.SUB1     0x0000000020000010       0x10 ./Core/Src/main.o
                0x0000000020000010                SUB1
 .data.SUB2     0x0000000020000020       0x10 ./Core/Src/main.o
                0x0000000020000020                SUB2
 .data.SUB3     0x0000000020000030       0x10 ./Core/Src/main.o
                0x0000000020000030                SUB3
 .data.menu     0x0000000020000040       0x30 ./Core/Src/main.o
                0x0000000020000040                menu
 .data.FirstOpt
                0x0000000020000070        0x9 ./Core/Src/menuHandler.o
                0x0000000020000070                FirstOpt
 *fill*         0x0000000020000079        0x3 
 .data.SecondOpt
                0x000000002000007c        0xe ./Core/Src/menuHandler.o
                0x000000002000007c                SecondOpt
 *fill*         0x000000002000008a        0x2 
 .data.FirstOptsub2
                0x000000002000008c        0xb ./Core/Src/menuHandler.o
                0x000000002000008c                FirstOptsub2
 *fill*         0x0000000020000097        0x1 
 .data.SecondOptsub2
                0x0000000020000098        0x5 ./Core/Src/menuHandler.o
                0x0000000020000098                SecondOptsub2
 *fill*         0x000000002000009d        0x3 
 .data.FirstOptsub3
                0x00000000200000a0        0x6 ./Core/Src/menuHandler.o
                0x00000000200000a0                FirstOptsub3
 *fill*         0x00000000200000a6        0x2 
 .data.SecondOptsub3
                0x00000000200000a8        0x5 ./Core/Src/menuHandler.o
                0x00000000200000a8                SecondOptsub3
 *fill*         0x00000000200000ad        0x3 
 .data.SystemCoreClock
                0x00000000200000b0        0x4 ./Core/Src/system_stm32f4xx.o
                0x00000000200000b0                SystemCoreClock
 .data.uwTickPrio
                0x00000000200000b4        0x4 ./Drivers/STM32F4xx_HAL_Driver/Src/stm32f4xx_hal.o
                0x00000000200000b4                uwTickPrio
 .data.uwTickFreq
                0x00000000200000b8        0x1 ./Drivers/STM32F4xx_HAL_Driver/Src/stm32f4xx_hal.o
                0x00000000200000b8                uwTickFreq
 *fill*         0x00000000200000b9        0x3 
 .data.uxCriticalNesting
                0x00000000200000bc        0x4 ./Middlewares/Third_Party/FreeRTOS/Source/portable/GCC/ARM_CM4F/port.o
 .data._impure_data
                0x00000000200000c0       0x4c C:/ST/STM32CubeIDE_1.14.0/STM32CubeIDE/plugins/com.st.stm32cube.ide.mcu.externaltools.gnu-tools-for-stm32.11.3.rel1.win32_1.1.100.202309141235/tools/bin/../lib/gcc/arm-none-eabi/11.3.1/../../../../arm-none-eabi/lib/thumb/v7e-m+fp/hard\libc_nano.a(libc_a-impure.o)
                0x00000000200000c0                _impure_data
 .data._impure_ptr
                0x000000002000010c        0x4 C:/ST/STM32CubeIDE_1.14.0/STM32CubeIDE/plugins/com.st.stm32cube.ide.mcu.externaltools.gnu-tools-for-stm32.11.3.rel1.win32_1.1.100.202309141235/tools/bin/../lib/gcc/arm-none-eabi/11.3.1/../../../../arm-none-eabi/lib/thumb/v7e-m+fp/hard\libc_nano.a(libc_a-impure.o)
                0x000000002000010c                _impure_ptr
 *(.RamFunc)
 *(.RamFunc*)
                0x0000000020000110                . = ALIGN (0x4)
                0x0000000020000110                _edata = .

.igot.plt       0x0000000020000110        0x0 load address 0x00000000080057b4
 .igot.plt      0x0000000020000110        0x0 C:/ST/STM32CubeIDE_1.14.0/STM32CubeIDE/plugins/com.st.stm32cube.ide.mcu.externaltools.gnu-tools-for-stm32.11.3.rel1.win32_1.1.100.202309141235/tools/bin/../lib/gcc/arm-none-eabi/11.3.1/thumb/v7e-m+fp/hard/crtbegin.o
                0x0000000020000110                . = ALIGN (0x4)

.bss            0x0000000020000110     0x4234 load address 0x00000000080057b4
                0x0000000020000110                _sbss = .
                0x0000000020000110                __bss_start__ = _sbss
 *(.bss)
 .bss           0x0000000020000110       0x1c C:/ST/STM32CubeIDE_1.14.0/STM32CubeIDE/plugins/com.st.stm32cube.ide.mcu.externaltools.gnu-tools-for-stm32.11.3.rel1.win32_1.1.100.202309141235/tools/bin/../lib/gcc/arm-none-eabi/11.3.1/thumb/v7e-m+fp/hard/crtbegin.o
 *(.bss*)
 .bss.xIdleTaskTCBBuffer
                0x000000002000012c       0xa0 ./Core/Src/freertos.o
 .bss.xIdleStack
                0x00000000200001cc      0x200 ./Core/Src/freertos.o
 .bss.dpFunction
                0x00000000200003cc        0x1 ./Core/Src/liquidcrystal_i2c.o
                0x00000000200003cc                dpFunction
 .bss.dpControl
                0x00000000200003cd        0x1 ./Core/Src/liquidcrystal_i2c.o
                0x00000000200003cd                dpControl
 .bss.dpMode    0x00000000200003ce        0x1 ./Core/Src/liquidcrystal_i2c.o
                0x00000000200003ce                dpMode
 .bss.dpRows    0x00000000200003cf        0x1 ./Core/Src/liquidcrystal_i2c.o
                0x00000000200003cf                dpRows
 .bss.dpBacklight
                0x00000000200003d0        0x1 ./Core/Src/liquidcrystal_i2c.o
                0x00000000200003d0                dpBacklight
 *fill*         0x00000000200003d1        0x3 
 .bss.hi2c1     0x00000000200003d4       0x54 ./Core/Src/main.o
                0x00000000200003d4                hi2c1
 .bss.defaultTaskHandle
                0x0000000020000428        0x4 ./Core/Src/main.o
                0x0000000020000428                defaultTaskHandle
 .bss.diodeDetectorHandle
                0x000000002000042c        0x4 ./Core/Src/main.o
                0x000000002000042c                diodeDetectorHandle
 .bss.holeStateHandle
                0x0000000020000430        0x4 ./Core/Src/main.o
                0x0000000020000430                holeStateHandle
 .bss.displayMenuHandle
                0x0000000020000434        0x4 ./Core/Src/main.o
                0x0000000020000434                displayMenuHandle
 .bss.holeState1
                0x0000000020000438        0x1 ./Core/Src/main.o
                0x0000000020000438                holeState1
 *fill*         0x0000000020000439        0x3 
 .bss.Ml        0x000000002000043c        0x2 ./Core/Src/menuHandler.o
                0x000000002000043c                Ml
 *fill*         0x000000002000043e        0x2 
 .bss.DrnCnt1   0x0000000020000440        0x2 ./Core/Src/menuHandler.o
                0x0000000020000440                DrnCnt1
 *fill*         0x0000000020000442        0x2 
 .bss.DrnCnt2   0x0000000020000444        0x2 ./Core/Src/menuHandler.o
                0x0000000020000444                DrnCnt2
 *fill*         0x0000000020000446        0x2 
 .bss.DrnCnt3   0x0000000020000448        0x2 ./Core/Src/menuHandler.o
                0x0000000020000448                DrnCnt3
 *fill*         0x000000002000044a        0x2 
 .bss.DrnCnt4   0x000000002000044c        0x2 ./Core/Src/menuHandler.o
                0x000000002000044c                DrnCnt4
 .bss.drinkCounter1
                0x000000002000044e        0x2 ./Core/Src/menuHandler.o
                0x000000002000044e                drinkCounter1
 .bss.drinkCounter2
                0x0000000020000450        0x2 ./Core/Src/menuHandler.o
                0x0000000020000450                drinkCounter2
 .bss.drinkCounter3
                0x0000000020000452        0x2 ./Core/Src/menuHandler.o
                0x0000000020000452                drinkCounter3
 .bss.drinkCounter4
                0x0000000020000454        0x2 ./Core/Src/menuHandler.o
                0x0000000020000454                drinkCounter4
 *fill*         0x0000000020000456        0x2 
 .bss.htim1     0x0000000020000458       0x48 ./Core/Src/stm32f4xx_hal_timebase_tim.o
                0x0000000020000458                htim1
 .bss.__sbrk_heap_end
                0x00000000200004a0        0x4 ./Core/Src/sysmem.o
 .bss.uwTick    0x00000000200004a4        0x4 ./Drivers/STM32F4xx_HAL_Driver/Src/stm32f4xx_hal.o
                0x00000000200004a4                uwTick
 .bss.pxCurrentTCB
                0x00000000200004a8        0x4 ./Middlewares/Third_Party/FreeRTOS/Source/tasks.o
                0x00000000200004a8                pxCurrentTCB
 .bss.pxReadyTasksLists
                0x00000000200004ac       0x8c ./Middlewares/Third_Party/FreeRTOS/Source/tasks.o
 .bss.xDelayedTaskList1
                0x0000000020000538       0x14 ./Middlewares/Third_Party/FreeRTOS/Source/tasks.o
 .bss.xDelayedTaskList2
                0x000000002000054c       0x14 ./Middlewares/Third_Party/FreeRTOS/Source/tasks.o
 .bss.pxDelayedTaskList
                0x0000000020000560        0x4 ./Middlewares/Third_Party/FreeRTOS/Source/tasks.o
 .bss.pxOverflowDelayedTaskList
                0x0000000020000564        0x4 ./Middlewares/Third_Party/FreeRTOS/Source/tasks.o
 .bss.xPendingReadyList
                0x0000000020000568       0x14 ./Middlewares/Third_Party/FreeRTOS/Source/tasks.o
 .bss.xTasksWaitingTermination
                0x000000002000057c       0x14 ./Middlewares/Third_Party/FreeRTOS/Source/tasks.o
 .bss.uxDeletedTasksWaitingCleanUp
                0x0000000020000590        0x4 ./Middlewares/Third_Party/FreeRTOS/Source/tasks.o
 .bss.xSuspendedTaskList
                0x0000000020000594       0x14 ./Middlewares/Third_Party/FreeRTOS/Source/tasks.o
 .bss.uxCurrentNumberOfTasks
                0x00000000200005a8        0x4 ./Middlewares/Third_Party/FreeRTOS/Source/tasks.o
 .bss.xTickCount
                0x00000000200005ac        0x4 ./Middlewares/Third_Party/FreeRTOS/Source/tasks.o
 .bss.uxTopReadyPriority
                0x00000000200005b0        0x4 ./Middlewares/Third_Party/FreeRTOS/Source/tasks.o
 .bss.xSchedulerRunning
                0x00000000200005b4        0x4 ./Middlewares/Third_Party/FreeRTOS/Source/tasks.o
 .bss.xPendedTicks
                0x00000000200005b8        0x4 ./Middlewares/Third_Party/FreeRTOS/Source/tasks.o
 .bss.xYieldPending
                0x00000000200005bc        0x4 ./Middlewares/Third_Party/FreeRTOS/Source/tasks.o
 .bss.xNumOfOverflows
                0x00000000200005c0        0x4 ./Middlewares/Third_Party/FreeRTOS/Source/tasks.o
 .bss.uxTaskNumber
                0x00000000200005c4        0x4 ./Middlewares/Third_Party/FreeRTOS/Source/tasks.o
 .bss.xNextTaskUnblockTime
                0x00000000200005c8        0x4 ./Middlewares/Third_Party/FreeRTOS/Source/tasks.o
 .bss.xIdleTaskHandle
                0x00000000200005cc        0x4 ./Middlewares/Third_Party/FreeRTOS/Source/tasks.o
 .bss.uxSchedulerSuspended
                0x00000000200005d0        0x4 ./Middlewares/Third_Party/FreeRTOS/Source/tasks.o
 .bss.ucMaxSysCallPriority
                0x00000000200005d4        0x1 ./Middlewares/Third_Party/FreeRTOS/Source/portable/GCC/ARM_CM4F/port.o
 *fill*         0x00000000200005d5        0x3 
 .bss.ulMaxPRIGROUPValue
                0x00000000200005d8        0x4 ./Middlewares/Third_Party/FreeRTOS/Source/portable/GCC/ARM_CM4F/port.o
 .bss.ucHeap    0x00000000200005dc     0x3c00 ./Middlewares/Third_Party/FreeRTOS/Source/portable/MemMang/heap_4.o
 .bss.xStart    0x00000000200041dc        0x8 ./Middlewares/Third_Party/FreeRTOS/Source/portable/MemMang/heap_4.o
 .bss.pxEnd     0x00000000200041e4        0x4 ./Middlewares/Third_Party/FreeRTOS/Source/portable/MemMang/heap_4.o
 .bss.xFreeBytesRemaining
                0x00000000200041e8        0x4 ./Middlewares/Third_Party/FreeRTOS/Source/portable/MemMang/heap_4.o
 .bss.xMinimumEverFreeBytesRemaining
                0x00000000200041ec        0x4 ./Middlewares/Third_Party/FreeRTOS/Source/portable/MemMang/heap_4.o
 .bss.xNumberOfSuccessfulAllocations
                0x00000000200041f0        0x4 ./Middlewares/Third_Party/FreeRTOS/Source/portable/MemMang/heap_4.o
 .bss.xNumberOfSuccessfulFrees
                0x00000000200041f4        0x4 ./Middlewares/Third_Party/FreeRTOS/Source/portable/MemMang/heap_4.o
 .bss.xBlockAllocatedBit
                0x00000000200041f8        0x4 ./Middlewares/Third_Party/FreeRTOS/Source/portable/MemMang/heap_4.o
 .bss.__sf      0x00000000200041fc      0x138 C:/ST/STM32CubeIDE_1.14.0/STM32CubeIDE/plugins/com.st.stm32cube.ide.mcu.externaltools.gnu-tools-for-stm32.11.3.rel1.win32_1.1.100.202309141235/tools/bin/../lib/gcc/arm-none-eabi/11.3.1/../../../../arm-none-eabi/lib/thumb/v7e-m+fp/hard\libc_nano.a(libc_a-findfp.o)
                0x00000000200041fc                __sf
 .bss.errno     0x0000000020004334        0x4 C:/ST/STM32CubeIDE_1.14.0/STM32CubeIDE/plugins/com.st.stm32cube.ide.mcu.externaltools.gnu-tools-for-stm32.11.3.rel1.win32_1.1.100.202309141235/tools/bin/../lib/gcc/arm-none-eabi/11.3.1/../../../../arm-none-eabi/lib/thumb/v7e-m+fp/hard\libc_nano.a(libc_a-reent.o)
                0x0000000020004334                errno
 .bss.__lock___malloc_recursive_mutex
                0x0000000020004338        0x1 C:/ST/STM32CubeIDE_1.14.0/STM32CubeIDE/plugins/com.st.stm32cube.ide.mcu.externaltools.gnu-tools-for-stm32.11.3.rel1.win32_1.1.100.202309141235/tools/bin/../lib/gcc/arm-none-eabi/11.3.1/../../../../arm-none-eabi/lib/thumb/v7e-m+fp/hard\libc_nano.a(libc_a-lock.o)
                0x0000000020004338                __lock___malloc_recursive_mutex
 *fill*         0x0000000020004339        0x3 
 .bss.__malloc_free_list
                0x000000002000433c        0x4 C:/ST/STM32CubeIDE_1.14.0/STM32CubeIDE/plugins/com.st.stm32cube.ide.mcu.externaltools.gnu-tools-for-stm32.11.3.rel1.win32_1.1.100.202309141235/tools/bin/../lib/gcc/arm-none-eabi/11.3.1/../../../../arm-none-eabi/lib/thumb/v7e-m+fp/hard\libc_nano.a(libc_a-mallocr.o)
                0x000000002000433c                __malloc_free_list
 .bss.__malloc_sbrk_start
                0x0000000020004340        0x4 C:/ST/STM32CubeIDE_1.14.0/STM32CubeIDE/plugins/com.st.stm32cube.ide.mcu.externaltools.gnu-tools-for-stm32.11.3.rel1.win32_1.1.100.202309141235/tools/bin/../lib/gcc/arm-none-eabi/11.3.1/../../../../arm-none-eabi/lib/thumb/v7e-m+fp/hard\libc_nano.a(libc_a-mallocr.o)
                0x0000000020004340                __malloc_sbrk_start
 *(COMMON)
                0x0000000020004344                . = ALIGN (0x4)
                0x0000000020004344                _ebss = .
                0x0000000020004344                __bss_end__ = _ebss

._user_heap_stack
                0x0000000020004344      0x604 load address 0x00000000080057b4
                0x0000000020004348                . = ALIGN (0x8)
 *fill*         0x0000000020004344        0x4 
                [!provide]                        PROVIDE (end = .)
                0x0000000020004348                PROVIDE (_end = .)
                0x0000000020004548                . = (. + _Min_Heap_Size)
 *fill*         0x0000000020004348      0x200 
                0x0000000020004948                . = (. + _Min_Stack_Size)
 *fill*         0x0000000020004548      0x400 
                0x0000000020004948                . = ALIGN (0x8)

/DISCARD/
 libc.a(*)
 libm.a(*)
 libgcc.a(*)

.ARM.attributes
                0x0000000000000000       0x30
 *(.ARM.attributes)
 .ARM.attributes
                0x0000000000000000       0x1e C:/ST/STM32CubeIDE_1.14.0/STM32CubeIDE/plugins/com.st.stm32cube.ide.mcu.externaltools.gnu-tools-for-stm32.11.3.rel1.win32_1.1.100.202309141235/tools/bin/../lib/gcc/arm-none-eabi/11.3.1/thumb/v7e-m+fp/hard/crti.o
 .ARM.attributes
                0x000000000000001e       0x34 C:/ST/STM32CubeIDE_1.14.0/STM32CubeIDE/plugins/com.st.stm32cube.ide.mcu.externaltools.gnu-tools-for-stm32.11.3.rel1.win32_1.1.100.202309141235/tools/bin/../lib/gcc/arm-none-eabi/11.3.1/thumb/v7e-m+fp/hard/crtbegin.o
 .ARM.attributes
                0x0000000000000052       0x34 ./Core/Src/freertos.o
 .ARM.attributes
                0x0000000000000086       0x34 ./Core/Src/liquidcrystal_i2c.o
 .ARM.attributes
                0x00000000000000ba       0x34 ./Core/Src/main.o
 .ARM.attributes
                0x00000000000000ee       0x34 ./Core/Src/menuHandler.o
 .ARM.attributes
                0x0000000000000122       0x34 ./Core/Src/stm32f4xx_hal_msp.o
 .ARM.attributes
                0x0000000000000156       0x34 ./Core/Src/stm32f4xx_hal_timebase_tim.o
 .ARM.attributes
                0x000000000000018a       0x34 ./Core/Src/stm32f4xx_it.o
 .ARM.attributes
                0x00000000000001be       0x34 ./Core/Src/sysmem.o
 .ARM.attributes
                0x00000000000001f2       0x34 ./Core/Src/system_stm32f4xx.o
 .ARM.attributes
                0x0000000000000226       0x21 ./Core/Startup/startup_stm32f411vetx.o
 .ARM.attributes
                0x0000000000000247       0x34 ./Drivers/STM32F4xx_HAL_Driver/Src/stm32f4xx_hal.o
 .ARM.attributes
                0x000000000000027b       0x34 ./Drivers/STM32F4xx_HAL_Driver/Src/stm32f4xx_hal_cortex.o
 .ARM.attributes
                0x00000000000002af       0x34 ./Drivers/STM32F4xx_HAL_Driver/Src/stm32f4xx_hal_gpio.o
 .ARM.attributes
                0x00000000000002e3       0x34 ./Drivers/STM32F4xx_HAL_Driver/Src/stm32f4xx_hal_i2c.o
 .ARM.attributes
                0x0000000000000317       0x34 ./Drivers/STM32F4xx_HAL_Driver/Src/stm32f4xx_hal_rcc.o
 .ARM.attributes
                0x000000000000034b       0x34 ./Drivers/STM32F4xx_HAL_Driver/Src/stm32f4xx_hal_tim.o
 .ARM.attributes
                0x000000000000037f       0x34 ./Drivers/STM32F4xx_HAL_Driver/Src/stm32f4xx_hal_tim_ex.o
 .ARM.attributes
                0x00000000000003b3       0x34 ./Middlewares/Third_Party/FreeRTOS/Source/CMSIS_RTOS/cmsis_os.o
 .ARM.attributes
                0x00000000000003e7       0x34 ./Middlewares/Third_Party/FreeRTOS/Source/list.o
 .ARM.attributes
                0x000000000000041b       0x34 ./Middlewares/Third_Party/FreeRTOS/Source/tasks.o
 .ARM.attributes
                0x000000000000044f       0x34 ./Middlewares/Third_Party/FreeRTOS/Source/portable/GCC/ARM_CM4F/port.o
 .ARM.attributes
                0x0000000000000483       0x34 ./Middlewares/Third_Party/FreeRTOS/Source/portable/MemMang/heap_4.o
 .ARM.attributes
                0x00000000000004b7       0x34 C:/ST/STM32CubeIDE_1.14.0/STM32CubeIDE/plugins/com.st.stm32cube.ide.mcu.externaltools.gnu-tools-for-stm32.11.3.rel1.win32_1.1.100.202309141235/tools/bin/../lib/gcc/arm-none-eabi/11.3.1/../../../../arm-none-eabi/lib/thumb/v7e-m+fp/hard\libc_nano.a(libc_a-findfp.o)
 .ARM.attributes
                0x00000000000004eb       0x34 C:/ST/STM32CubeIDE_1.14.0/STM32CubeIDE/plugins/com.st.stm32cube.ide.mcu.externaltools.gnu-tools-for-stm32.11.3.rel1.win32_1.1.100.202309141235/tools/bin/../lib/gcc/arm-none-eabi/11.3.1/../../../../arm-none-eabi/lib/thumb/v7e-m+fp/hard\libc_nano.a(libc_a-sprintf.o)
 .ARM.attributes
                0x000000000000051f       0x34 C:/ST/STM32CubeIDE_1.14.0/STM32CubeIDE/plugins/com.st.stm32cube.ide.mcu.externaltools.gnu-tools-for-stm32.11.3.rel1.win32_1.1.100.202309141235/tools/bin/../lib/gcc/arm-none-eabi/11.3.1/../../../../arm-none-eabi/lib/thumb/v7e-m+fp/hard\libc_nano.a(libc_a-memset.o)
 .ARM.attributes
                0x0000000000000553       0x34 C:/ST/STM32CubeIDE_1.14.0/STM32CubeIDE/plugins/com.st.stm32cube.ide.mcu.externaltools.gnu-tools-for-stm32.11.3.rel1.win32_1.1.100.202309141235/tools/bin/../lib/gcc/arm-none-eabi/11.3.1/../../../../arm-none-eabi/lib/thumb/v7e-m+fp/hard\libc_nano.a(libc_a-reent.o)
 .ARM.attributes
                0x0000000000000587       0x34 C:/ST/STM32CubeIDE_1.14.0/STM32CubeIDE/plugins/com.st.stm32cube.ide.mcu.externaltools.gnu-tools-for-stm32.11.3.rel1.win32_1.1.100.202309141235/tools/bin/../lib/gcc/arm-none-eabi/11.3.1/../../../../arm-none-eabi/lib/thumb/v7e-m+fp/hard\libc_nano.a(libc_a-impure.o)
 .ARM.attributes
                0x00000000000005bb       0x34 C:/ST/STM32CubeIDE_1.14.0/STM32CubeIDE/plugins/com.st.stm32cube.ide.mcu.externaltools.gnu-tools-for-stm32.11.3.rel1.win32_1.1.100.202309141235/tools/bin/../lib/gcc/arm-none-eabi/11.3.1/../../../../arm-none-eabi/lib/thumb/v7e-m+fp/hard\libc_nano.a(libc_a-errno.o)
 .ARM.attributes
                0x00000000000005ef       0x34 C:/ST/STM32CubeIDE_1.14.0/STM32CubeIDE/plugins/com.st.stm32cube.ide.mcu.externaltools.gnu-tools-for-stm32.11.3.rel1.win32_1.1.100.202309141235/tools/bin/../lib/gcc/arm-none-eabi/11.3.1/../../../../arm-none-eabi/lib/thumb/v7e-m+fp/hard\libc_nano.a(libc_a-init.o)
 .ARM.attributes
                0x0000000000000623       0x34 C:/ST/STM32CubeIDE_1.14.0/STM32CubeIDE/plugins/com.st.stm32cube.ide.mcu.externaltools.gnu-tools-for-stm32.11.3.rel1.win32_1.1.100.202309141235/tools/bin/../lib/gcc/arm-none-eabi/11.3.1/../../../../arm-none-eabi/lib/thumb/v7e-m+fp/hard\libc_nano.a(libc_a-lock.o)
 .ARM.attributes
                0x0000000000000657       0x34 C:/ST/STM32CubeIDE_1.14.0/STM32CubeIDE/plugins/com.st.stm32cube.ide.mcu.externaltools.gnu-tools-for-stm32.11.3.rel1.win32_1.1.100.202309141235/tools/bin/../lib/gcc/arm-none-eabi/11.3.1/../../../../arm-none-eabi/lib/thumb/v7e-m+fp/hard\libc_nano.a(libc_a-memcpy-stub.o)
 .ARM.attributes
                0x000000000000068b       0x34 C:/ST/STM32CubeIDE_1.14.0/STM32CubeIDE/plugins/com.st.stm32cube.ide.mcu.externaltools.gnu-tools-for-stm32.11.3.rel1.win32_1.1.100.202309141235/tools/bin/../lib/gcc/arm-none-eabi/11.3.1/../../../../arm-none-eabi/lib/thumb/v7e-m+fp/hard\libc_nano.a(libc_a-freer.o)
 .ARM.attributes
                0x00000000000006bf       0x34 C:/ST/STM32CubeIDE_1.14.0/STM32CubeIDE/plugins/com.st.stm32cube.ide.mcu.externaltools.gnu-tools-for-stm32.11.3.rel1.win32_1.1.100.202309141235/tools/bin/../lib/gcc/arm-none-eabi/11.3.1/../../../../arm-none-eabi/lib/thumb/v7e-m+fp/hard\libc_nano.a(libc_a-mallocr.o)
 .ARM.attributes
                0x00000000000006f3       0x34 C:/ST/STM32CubeIDE_1.14.0/STM32CubeIDE/plugins/com.st.stm32cube.ide.mcu.externaltools.gnu-tools-for-stm32.11.3.rel1.win32_1.1.100.202309141235/tools/bin/../lib/gcc/arm-none-eabi/11.3.1/../../../../arm-none-eabi/lib/thumb/v7e-m+fp/hard\libc_nano.a(libc_a-mlock.o)
 .ARM.attributes
                0x0000000000000727       0x34 C:/ST/STM32CubeIDE_1.14.0/STM32CubeIDE/plugins/com.st.stm32cube.ide.mcu.externaltools.gnu-tools-for-stm32.11.3.rel1.win32_1.1.100.202309141235/tools/bin/../lib/gcc/arm-none-eabi/11.3.1/../../../../arm-none-eabi/lib/thumb/v7e-m+fp/hard\libc_nano.a(libc_a-nano-svfprintf.o)
 .ARM.attributes
                0x000000000000075b       0x34 C:/ST/STM32CubeIDE_1.14.0/STM32CubeIDE/plugins/com.st.stm32cube.ide.mcu.externaltools.gnu-tools-for-stm32.11.3.rel1.win32_1.1.100.202309141235/tools/bin/../lib/gcc/arm-none-eabi/11.3.1/../../../../arm-none-eabi/lib/thumb/v7e-m+fp/hard\libc_nano.a(libc_a-nano-vfprintf_i.o)
 .ARM.attributes
                0x000000000000078f       0x34 C:/ST/STM32CubeIDE_1.14.0/STM32CubeIDE/plugins/com.st.stm32cube.ide.mcu.externaltools.gnu-tools-for-stm32.11.3.rel1.win32_1.1.100.202309141235/tools/bin/../lib/gcc/arm-none-eabi/11.3.1/../../../../arm-none-eabi/lib/thumb/v7e-m+fp/hard\libc_nano.a(libc_a-memmove.o)
 .ARM.attributes
                0x00000000000007c3       0x34 C:/ST/STM32CubeIDE_1.14.0/STM32CubeIDE/plugins/com.st.stm32cube.ide.mcu.externaltools.gnu-tools-for-stm32.11.3.rel1.win32_1.1.100.202309141235/tools/bin/../lib/gcc/arm-none-eabi/11.3.1/../../../../arm-none-eabi/lib/thumb/v7e-m+fp/hard\libc_nano.a(libc_a-sbrkr.o)
 .ARM.attributes
                0x00000000000007f7       0x1c C:/ST/STM32CubeIDE_1.14.0/STM32CubeIDE/plugins/com.st.stm32cube.ide.mcu.externaltools.gnu-tools-for-stm32.11.3.rel1.win32_1.1.100.202309141235/tools/bin/../lib/gcc/arm-none-eabi/11.3.1/../../../../arm-none-eabi/lib/thumb/v7e-m+fp/hard\libc_nano.a(libc_a-memchr.o)
 .ARM.attributes
                0x0000000000000813       0x34 C:/ST/STM32CubeIDE_1.14.0/STM32CubeIDE/plugins/com.st.stm32cube.ide.mcu.externaltools.gnu-tools-for-stm32.11.3.rel1.win32_1.1.100.202309141235/tools/bin/../lib/gcc/arm-none-eabi/11.3.1/../../../../arm-none-eabi/lib/thumb/v7e-m+fp/hard\libc_nano.a(libc_a-reallocr.o)
 .ARM.attributes
                0x0000000000000847       0x34 C:/ST/STM32CubeIDE_1.14.0/STM32CubeIDE/plugins/com.st.stm32cube.ide.mcu.externaltools.gnu-tools-for-stm32.11.3.rel1.win32_1.1.100.202309141235/tools/bin/../lib/gcc/arm-none-eabi/11.3.1/../../../../arm-none-eabi/lib/thumb/v7e-m+fp/hard\libc_nano.a(libc_a-msizer.o)
 .ARM.attributes
                0x000000000000087b       0x1e C:/ST/STM32CubeIDE_1.14.0/STM32CubeIDE/plugins/com.st.stm32cube.ide.mcu.externaltools.gnu-tools-for-stm32.11.3.rel1.win32_1.1.100.202309141235/tools/bin/../lib/gcc/arm-none-eabi/11.3.1/thumb/v7e-m+fp/hard\libgcc.a(_aeabi_uldivmod.o)
 .ARM.attributes
                0x0000000000000899       0x34 C:/ST/STM32CubeIDE_1.14.0/STM32CubeIDE/plugins/com.st.stm32cube.ide.mcu.externaltools.gnu-tools-for-stm32.11.3.rel1.win32_1.1.100.202309141235/tools/bin/../lib/gcc/arm-none-eabi/11.3.1/thumb/v7e-m+fp/hard\libgcc.a(_udivmoddi4.o)
 .ARM.attributes
                0x00000000000008cd       0x1e C:/ST/STM32CubeIDE_1.14.0/STM32CubeIDE/plugins/com.st.stm32cube.ide.mcu.externaltools.gnu-tools-for-stm32.11.3.rel1.win32_1.1.100.202309141235/tools/bin/../lib/gcc/arm-none-eabi/11.3.1/thumb/v7e-m+fp/hard\libgcc.a(_dvmd_tls.o)
 .ARM.attributes
                0x00000000000008eb       0x1e C:/ST/STM32CubeIDE_1.14.0/STM32CubeIDE/plugins/com.st.stm32cube.ide.mcu.externaltools.gnu-tools-for-stm32.11.3.rel1.win32_1.1.100.202309141235/tools/bin/../lib/gcc/arm-none-eabi/11.3.1/thumb/v7e-m+fp/hard/crtn.o
OUTPUT(Temp.elf elf32-littlearm)
LOAD linker stubs
LOAD C:/ST/STM32CubeIDE_1.14.0/STM32CubeIDE/plugins/com.st.stm32cube.ide.mcu.externaltools.gnu-tools-for-stm32.11.3.rel1.win32_1.1.100.202309141235/tools/bin/../lib/gcc/arm-none-eabi/11.3.1/../../../../arm-none-eabi/lib/thumb/v7e-m+fp/hard\libc.a
LOAD C:/ST/STM32CubeIDE_1.14.0/STM32CubeIDE/plugins/com.st.stm32cube.ide.mcu.externaltools.gnu-tools-for-stm32.11.3.rel1.win32_1.1.100.202309141235/tools/bin/../lib/gcc/arm-none-eabi/11.3.1/../../../../arm-none-eabi/lib/thumb/v7e-m+fp/hard\libm.a
LOAD C:/ST/STM32CubeIDE_1.14.0/STM32CubeIDE/plugins/com.st.stm32cube.ide.mcu.externaltools.gnu-tools-for-stm32.11.3.rel1.win32_1.1.100.202309141235/tools/bin/../lib/gcc/arm-none-eabi/11.3.1/thumb/v7e-m+fp/hard\libgcc.a

.comment        0x0000000000000000       0x43
 .comment       0x0000000000000000       0x43 C:/ST/STM32CubeIDE_1.14.0/STM32CubeIDE/plugins/com.st.stm32cube.ide.mcu.externaltools.gnu-tools-for-stm32.11.3.rel1.win32_1.1.100.202309141235/tools/bin/../lib/gcc/arm-none-eabi/11.3.1/thumb/v7e-m+fp/hard/crtbegin.o
                                         0x44 (size before relaxing)
 .comment       0x0000000000000043       0x44 ./Core/Src/freertos.o
 .comment       0x0000000000000043       0x44 ./Core/Src/liquidcrystal_i2c.o
 .comment       0x0000000000000043       0x44 ./Core/Src/main.o
 .comment       0x0000000000000043       0x44 ./Core/Src/menuHandler.o
 .comment       0x0000000000000043       0x44 ./Core/Src/stm32f4xx_hal_msp.o
 .comment       0x0000000000000043       0x44 ./Core/Src/stm32f4xx_hal_timebase_tim.o
 .comment       0x0000000000000043       0x44 ./Core/Src/stm32f4xx_it.o
 .comment       0x0000000000000043       0x44 ./Core/Src/sysmem.o
 .comment       0x0000000000000043       0x44 ./Core/Src/system_stm32f4xx.o
 .comment       0x0000000000000043       0x44 ./Drivers/STM32F4xx_HAL_Driver/Src/stm32f4xx_hal.o
 .comment       0x0000000000000043       0x44 ./Drivers/STM32F4xx_HAL_Driver/Src/stm32f4xx_hal_cortex.o
 .comment       0x0000000000000043       0x44 ./Drivers/STM32F4xx_HAL_Driver/Src/stm32f4xx_hal_gpio.o
 .comment       0x0000000000000043       0x44 ./Drivers/STM32F4xx_HAL_Driver/Src/stm32f4xx_hal_i2c.o
 .comment       0x0000000000000043       0x44 ./Drivers/STM32F4xx_HAL_Driver/Src/stm32f4xx_hal_rcc.o
 .comment       0x0000000000000043       0x44 ./Drivers/STM32F4xx_HAL_Driver/Src/stm32f4xx_hal_tim.o
 .comment       0x0000000000000043       0x44 ./Drivers/STM32F4xx_HAL_Driver/Src/stm32f4xx_hal_tim_ex.o
 .comment       0x0000000000000043       0x44 ./Middlewares/Third_Party/FreeRTOS/Source/CMSIS_RTOS/cmsis_os.o
 .comment       0x0000000000000043       0x44 ./Middlewares/Third_Party/FreeRTOS/Source/list.o
 .comment       0x0000000000000043       0x44 ./Middlewares/Third_Party/FreeRTOS/Source/tasks.o
 .comment       0x0000000000000043       0x44 ./Middlewares/Third_Party/FreeRTOS/Source/portable/GCC/ARM_CM4F/port.o
 .comment       0x0000000000000043       0x44 ./Middlewares/Third_Party/FreeRTOS/Source/portable/MemMang/heap_4.o

.debug_info     0x0000000000000000    0x1388c
 .debug_info    0x0000000000000000      0x918 ./Core/Src/freertos.o
 .debug_info    0x0000000000000918      0xc59 ./Core/Src/liquidcrystal_i2c.o
 .debug_info    0x0000000000001571     0x1e8b ./Core/Src/main.o
 .debug_info    0x00000000000033fc      0x697 ./Core/Src/menuHandler.o
 .debug_info    0x0000000000003a93      0xb31 ./Core/Src/stm32f4xx_hal_msp.o
 .debug_info    0x00000000000045c4      0xb75 ./Core/Src/stm32f4xx_hal_timebase_tim.o
 .debug_info    0x0000000000005139      0x6a4 ./Core/Src/stm32f4xx_it.o
 .debug_info    0x00000000000057dd      0x168 ./Core/Src/sysmem.o
 .debug_info    0x0000000000005945      0x53e ./Core/Src/system_stm32f4xx.o
 .debug_info    0x0000000000005e83       0x23 ./Core/Startup/startup_stm32f411vetx.o
 .debug_info    0x0000000000005ea6      0x8c4 ./Drivers/STM32F4xx_HAL_Driver/Src/stm32f4xx_hal.o
 .debug_info    0x000000000000676a      0xcc7 ./Drivers/STM32F4xx_HAL_Driver/Src/stm32f4xx_hal_cortex.o
 .debug_info    0x0000000000007431      0x6f9 ./Drivers/STM32F4xx_HAL_Driver/Src/stm32f4xx_hal_gpio.o
 .debug_info    0x0000000000007b2a     0x2426 ./Drivers/STM32F4xx_HAL_Driver/Src/stm32f4xx_hal_i2c.o
 .debug_info    0x0000000000009f50      0x8f2 ./Drivers/STM32F4xx_HAL_Driver/Src/stm32f4xx_hal_rcc.o
 .debug_info    0x000000000000a842     0x2996 ./Drivers/STM32F4xx_HAL_Driver/Src/stm32f4xx_hal_tim.o
 .debug_info    0x000000000000d1d8     0x14d4 ./Drivers/STM32F4xx_HAL_Driver/Src/stm32f4xx_hal_tim_ex.o
 .debug_info    0x000000000000e6ac     0x21e1 ./Middlewares/Third_Party/FreeRTOS/Source/CMSIS_RTOS/cmsis_os.o
 .debug_info    0x000000000001088d      0x2af ./Middlewares/Third_Party/FreeRTOS/Source/list.o
 .debug_info    0x0000000000010b3c     0x239d ./Middlewares/Third_Party/FreeRTOS/Source/tasks.o
 .debug_info    0x0000000000012ed9      0x4de ./Middlewares/Third_Party/FreeRTOS/Source/portable/GCC/ARM_CM4F/port.o
 .debug_info    0x00000000000133b7      0x4d5 ./Middlewares/Third_Party/FreeRTOS/Source/portable/MemMang/heap_4.o

.debug_abbrev   0x0000000000000000     0x2fb0
 .debug_abbrev  0x0000000000000000      0x16f ./Core/Src/freertos.o
 .debug_abbrev  0x000000000000016f      0x2c9 ./Core/Src/liquidcrystal_i2c.o
 .debug_abbrev  0x0000000000000438      0x348 ./Core/Src/main.o
 .debug_abbrev  0x0000000000000780      0x1b4 ./Core/Src/menuHandler.o
 .debug_abbrev  0x0000000000000934      0x1c1 ./Core/Src/stm32f4xx_hal_msp.o
 .debug_abbrev  0x0000000000000af5      0x207 ./Core/Src/stm32f4xx_hal_timebase_tim.o
 .debug_abbrev  0x0000000000000cfc      0x190 ./Core/Src/stm32f4xx_it.o
 .debug_abbrev  0x0000000000000e8c       0xbc ./Core/Src/sysmem.o
 .debug_abbrev  0x0000000000000f48      0x11a ./Core/Src/system_stm32f4xx.o
 .debug_abbrev  0x0000000000001062       0x12 ./Core/Startup/startup_stm32f411vetx.o
 .debug_abbrev  0x0000000000001074      0x24b ./Drivers/STM32F4xx_HAL_Driver/Src/stm32f4xx_hal.o
 .debug_abbrev  0x00000000000012bf      0x328 ./Drivers/STM32F4xx_HAL_Driver/Src/stm32f4xx_hal_cortex.o
 .debug_abbrev  0x00000000000015e7      0x1d3 ./Drivers/STM32F4xx_HAL_Driver/Src/stm32f4xx_hal_gpio.o
 .debug_abbrev  0x00000000000017ba      0x2bc ./Drivers/STM32F4xx_HAL_Driver/Src/stm32f4xx_hal_i2c.o
 .debug_abbrev  0x0000000000001a76      0x2b5 ./Drivers/STM32F4xx_HAL_Driver/Src/stm32f4xx_hal_rcc.o
 .debug_abbrev  0x0000000000001d2b      0x28b ./Drivers/STM32F4xx_HAL_Driver/Src/stm32f4xx_hal_tim.o
 .debug_abbrev  0x0000000000001fb6      0x296 ./Drivers/STM32F4xx_HAL_Driver/Src/stm32f4xx_hal_tim_ex.o
 .debug_abbrev  0x000000000000224c      0x426 ./Middlewares/Third_Party/FreeRTOS/Source/CMSIS_RTOS/cmsis_os.o
 .debug_abbrev  0x0000000000002672       0xf5 ./Middlewares/Third_Party/FreeRTOS/Source/list.o
 .debug_abbrev  0x0000000000002767      0x3d0 ./Middlewares/Third_Party/FreeRTOS/Source/tasks.o
 .debug_abbrev  0x0000000000002b37      0x25c ./Middlewares/Third_Party/FreeRTOS/Source/portable/GCC/ARM_CM4F/port.o
 .debug_abbrev  0x0000000000002d93      0x21d ./Middlewares/Third_Party/FreeRTOS/Source/portable/MemMang/heap_4.o

.debug_aranges  0x0000000000000000     0x1320
 .debug_aranges
                0x0000000000000000       0x20 ./Core/Src/freertos.o
 .debug_aranges
                0x0000000000000020      0x110 ./Core/Src/liquidcrystal_i2c.o
 .debug_aranges
                0x0000000000000130       0x68 ./Core/Src/main.o
 .debug_aranges
                0x0000000000000198       0xf0 ./Core/Src/menuHandler.o
 .debug_aranges
                0x0000000000000288       0x30 ./Core/Src/stm32f4xx_hal_msp.o
 .debug_aranges
                0x00000000000002b8       0x30 ./Core/Src/stm32f4xx_hal_timebase_tim.o
 .debug_aranges
                0x00000000000002e8       0x50 ./Core/Src/stm32f4xx_it.o
 .debug_aranges
                0x0000000000000338       0x20 ./Core/Src/sysmem.o
 .debug_aranges
                0x0000000000000358       0x28 ./Core/Src/system_stm32f4xx.o
 .debug_aranges
                0x0000000000000380       0x28 ./Core/Startup/startup_stm32f411vetx.o
 .debug_aranges
                0x00000000000003a8       0xf0 ./Drivers/STM32F4xx_HAL_Driver/Src/stm32f4xx_hal.o
 .debug_aranges
                0x0000000000000498      0x120 ./Drivers/STM32F4xx_HAL_Driver/Src/stm32f4xx_hal_cortex.o
 .debug_aranges
                0x00000000000005b8       0x58 ./Drivers/STM32F4xx_HAL_Driver/Src/stm32f4xx_hal_gpio.o
 .debug_aranges
                0x0000000000000610      0x2a8 ./Drivers/STM32F4xx_HAL_Driver/Src/stm32f4xx_hal_i2c.o
 .debug_aranges
                0x00000000000008b8       0x88 ./Drivers/STM32F4xx_HAL_Driver/Src/stm32f4xx_hal_rcc.o
 .debug_aranges
                0x0000000000000940      0x3d0 ./Drivers/STM32F4xx_HAL_Driver/Src/stm32f4xx_hal_tim.o
 .debug_aranges
                0x0000000000000d10      0x168 ./Drivers/STM32F4xx_HAL_Driver/Src/stm32f4xx_hal_tim_ex.o
 .debug_aranges
                0x0000000000000e78      0x1d8 ./Middlewares/Third_Party/FreeRTOS/Source/CMSIS_RTOS/cmsis_os.o
 .debug_aranges
                0x0000000000001050       0x40 ./Middlewares/Third_Party/FreeRTOS/Source/list.o
 .debug_aranges
                0x0000000000001090      0x1b8 ./Middlewares/Third_Party/FreeRTOS/Source/tasks.o
 .debug_aranges
                0x0000000000001248       0x80 ./Middlewares/Third_Party/FreeRTOS/Source/portable/GCC/ARM_CM4F/port.o
 .debug_aranges
                0x00000000000012c8       0x58 ./Middlewares/Third_Party/FreeRTOS/Source/portable/MemMang/heap_4.o

.debug_rnglists
                0x0000000000000000      0xecb
 .debug_rnglists
                0x0000000000000000       0x13 ./Core/Src/freertos.o
 .debug_rnglists
                0x0000000000000013       0xc8 ./Core/Src/liquidcrystal_i2c.o
 .debug_rnglists
                0x00000000000000db       0x4d ./Core/Src/main.o
 .debug_rnglists
                0x0000000000000128       0xb0 ./Core/Src/menuHandler.o
 .debug_rnglists
                0x00000000000001d8       0x20 ./Core/Src/stm32f4xx_hal_msp.o
 .debug_rnglists
                0x00000000000001f8       0x20 ./Core/Src/stm32f4xx_hal_timebase_tim.o
 .debug_rnglists
                0x0000000000000218       0x37 ./Core/Src/stm32f4xx_it.o
 .debug_rnglists
                0x000000000000024f       0x13 ./Core/Src/sysmem.o
 .debug_rnglists
                0x0000000000000262       0x1a ./Core/Src/system_stm32f4xx.o
 .debug_rnglists
                0x000000000000027c       0x19 ./Core/Startup/startup_stm32f411vetx.o
 .debug_rnglists
                0x0000000000000295       0xaf ./Drivers/STM32F4xx_HAL_Driver/Src/stm32f4xx_hal.o
 .debug_rnglists
                0x0000000000000344       0xd4 ./Drivers/STM32F4xx_HAL_Driver/Src/stm32f4xx_hal_cortex.o
 .debug_rnglists
                0x0000000000000418       0x3f ./Drivers/STM32F4xx_HAL_Driver/Src/stm32f4xx_hal_gpio.o
 .debug_rnglists
                0x0000000000000457      0x23c ./Drivers/STM32F4xx_HAL_Driver/Src/stm32f4xx_hal_i2c.o
 .debug_rnglists
                0x0000000000000693       0x66 ./Drivers/STM32F4xx_HAL_Driver/Src/stm32f4xx_hal_rcc.o
 .debug_rnglists
                0x00000000000006f9      0x31a ./Drivers/STM32F4xx_HAL_Driver/Src/stm32f4xx_hal_tim.o
 .debug_rnglists
                0x0000000000000a13      0x125 ./Drivers/STM32F4xx_HAL_Driver/Src/stm32f4xx_hal_tim_ex.o
 .debug_rnglists
                0x0000000000000b38      0x16a ./Middlewares/Third_Party/FreeRTOS/Source/CMSIS_RTOS/cmsis_os.o
 .debug_rnglists
                0x0000000000000ca2       0x2b ./Middlewares/Third_Party/FreeRTOS/Source/list.o
 .debug_rnglists
                0x0000000000000ccd      0x15f ./Middlewares/Third_Party/FreeRTOS/Source/tasks.o
 .debug_rnglists
                0x0000000000000e2c       0x5d ./Middlewares/Third_Party/FreeRTOS/Source/portable/GCC/ARM_CM4F/port.o
 .debug_rnglists
                0x0000000000000e89       0x42 ./Middlewares/Third_Party/FreeRTOS/Source/portable/MemMang/heap_4.o

.debug_macro    0x0000000000000000    0x189f8
 .debug_macro   0x0000000000000000      0x2f1 ./Core/Src/freertos.o
 .debug_macro   0x00000000000002f1      0xaa8 ./Core/Src/freertos.o
 .debug_macro   0x0000000000000d99      0x174 ./Core/Src/freertos.o
 .debug_macro   0x0000000000000f0d       0x22 ./Core/Src/freertos.o
 .debug_macro   0x0000000000000f2f       0x8e ./Core/Src/freertos.o
 .debug_macro   0x0000000000000fbd       0x51 ./Core/Src/freertos.o
 .debug_macro   0x000000000000100e      0x103 ./Core/Src/freertos.o
 .debug_macro   0x0000000000001111       0x6a ./Core/Src/freertos.o
 .debug_macro   0x000000000000117b      0x1df ./Core/Src/freertos.o
 .debug_macro   0x000000000000135a       0xf1 ./Core/Src/freertos.o
 .debug_macro   0x000000000000144b      0x15a ./Core/Src/freertos.o
 .debug_macro   0x00000000000015a5       0xde ./Core/Src/freertos.o
 .debug_macro   0x0000000000001683       0x1c ./Core/Src/freertos.o
 .debug_macro   0x000000000000169f       0x26 ./Core/Src/freertos.o
 .debug_macro   0x00000000000016c5       0x61 ./Core/Src/freertos.o
 .debug_macro   0x0000000000001726       0x2a ./Core/Src/freertos.o
 .debug_macro   0x0000000000001750       0x43 ./Core/Src/freertos.o
 .debug_macro   0x0000000000001793       0x34 ./Core/Src/freertos.o
 .debug_macro   0x00000000000017c7       0x16 ./Core/Src/freertos.o
 .debug_macro   0x00000000000017dd       0x43 ./Core/Src/freertos.o
 .debug_macro   0x0000000000001820       0x34 ./Core/Src/freertos.o
 .debug_macro   0x0000000000001854       0x10 ./Core/Src/freertos.o
 .debug_macro   0x0000000000001864       0x58 ./Core/Src/freertos.o
 .debug_macro   0x00000000000018bc       0x8e ./Core/Src/freertos.o
 .debug_macro   0x000000000000194a       0x1c ./Core/Src/freertos.o
 .debug_macro   0x0000000000001966      0x177 ./Core/Src/freertos.o
 .debug_macro   0x0000000000001add       0x10 ./Core/Src/freertos.o
 .debug_macro   0x0000000000001aed       0x35 ./Core/Src/freertos.o
 .debug_macro   0x0000000000001b22      0x4fe ./Core/Src/freertos.o
 .debug_macro   0x0000000000002020       0xb5 ./Core/Src/freertos.o
 .debug_macro   0x00000000000020d5       0xaa ./Core/Src/freertos.o
 .debug_macro   0x000000000000217f      0x29b ./Core/Src/freertos.o
 .debug_macro   0x000000000000241a       0x2e ./Core/Src/freertos.o
 .debug_macro   0x0000000000002448       0x28 ./Core/Src/freertos.o
 .debug_macro   0x0000000000002470       0x1c ./Core/Src/freertos.o
 .debug_macro   0x000000000000248c       0x22 ./Core/Src/freertos.o
 .debug_macro   0x00000000000024ae       0xfb ./Core/Src/freertos.o
 .debug_macro   0x00000000000025a9     0x1011 ./Core/Src/freertos.o
 .debug_macro   0x00000000000035ba      0x11f ./Core/Src/freertos.o
 .debug_macro   0x00000000000036d9     0xb953 ./Core/Src/freertos.o
 .debug_macro   0x000000000000f02c       0x6d ./Core/Src/freertos.o
 .debug_macro   0x000000000000f099     0x368c ./Core/Src/freertos.o
 .debug_macro   0x0000000000012725       0x5c ./Core/Src/freertos.o
 .debug_macro   0x0000000000012781      0x45c ./Core/Src/freertos.o
 .debug_macro   0x0000000000012bdd      0x9e9 ./Core/Src/freertos.o
 .debug_macro   0x00000000000135c6      0x115 ./Core/Src/freertos.o
 .debug_macro   0x00000000000136db      0x11b ./Core/Src/freertos.o
 .debug_macro   0x00000000000137f6       0xa5 ./Core/Src/freertos.o
 .debug_macro   0x000000000001389b      0x15f ./Core/Src/freertos.o
 .debug_macro   0x00000000000139fa      0x287 ./Core/Src/freertos.o
 .debug_macro   0x0000000000013c81       0x5f ./Core/Src/freertos.o
 .debug_macro   0x0000000000013ce0      0x236 ./Core/Src/freertos.o
 .debug_macro   0x0000000000013f16      0x132 ./Core/Src/freertos.o
 .debug_macro   0x0000000000014048      0x264 ./Core/Src/freertos.o
 .debug_macro   0x00000000000142ac       0x2e ./Core/Src/freertos.o
 .debug_macro   0x00000000000142da      0x1b5 ./Core/Src/freertos.o
 .debug_macro   0x000000000001448f       0x22 ./Core/Src/freertos.o
 .debug_macro   0x00000000000144b1       0xd6 ./Core/Src/freertos.o
 .debug_macro   0x0000000000014587      0x127 ./Core/Src/freertos.o
 .debug_macro   0x00000000000146ae       0x85 ./Core/Src/freertos.o
 .debug_macro   0x0000000000014733       0x89 ./Core/Src/freertos.o
 .debug_macro   0x00000000000147bc      0x8ed ./Core/Src/freertos.o
 .debug_macro   0x00000000000150a9       0x47 ./Core/Src/freertos.o
 .debug_macro   0x00000000000150f0      0x126 ./Core/Src/freertos.o
 .debug_macro   0x0000000000015216      0x178 ./Core/Src/freertos.o
 .debug_macro   0x000000000001538e      0x1ec ./Core/Src/liquidcrystal_i2c.o
 .debug_macro   0x000000000001557a       0xd0 ./Core/Src/liquidcrystal_i2c.o
 .debug_macro   0x000000000001564a      0x34f ./Core/Src/main.o
 .debug_macro   0x0000000000015999       0xf1 ./Core/Src/main.o
 .debug_macro   0x0000000000015a8a       0x91 ./Core/Src/main.o
 .debug_macro   0x0000000000015b1b       0x8d ./Core/Src/main.o
 .debug_macro   0x0000000000015ba8       0x7e ./Core/Src/main.o
 .debug_macro   0x0000000000015c26       0x19 ./Core/Src/main.o
 .debug_macro   0x0000000000015c3f       0xf2 ./Core/Src/main.o
 .debug_macro   0x0000000000015d31       0xd6 ./Core/Src/main.o
 .debug_macro   0x0000000000015e07      0x2ce ./Core/Src/menuHandler.o
 .debug_macro   0x00000000000160d5       0x16 ./Core/Src/menuHandler.o
 .debug_macro   0x00000000000160eb      0x369 ./Core/Src/menuHandler.o
 .debug_macro   0x0000000000016454       0x10 ./Core/Src/menuHandler.o
 .debug_macro   0x0000000000016464       0x16 ./Core/Src/menuHandler.o
 .debug_macro   0x000000000001647a       0x16 ./Core/Src/menuHandler.o
 .debug_macro   0x0000000000016490      0x147 ./Core/Src/menuHandler.o
 .debug_macro   0x00000000000165d7      0x1ec ./Core/Src/stm32f4xx_hal_msp.o
 .debug_macro   0x00000000000167c3      0x1dd ./Core/Src/stm32f4xx_hal_timebase_tim.o
 .debug_macro   0x00000000000169a0      0x1f6 ./Core/Src/stm32f4xx_it.o
 .debug_macro   0x0000000000016b96       0xff ./Core/Src/sysmem.o