../Core/Src/main.c:98:5:main	160	static
../Core/Src/main.c:192:6:SystemClock_Config	88	static
../Core/Src/main.c:239:13:MX_I2C1_Init	8	static
../Core/Src/main.c:273:13:MX_TIM2_Init	32	static
../Core/Src/main.c:318:13:MX_TIM9_Init	40	static
../Core/Src/main.c:360:13:MX_GPIO_Init	56	static
../Core/Src/main.c:537:6:StartDefaultTask	16	static
../Core/Src/main.c:557:6:diodeDetector_Init	16	static
../Core/Src/main.c:601:6:holeState_Init	16	static
../Core/Src/main.c:646:6:displayMenu_Init	16	static
../Core/Src/main.c:723:6:pump	16	static
../Core/Src/main.c:736:6:pourInit	16	static
../Core/Src/main.c:784:6:HAL_TIM_PeriodElapsedCallback	16	static
../Core/Src/main.c:801:6:Error_Handler	4	static,ignoring_inline_asm
