../Core/Src/main.c:111:5:main	128	static
../Core/Src/main.c:198:6:SystemClock_Config	88	static
../Core/Src/main.c:245:13:MX_I2C1_Init	8	static
../Core/Src/main.c:279:13:MX_TIM2_Init	32	static
../Core/Src/main.c:324:13:MX_GPIO_Init	56	static
../Core/Src/main.c:479:6:StartDefaultTask	16	static
../Core/Src/main.c:504:6:diodeDetector_Init	16	static
../Core/Src/main.c:550:6:holeState_Init	16	static
../Core/Src/main.c:596:6:displayMenu_Init	16	static
../Core/Src/main.c:679:6:HAL_TIM_PeriodElapsedCallback	16	static
../Core/Src/main.c:696:6:Error_Handler	4	static,ignoring_inline_asm
