../Core/Src/main.c:104:5:main	128	static
../Core/Src/main.c:189:6:SystemClock_Config	88	static
../Core/Src/main.c:236:13:MX_I2C1_Init	8	static
../Core/Src/main.c:270:13:MX_GPIO_Init	56	static
../Core/Src/main.c:419:6:StartDefaultTask	16	static
../Core/Src/main.c:487:6:diodeDetector_Init	16	static
../Core/Src/main.c:531:6:holeState_Init	16	static
../Core/Src/main.c:575:6:displayMenu_Init	16	static
../Core/Src/main.c:655:6:HAL_TIM_PeriodElapsedCallback	16	static
../Core/Src/main.c:672:6:Error_Handler	4	static,ignoring_inline_asm
