../Core/Src/menuHandler.c:11:6:defaultMenu	8	static
../Core/Src/menuHandler.c:19:6:sub3Menu	8	static
../Core/Src/menuHandler.c:35:6:leftReact1	8	static
../Core/Src/menuHandler.c:42:6:rightReact1	8	static
../Core/Src/menuHandler.c:48:6:leftReact2	4	static
../Core/Src/menuHandler.c:52:6:rightReact2	4	static
../Core/Src/menuHandler.c:56:6:leftReact3	8	static
../Core/Src/menuHandler.c:64:6:rightReact3	8	static
../Core/Src/menuHandler.c:72:6:clickedReact1	16	static
../Core/Src/menuHandler.c:79:6:handleLeft	16	static
../Core/Src/menuHandler.c:84:6:handleRight	16	static
../Core/Src/menuHandler.c:89:6:handleClicked	16	static
