../Core/Src/menuHandler.c:10:6:defaultMenu	8	static
../Core/Src/menuHandler.c:18:6:sub3Menu	8	static
../Core/Src/menuHandler.c:34:6:leftReact1	8	static
../Core/Src/menuHandler.c:41:6:rightReact1	8	static
../Core/Src/menuHandler.c:47:6:leftReact2	4	static
../Core/Src/menuHandler.c:51:6:rightReact2	4	static
../Core/Src/menuHandler.c:55:6:leftReact3	4	static
../Core/Src/menuHandler.c:65:6:rightReact3	4	static
../Core/Src/menuHandler.c:75:6:handleLeft	16	static
../Core/Src/menuHandler.c:80:6:handleRight	16	static
