../Core/Src/menuHandler.c:21:6:menuError	8	static
../Core/Src/menuHandler.c:27:6:defaultMenu	8	static
../Core/Src/menuHandler.c:35:6:sub3Menu	8	static
../Core/Src/menuHandler.c:63:6:defaultMenuCursorPos1	8	static
../Core/Src/menuHandler.c:70:6:defaultMenuCursorPos2	8	static
../Core/Src/menuHandler.c:77:6:sub3MenuCursorPos1	8	static
../Core/Src/menuHandler.c:84:6:sub3MenuCursorPos2	8	static
../Core/Src/menuHandler.c:91:6:drinkAddCounter1	4	static
../Core/Src/menuHandler.c:95:6:drinkAddCounter2	4	static
../Core/Src/menuHandler.c:99:6:drinkAddCounter3	4	static
../Core/Src/menuHandler.c:103:6:drinkAddCounter4	4	static
../Core/Src/menuHandler.c:107:6:drinkCounterReset	4	static
../Core/Src/menuHandler.c:114:6:leftReact1	16	static
../Core/Src/menuHandler.c:121:6:rightReact1	16	static
../Core/Src/menuHandler.c:128:6:leftReact2	16	static
../Core/Src/menuHandler.c:132:6:rightReact2	16	static
../Core/Src/menuHandler.c:136:6:leftReact3	16	static
../Core/Src/menuHandler.c:143:6:rightReact3	16	static
../Core/Src/menuHandler.c:150:6:clickedReact1	16	static
../Core/Src/menuHandler.c:156:6:clickedReact2	16	static
../Core/Src/menuHandler.c:162:6:clickedReact3	16	static
../Core/Src/menuHandler.c:168:6:handleLeft	16	static
../Core/Src/menuHandler.c:172:6:handleRight	16	static
../Core/Src/menuHandler.c:176:6:handleClicked	16	static
