../Core/Src/menuHandler.c:27:6:menuError	8	static
../Core/Src/menuHandler.c:33:6:defaultMenu	8	static
../Core/Src/menuHandler.c:43:6:sub2Menu	16	static
../Core/Src/menuHandler.c:56:6:sub3Menu	8	static
../Core/Src/menuHandler.c:84:6:defaultMenuCursorPos1	8	static
../Core/Src/menuHandler.c:93:6:defaultMenuCursorPos2	8	static
../Core/Src/menuHandler.c:102:6:defaultMenuCursorPos3	8	static
../Core/Src/menuHandler.c:111:6:sub2MenuCursorPos1	8	static
../Core/Src/menuHandler.c:118:6:sub2MenuCursorPos2	8	static
../Core/Src/menuHandler.c:125:6:sub3MenuCursorPos1	8	static
../Core/Src/menuHandler.c:132:6:sub3MenuCursorPos2	8	static
../Core/Src/menuHandler.c:139:6:drinkAddCounter1	4	static
../Core/Src/menuHandler.c:143:6:drinkAddCounter2	4	static
../Core/Src/menuHandler.c:147:6:drinkAddCounter3	4	static
../Core/Src/menuHandler.c:151:6:drinkAddCounter4	4	static
../Core/Src/menuHandler.c:155:6:drinkCounterReset	4	static
../Core/Src/menuHandler.c:162:6:leftReact1	16	static
../Core/Src/menuHandler.c:170:6:rightReact1	16	static
../Core/Src/menuHandler.c:178:6:leftReact2	16	static
../Core/Src/menuHandler.c:198:6:rightReact2	16	static
../Core/Src/menuHandler.c:218:6:leftReact3	16	static
../Core/Src/menuHandler.c:226:6:rightReact3	16	static
../Core/Src/menuHandler.c:234:6:clickedReact1	16	static
../Core/Src/menuHandler.c:250:6:clickedReact3	16	static
../Core/Src/menuHandler.c:265:6:clickedReact2	16	static
../Core/Src/menuHandler.c:281:6:handleLeft	16	static
../Core/Src/menuHandler.c:285:6:handleRight	16	static
../Core/Src/menuHandler.c:289:6:handleClicked	16	static
